<html>
<body>
<pre>
<h1>礦ision Build Log</h1>
<h2>Tool Versions:</h2>
IDE-Version: μVision V5.42.0.0
Copyright (C) 2025 ARM Ltd and ARM Germany GmbH. All rights reserved.
License Information: ASUS,  , LIC=VGXG8-3QY65-63QMB-2LPI5-N40UZ-6ZSWP
 
Tool Versions:
Toolchain:       MDK-ARM Plus  Version: 5.42.0.0
Toolchain Path:  D:\mdk\ARM\ARMCC\Bin
C Compiler:      Armcc.exe V5.06 update 7 (build 960)
Assembler:       Armasm.exe V5.06 update 7 (build 960)
Linker/Locator:  ArmLink.exe V5.06 update 7 (build 960)
Library Manager: ArmAr.exe V5.06 update 7 (build 960)
Hex Converter:   FromElf.exe V5.06 update 7 (build 960)
CPU DLL:         SARMCM3.DLL V5.42.0.0
Dialog DLL:      DCM.DLL V1.17.5.0
Target DLL:      CMSIS_AGDI.dll V1.33.22.0
Dialog DLL:      TCM.DLL V1.56.6.0
 
<h2>Project:</h2>
D:\RM\队内\lianmeng\lianmeng\Hero_Combine_Board\MDK-ARM\Hero_Combine_Board.uvprojx
Project File Date:  05/18/2025

<h2>Output:</h2>
*** Using Compiler 'V5.06 update 7 (build 960)', folder: 'D:\mdk\ARM\ARMCC\Bin'
Build target 'Hero_Combine_Board'
assembling startup_stm32h743xx.s...
compiling stm32h7xx_hal_timebase_tim.c...
compiling memorymap.c...
compiling tim.c...
compiling usart.c...
compiling i2c.c...
compiling usb_device.c...
compiling fdcan.c...
compiling rtc.c...
compiling spi.c...
compiling stm32h7xx_hal_msp.c...
compiling dma.c...
compiling gpio.c...
compiling main.c...
compiling freertos.c...
compiling stm32h7xx_hal_flash_ex.c...
compiling stm32h7xx_hal_pcd_ex.c...
compiling stm32h7xx_hal_tim_ex.c...
compiling usbd_cdc_if.c...
compiling stm32h7xx_hal_flash.c...
compiling usbd_desc.c...
compiling stm32h7xx_hal_hsem.c...
compiling stm32h7xx_hal_pcd.c...
compiling stm32h7xx_hal_rcc.c...
compiling stm32h7xx_hal_gpio.c...
compiling stm32h7xx_hal_tim.c...
compiling stm32h7xx_ll_usb.c...
compiling usbd_conf.c...
compiling stm32h7xx_it.c...
compiling stm32h7xx_hal_rcc_ex.c...
compiling stm32h7xx_hal_exti.c...
compiling stm32h7xx_hal_rtc_ex.c...
compiling stm32h7xx_hal_rtc.c...
compiling stm32h7xx_hal_pwr.c...
compiling croutine.c...
compiling stm32h7xx_hal_dma_ex.c...
compiling event_groups.c...
compiling list.c...
compiling stm32h7xx_hal_mdma.c...
compiling queue.c...
compiling tasks.c...
compiling stream_buffer.c...
compiling stm32h7xx_hal_pwr_ex.c...
compiling timers.c...
compiling stm32h7xx_hal_spi_ex.c...
compiling heap_4.c...
compiling stm32h7xx_hal.c...
compiling port.c...
compiling cmsis_os.c...
compiling stm32h7xx_hal_fdcan.c...
compiling stm32h7xx_hal_cortex.c...
compiling stm32h7xx_hal_i2c_ex.c...
compiling stm32h7xx_hal_spi.c...
compiling SpeedRamp.c...
..\Algorithm\Algorithm.c\SpeedRamp.c(41): warning:  #223-D: function "abs" declared implicitly
  	if (abs(SpeedRamp->count) < abs(SpeedRamp->rate))
..\Algorithm\Algorithm.c\SpeedRamp.c: 1 warning, 0 errors
compiling stm32h7xx_hal_dma.c...
compiling user_lib.c...
compiling stm32h7xx_hal_i2c.c...
compiling stm32h7xx_hal_uart_ex.c...
compiling stm32h7xx_hal_uart.c...
compiling system_stm32h7xx.c...
compiling FuzzyPID.c...
..\Algorithm\Algorithm.c\FuzzyPID.c(202): warning:  #1-D: last line of file ends without a newline
  }
..\Algorithm\Algorithm.c\FuzzyPID.c: 1 warning, 0 errors
compiling FeedForward.c...
compiling Devices_Online_Check.c...
compiling pid.c...
compiling usbd_cdc.c...
compiling CRC.c...
compiling kalman_filter.c...
compiling Cloud_Control.c...
..\APPs\APPs.c\Cloud_Control.c(309): warning:  #177-D: variable "data"  was declared but never referenced
  	uint8_t data[8] = { 0 };
..\APPs\APPs.c\Cloud_Control.c: 1 warning, 0 errors
compiling usbd_core.c...
compiling usbd_ctlreq.c...
compiling usbd_ioreq.c...
compiling Parabola.c...
compiling Time_Stamp.c...
compiling Mecanum_Chassis.c...
..\APPs\APPs.c\Mecanum_Chassis.c(159): warning:  #1-D: last line of file ends without a newline
  }
..\APPs\APPs.c\Mecanum_Chassis.c: 1 warning, 0 errors
compiling FrictionWheel.c...
compiling Dial.c...
..\APPs\APPs.c\Dial.c(25): warning:  #68-D: integer conversion resulted in a change of sign
  Dial_Data_t Dial_Data = Dial_DataGroundInit;
..\APPs\APPs.c\Dial.c: 1 warning, 0 errors
compiling PowerControl.c...
compiling BSP_Fdcan.c...
compiling M2006_Motor.c...
compiling bsp_delay.c...
compiling BSP_BoardCommunication.c...
..\BSP\BSP.c\BSP_BoardCommunication.c(105): warning:  #177-D: variable "AutoAim_Offset"  was declared but never referenced
  	static float AutoAim_Offset = 0;
..\BSP\BSP.c\BSP_BoardCommunication.c(154): warning:  #177-D: function "R4"  was declared but never referenced
  static float R4(uint8_t *p) {float r; memcpy(&r, p, 4); return r;}
..\BSP\BSP.c\BSP_BoardCommunication.c: 2 warnings, 0 errors
compiling BSP_Test.c...
..\BSP\BSP.c\BSP_Test.c(79): warning:  #177-D: function "R4"  was declared but never referenced
  static float R4(uint8_t *p) {float r; memcpy(&r, p, 4); return r;}
..\BSP\BSP.c\BSP_Test.c: 1 warning, 0 errors
compiling DT7.c...
..\Devices\Devices.c\DT7.c(22): warning:  #177-D: variable "Rotate_RampRate"  was declared but never referenced
  static int Rotate_RampRate = 30;
..\Devices\Devices.c\DT7.c(343): warning:  #177-D: variable "F_Lock"  was declared but never referenced
  static int F_Lock=0;
..\Devices\Devices.c\DT7.c(344): warning:  #177-D: variable "ctrl_Lock"  was declared but never referenced
  static int ctrl_Lock=0;
..\Devices\Devices.c\DT7.c: 3 warnings, 0 errors
compiling M6020_Motor.c...
compiling M3508_Motor.c...
compiling Shoot.c...
compiling BSP_Usart.c...
..\BSP\BSP.c\BSP_Usart.c(28): warning:  #177-D: variable "Saber_Montage_Flag"  was declared but never referenced
  	static uint8_t Saber_Montage_Flag = 0;            //表示陀螺仪数据的拼接起点
..\BSP\BSP.c\BSP_Usart.c: 1 warning, 0 errors
compiling BasicMathFunctionsF16.c...
compiling BayesFunctions.c...
compiling BasicMathFunctions.c...
compiling BayesFunctionsF16.c...
compiling CommonTablesF16.c...
compiling ComplexMathFunctions.c...
compiling CommonTables.c...
compiling ComplexMathFunctionsF16.c...
compiling ControllerFunctions.c...
compiling DistanceFunctionsF16.c...
compiling DistanceFunctions.c...
D:/mdk/ARM/Packs/ARM/CMSIS-DSP/1.16.2/Source/DistanceFunctions/DistanceFunctions.c(54): warning:  #1-D: last line of file ends without a newline
  #include "arm_dtw_init_window_q7.c"
D:/mdk/ARM/Packs/ARM/CMSIS-DSP/1.16.2/Source/DistanceFunctions/DistanceFunctions.c: 1 warning, 0 errors
compiling FastMathFunctionsF16.c...
D:/mdk/ARM/Packs/ARM/CMSIS-DSP/1.16.2/Source/FastMathFunctions/arm_vexp_f16.c(95): warning:  #1-D: last line of file ends without a newline
   */
D:/mdk/ARM/Packs/ARM/CMSIS-DSP/1.16.2/Source/FastMathFunctions/FastMathFunctionsF16.c: 1 warning, 0 errors
compiling FastMathFunctions.c...
D:/mdk/ARM/Packs/ARM/CMSIS-DSP/1.16.2/Source/FastMathFunctions/arm_vexp_f32.c(122): warning:  #1-D: last line of file ends without a newline
   */
D:/mdk/ARM/Packs/ARM/CMSIS-DSP/1.16.2/Source/FastMathFunctions/FastMathFunctions.c: 1 warning, 0 errors
compiling FilteringFunctionsF16.c...
compiling InterpolationFunctions.c...
compiling InterpolationFunctionsF16.c...
compiling MatrixFunctionsF16.c...
D:/mdk/ARM/Packs/ARM/CMSIS-DSP/1.16.2/Source/MatrixFunctions/MatrixFunctionsF16.c(43): warning:  #1-D: last line of file ends without a newline
  #include "arm_householder_f16.c"
D:/mdk/ARM/Packs/ARM/CMSIS-DSP/1.16.2/Source/MatrixFunctions/MatrixFunctionsF16.c: 1 warning, 0 errors
compiling MatrixFunctions.c...
compiling QuaternionMathFunctions.c...
compiling FilteringFunctions.c...
compiling SVMFunctions.c...
compiling SVMFunctionsF16.c...
compiling StatisticsFunctionsF16.c...
compiling StatisticsFunctions.c...
compiling SupportFunctions.c...
compiling SupportFunctionsF16.c...
compiling TransformFunctionsF16.c...
D:/mdk/ARM/Packs/ARM/CMSIS-DSP/1.16.2/Source/TransformFunctions/arm_cfft_init_f16.c(354): warning:  #1-D: last line of file ends without a newline
   */
D:/mdk/ARM/Packs/ARM/CMSIS-DSP/1.16.2/Source/TransformFunctions/TransformFunctionsF16.c: 1 warning, 0 errors
compiling WindowFunctions.c...
compiling TransformFunctions.c...
D:/mdk/ARM/Packs/ARM/CMSIS-DSP/1.16.2/Source/TransformFunctions/arm_cfft_init_f64.c(286): warning:  #1-D: last line of file ends without a newline
   */
D:/mdk/ARM/Packs/ARM/CMSIS-DSP/1.16.2/Source/TransformFunctions/arm_cfft_init_q15.c(338): warning:  #1-D: last line of file ends without a newline
   */
D:/mdk/ARM/Packs/ARM/CMSIS-DSP/1.16.2/Source/TransformFunctions/arm_cfft_init_q31.c(341): warning:  #1-D: last line of file ends without a newline
   */
D:/mdk/ARM/Packs/ARM/CMSIS-DSP/1.16.2/Source/TransformFunctions/arm_rfft_fast_init_f32.c(312): warning:  #111-D: statement is unreachable
      break;
D:/mdk/ARM/Packs/ARM/CMSIS-DSP/1.16.2/Source/TransformFunctions/arm_rfft_fast_init_f64.c(316): warning:  #111-D: statement is unreachable
      break;
D:/mdk/ARM/Packs/ARM/CMSIS-DSP/1.16.2/Source/TransformFunctions/TransformFunctions.c: 5 warnings, 0 errors
compiling Protocol_Judgement.c...
compiling Saber_C3.c...
compiling Task_Sampling.c...
compiling Task_Online_Check.c...
compiling J4310_Motor.c...
..\Devices\Devices.c\J4310_Motor.c(58): warning:  #1035-D: single-precision operand implicitly converted to double-precision
  	 float Postion = uq1 / 8192 * 2 * Pi;
..\Devices\Devices.c\J4310_Motor.c(164): warning:  #1035-D: single-precision operand implicitly converted to double-precision
  		J4310_Array[StdId]->realAngle = J4310_Array[StdId]->realAngle/2*3.1415927*36.f;
..\Devices\Devices.c\J4310_Motor.c: 2 warnings, 0 errors
compiling Task_RobotUI.c...
..\Tasks\Tasks.c\Task_RobotUI.c(99): warning:  #1035-D: single-precision operand implicitly converted to double-precision
  			CAP_Ratio =  PowerControl_Data.Cap_U * 100.0/25.0;
..\Tasks\Tasks.c\Task_RobotUI.c: 1 warning, 0 errors
compiling UI.c...
compiling Task_FdcanReceive.c...
compiling Task_CommunicateWithPC.c...
compiling Task_FdcanSend.c...
compiling Task_RobotControl.c...
compiling Protocol_UpperComputer.c...
linking...
Program Size: Code=84624 RO-data=3696 RW-data=1188 ZI-data=39836  
FromELF: creating hex file...
"Hero_Combine_Board\Hero_Combine_Board.axf" - 0 Error(s), 25 Warning(s).

<h2>Software Packages used:</h2>

Package Vendor: ARM
                https://www.keil.com/pack/ARM.CMSIS.6.1.0.pack
                ARM::CMSIS@6.1.0
                CMSIS (Common Microcontroller Software Interface Standard)
   * Component: CORE Version: 6.1.0

Package Vendor: ARM
                https://www.keil.com/pack/ARM.CMSIS-DSP.1.16.2.pack
                ARM::CMSIS-DSP@1.16.2
                CMSIS Embedded Compute Library
   * Component: DSP Variant: Source Version: 1.16.2

Package Vendor: Keil
                https://www.keil.com/pack/Keil.STM32H7xx_DFP.4.0.0.pack
                Keil::STM32H7xx_DFP@4.0.0
                STMicroelectronics STM32H7 Series Device Support

<h2>Collection of Component include folders:</h2>
  ./RTE/_Hero_Combine_Board
  D:/mdk/ARM/Packs/ARM/CMSIS-DSP/1.16.2/Include
  D:/mdk/ARM/Packs/ARM/CMSIS-DSP/1.16.2/PrivateInclude
  D:/mdk/ARM/Packs/ARM/CMSIS/6.1.0/CMSIS/Core/Include

<h2>Collection of Component Files used:</h2>

   * Component: ARM::CMSIS:CORE@6.1.0
      Include file:  CMSIS/Core/Include/tz_context.h

   * Component: ARM::CMSIS:DSP&Source@1.16.2
      Source file:   Source/FastMathFunctions/FastMathFunctions.c
      Include file:  Include/arm_math.h
      Include file:  Include/arm_const_structs_f16.h
      Source file:   Source/QuaternionMathFunctions/QuaternionMathFunctions.c
      Source file:   Source/CommonTables/CommonTables.c
      Include file:  Include/arm_math_f16.h
      Include file:  Include/arm_common_tables.h
      Source file:   Source/BasicMathFunctions/BasicMathFunctions.c
      Include file:  Include/arm_common_tables_f16.h
      Source file:   Source/BayesFunctions/BayesFunctions.c
      Source file:   Source/ComplexMathFunctions/ComplexMathFunctions.c
      Include file:  Include/arm_const_structs.h
      Source file:   Source/ControllerFunctions/ControllerFunctions.c
      Source file:   Source/DistanceFunctions/DistanceFunctions.c
      Source file:   Source/SVMFunctions/SVMFunctions.c
      Source file:   Source/MatrixFunctions/MatrixFunctions.c
      Source file:   Source/TransformFunctions/TransformFunctions.c
      Source file:   Source/SupportFunctions/SupportFunctionsF16.c
      Source file:   Source/WindowFunctions/WindowFunctions.c
      Source file:   Source/InterpolationFunctions/InterpolationFunctionsF16.c
      Source file:   Source/BasicMathFunctions/BasicMathFunctionsF16.c
      Source file:   Source/CommonTables/CommonTablesF16.c
      Source file:   Source/FastMathFunctions/FastMathFunctionsF16.c
      Source file:   Source/MatrixFunctions/MatrixFunctionsF16.c
      Source file:   Source/BayesFunctions/BayesFunctionsF16.c
      Source file:   Source/FilteringFunctions/FilteringFunctions.c
      Source file:   Source/SupportFunctions/SupportFunctions.c
      Source file:   Source/TransformFunctions/TransformFunctionsF16.c
      Source file:   Source/StatisticsFunctions/StatisticsFunctionsF16.c
      Source file:   Source/SVMFunctions/SVMFunctionsF16.c
      Source file:   Source/InterpolationFunctions/InterpolationFunctions.c
      Source file:   Source/StatisticsFunctions/StatisticsFunctions.c
      Source file:   Source/ComplexMathFunctions/ComplexMathFunctionsF16.c
      Source file:   Source/FilteringFunctions/FilteringFunctionsF16.c
      Source file:   Source/DistanceFunctions/DistanceFunctionsF16.c
Build Time Elapsed:  00:02:56
</pre>
</body>
</html>
