<html>
<body>
<pre>
<h1>µVision Build Log</h1>
<h2>Tool Versions:</h2>
IDE-Version: ¶ÃVision V5.42.0.0
Copyright (C) 2025 ARM Ltd and ARM Germany GmbH. All rights reserved.
License Information: x –Ì∫≠∑…, t, LIC=FYKYW-Q8XSY-EVG1R-K6C5C-6XJRA-WFUDC
 
Tool Versions:
Toolchain:       MDK-ARM Plus  Version: 5.42.0.0
Toolchain Path:  D:\ProgramFile\MDK\Core\ARM\ARMCC\Bin
C Compiler:      Armcc.exe V5.06 update 7 (build 960)
Assembler:       Armasm.exe V5.06 update 7 (build 960)
Linker/Locator:  ArmLink.exe V5.06 update 7 (build 960)
Library Manager: ArmAr.exe V5.06 update 7 (build 960)
Hex Converter:   FromElf.exe V5.06 update 7 (build 960)
CPU DLL:         SARMCM3.DLL V5.42.0.0
Dialog DLL:      DCM.DLL V1.17.5.0
Target DLL:      CMSIS_AGDI.dll V1.33.22.0
Dialog DLL:      TCM.DLL V1.56.6.0
 
<h2>Project:</h2>
D:\transistor’Ω∂”\26-transistor-codes\Engineer_Arm_A_26\MDK-ARM\Engineer_Arm_A_26.uvprojx
Project File Date:  10/01/2025

<h2>Output:</h2>
*** Using Compiler 'V5.06 update 7 (build 960)', folder: 'D:\ProgramFile\MDK\Core\ARM\ARMCC\Bin'
Rebuild target 'Engineer_Arm_A_26'
assembling startup_stm32f427xx.s...
compiling sys.c...
compiling Task_CanSend.c...
compiling BSP_Delay.c...
compiling Task_Vofa.c...
compiling Task_ArmControl.c...
compiling BSP_led.c...
compiling vofa.c...
compiling pid.c...
..\Algorithm\Algorithm.c\pid.c(172): warning:  #1-D: last line of file ends without a newline
  }
..\Algorithm\Algorithm.c\pid.c: 1 warning, 0 errors
compiling Arm_Control.c...
..\Apps\Apps.c\Arm_Control.c(112): warning:  #1-D: last line of file ends without a newline
  }
..\Apps\Apps.c\Arm_Control.c: 1 warning, 0 errors
compiling DT7.c...
compiling DJ_Motor.c...
compiling BSP_Usart.c...
compiling Task_LED.c...
compiling BSP_Can.c...
compiling Task_CanReceive.c...
..\Tasks\Tasks.c\Task_CanReceive.c(23): warning:  #550-D: variable "ID"  was set but never used
    uint32_t ID;
..\Tasks\Tasks.c\Task_CanReceive.c: 1 warning, 0 errors
compiling DM_Motor.c...
compiling stm32f4xx_it.c...
compiling gpio.c...
compiling usart.c...
compiling tim.c...
compiling main.c...
compiling can.c...
compiling freertos.c...
compiling stm32f4xx_hal_tim.c...
compiling dma.c...
compiling stm32f4xx_hal_msp.c...
compiling stm32f4xx_hal_rcc_ex.c...
compiling stm32f4xx_hal_timebase_tim.c...
compiling stm32f4xx_hal_can.c...
compiling croutine.c...
compiling event_groups.c...
compiling list.c...
compiling stm32f4xx_hal_tim_ex.c...
compiling queue.c...
compiling stm32f4xx_hal_rcc.c...
compiling stream_buffer.c...
compiling timers.c...
compiling tasks.c...
compiling heap_4.c...
compiling cmsis_os.c...
compiling stm32f4xx_hal_flash.c...
compiling port.c...
compiling stm32f4xx_hal_gpio.c...
compiling stm32f4xx_hal_dma_ex.c...
compiling stm32f4xx_hal_pwr.c...
compiling stm32f4xx_hal_dma.c...
compiling stm32f4xx_hal_flash_ramfunc.c...
compiling stm32f4xx_hal_pwr_ex.c...
compiling stm32f4xx_hal.c...
compiling stm32f4xx_hal_cortex.c...
compiling stm32f4xx_hal_flash_ex.c...
compiling stm32f4xx_hal_uart.c...
compiling system_stm32f4xx.c...
compiling stm32f4xx_hal_exti.c...
linking...
Program Size: Code=19404 RO-data=796 RW-data=268 ZI-data=19388  
FromELF: creating hex file...
"Engineer_Arm_A_26\Engineer_Arm_A_26.axf" - 0 Error(s), 3 Warning(s).

<h2>Software Packages used:</h2>

Package Vendor: ARM
                https://www.keil.com/pack/ARM.CMSIS.6.1.0.pack
                ARM::CMSIS@6.1.0
                CMSIS (Common Microcontroller Software Interface Standard)
   * Component: CORE Version: 6.1.0

Package Vendor: Keil
                https://www.keil.com/pack/Keil.STM32F4xx_DFP.3.0.0.pack
                Keil::STM32F4xx_DFP@3.0.0
                STMicroelectronics STM32F4 Series Device Support

<h2>Collection of Component include folders:</h2>
  ./RTE/_Engineer_Arm_A_26
  D:/ProgramFile/MDK/Packs/ARM/CMSIS/6.1.0/CMSIS/Core/Include

<h2>Collection of Component Files used:</h2>

   * Component: ARM::CMSIS:CORE@6.1.0
Build Time Elapsed:  00:00:25
</pre>
</body>
</html>
