<html>
<body>
<pre>
<h1>µVision Build Log</h1>
<h2>Tool Versions:</h2>
IDE-Version: ¦ÌVision V5.39.0.0
Copyright (C) 2023 ARM Ltd and ARM Germany GmbH. All rights reserved.
License Information: 1 lenovo-y00, 1, LIC=47GU5-GIG0L-HL9CL-07YFD-ECBLS-B7JY4
 
Tool Versions:
Toolchain:       MDK-ARM Plus  Version: 5.39.0.0
Toolchain Path:  D:\Keil\core\ARM\ARMCC\Bin
C Compiler:      Armcc.exe V5.06 update 6 (build 750)
Assembler:       Armasm.exe V5.06 update 6 (build 750)
Linker/Locator:  ArmLink.exe V5.06 update 6 (build 750)
Library Manager: ArmAr.exe V5.06 update 6 (build 750)
Hex Converter:   FromElf.exe V5.06 update 6 (build 750)
CPU DLL:         SARMCM3.DLL V5.39.0.0
Dialog DLL:      DCM.DLL V1.17.5.0
Target DLL:      CMSIS_AGDI.dll V1.33.16.0
Dialog DLL:      TCM.DLL V1.56.4.0
 
<h2>Project:</h2>
D:\Robomaster\2025\H7_new\RM2025_Strong-Hero-Master\lianmeng\NEW\Chassis on H7(1)\Chassis on H7\MDK-ARM\Chassis_Hero.uvprojx
Project File Date:  03/11/2025

<h2>Output:</h2>
*** Using Compiler 'V5.06 update 6 (build 750)', folder: 'D:\Keil\core\ARM\ARMCC\Bin'
Build target 'Chassis_Hero'
assembling startup_stm32h743xx.s...
compiling usart.c...
compiling main.c...
compiling gpio.c...
compiling dma.c...
compiling freertos.c...
compiling stm32h7xx_hal_msp.c...
compiling stm32h7xx_hal_timebase_tim.c...
compiling memorymap.c...
compiling stm32h7xx_it.c...
compiling tim.c...
compiling fdcan.c...
compiling stm32h7xx_hal_cortex.c...
compiling stm32h7xx_hal_tim_ex.c...
compiling stm32h7xx_hal_tim.c...
compiling stm32h7xx_hal_rcc.c...
compiling stm32h7xx_hal_flash.c...
compiling stm32h7xx_hal_fdcan.c...
compiling stm32h7xx_hal_rcc_ex.c...
compiling stm32h7xx_hal_flash_ex.c...
compiling stm32h7xx_hal_gpio.c...
compiling stm32h7xx_hal_hsem.c...
compiling stm32h7xx_hal_dma.c...
compiling stm32h7xx_hal_dma_ex.c...
compiling stm32h7xx_hal_mdma.c...
compiling stm32h7xx_hal_pwr.c...
compiling stm32h7xx_hal_pwr_ex.c...
compiling stm32h7xx_hal.c...
compiling stm32h7xx_hal_i2c_ex.c...
compiling stm32h7xx_hal_i2c.c...
compiling stm32h7xx_hal_exti.c...
compiling croutine.c...
compiling event_groups.c...
compiling stm32h7xx_hal_uart.c...
compiling system_stm32h7xx.c...
compiling list.c...
compiling stm32h7xx_hal_uart_ex.c...
compiling queue.c...
compiling stream_buffer.c...
compiling tasks.c...
compiling timers.c...
compiling heap_4.c...
compiling cmsis_os.c...
compiling port.c...
compiling BoardCommunication.c...
compiling bsp_fdcan.c...
compiling bsp_usart.c...
compiling OffLineCheck.c...
compiling motor.c...
compiling DT7.c...
compiling PowerControl.c...
compiling IMU.c...
compiling RobotControl.c...
compiling task_init.c...
compiling chassis.c...
compiling climb_stair.c...
compiling SpeedRamp.c...
compiling fuzzy_pid.c...
compiling kalman_filter.c...
compiling pid.c...
compiling Protocol_Judgement.c...
compiling PowerBank.c...
compiling UI.c...
compiling BayesFunctions.c...
compiling BasicMathFunctionsF16.c...
compiling BasicMathFunctions.c...
compiling BayesFunctionsF16.c...
compiling CommonTablesF16.c...
compiling ComplexMathFunctions.c...
compiling ComplexMathFunctionsF16.c...
compiling ControllerFunctions.c...
compiling DistanceFunctions.c...
D:/Keil/pack/ARM/CMSIS-DSP/1.16.2/Source/DistanceFunctions/DistanceFunctions.c(54): warning:  #1-D: last line of file ends without a newline
  #include "arm_dtw_init_window_q7.c"
D:/Keil/pack/ARM/CMSIS-DSP/1.16.2/Source/DistanceFunctions/DistanceFunctions.c: 1 warning, 0 errors
compiling CommonTables.c...
compiling DistanceFunctionsF16.c...
compiling FastMathFunctions.c...
D:/Keil/pack/ARM/CMSIS-DSP/1.16.2/Source/FastMathFunctions/arm_vexp_f32.c(122): warning:  #1-D: last line of file ends without a newline
   */
D:/Keil/pack/ARM/CMSIS-DSP/1.16.2/Source/FastMathFunctions/FastMathFunctions.c: 1 warning, 0 errors
compiling FastMathFunctionsF16.c...
D:/Keil/pack/ARM/CMSIS-DSP/1.16.2/Source/FastMathFunctions/arm_vexp_f16.c(95): warning:  #1-D: last line of file ends without a newline
   */
D:/Keil/pack/ARM/CMSIS-DSP/1.16.2/Source/FastMathFunctions/FastMathFunctionsF16.c: 1 warning, 0 errors
compiling FilteringFunctionsF16.c...
compiling InterpolationFunctions.c...
compiling InterpolationFunctionsF16.c...
compiling MatrixFunctionsF16.c...
D:/Keil/pack/ARM/CMSIS-DSP/1.16.2/Source/MatrixFunctions/MatrixFunctionsF16.c(43): warning:  #1-D: last line of file ends without a newline
  #include "arm_householder_f16.c"
D:/Keil/pack/ARM/CMSIS-DSP/1.16.2/Source/MatrixFunctions/MatrixFunctionsF16.c: 1 warning, 0 errors
compiling QuaternionMathFunctions.c...
compiling SVMFunctions.c...
compiling SVMFunctionsF16.c...
compiling MatrixFunctions.c...
compiling StatisticsFunctionsF16.c...
compiling SupportFunctions.c...
compiling StatisticsFunctions.c...
compiling SupportFunctionsF16.c...
compiling TransformFunctionsF16.c...
D:/Keil/pack/ARM/CMSIS-DSP/1.16.2/Source/TransformFunctions/arm_cfft_init_f16.c(354): warning:  #1-D: last line of file ends without a newline
   */
D:/Keil/pack/ARM/CMSIS-DSP/1.16.2/Source/TransformFunctions/TransformFunctionsF16.c: 1 warning, 0 errors
compiling FilteringFunctions.c...
compiling WindowFunctions.c...
compiling TransformFunctions.c...
D:/Keil/pack/ARM/CMSIS-DSP/1.16.2/Source/TransformFunctions/arm_cfft_init_f64.c(286): warning:  #1-D: last line of file ends without a newline
   */
D:/Keil/pack/ARM/CMSIS-DSP/1.16.2/Source/TransformFunctions/arm_cfft_init_q15.c(338): warning:  #1-D: last line of file ends without a newline
   */
D:/Keil/pack/ARM/CMSIS-DSP/1.16.2/Source/TransformFunctions/arm_cfft_init_q31.c(341): warning:  #1-D: last line of file ends without a newline
   */
D:/Keil/pack/ARM/CMSIS-DSP/1.16.2/Source/TransformFunctions/arm_rfft_fast_init_f32.c(312): warning:  #111-D: statement is unreachable
      break;
D:/Keil/pack/ARM/CMSIS-DSP/1.16.2/Source/TransformFunctions/arm_rfft_fast_init_f64.c(316): warning:  #111-D: statement is unreachable
      break;
D:/Keil/pack/ARM/CMSIS-DSP/1.16.2/Source/TransformFunctions/TransformFunctions.c: 5 warnings, 0 errors
linking...
Program Size: Code=55488 RO-data=2728 RW-data=1024 ZI-data=23600  
FromELF: creating hex file...
".\Chassis_Hero\Chassis_Hero.axf" - 0 Error(s), 10 Warning(s).

<h2>Software Packages used:</h2>

Package Vendor: ARM
                https://www.keil.com/pack/ARM.CMSIS.6.1.0.pack
                ARM::CMSIS@6.1.0
                CMSIS (Common Microcontroller Software Interface Standard)
   * Component: CORE Version: 6.1.0

Package Vendor: ARM
                https://www.keil.com/pack/ARM.CMSIS-DSP.1.16.2.pack
                ARM::CMSIS-DSP@1.16.2
                CMSIS Embedded Compute Library
   * Component: DSP Variant: Source Version: 1.16.2

Package Vendor: Keil
                https://www.keil.com/pack/Keil.STM32H7xx_DFP.4.0.0.pack
                Keil::STM32H7xx_DFP@4.0.0
                STMicroelectronics STM32H7 Series Device Support

<h2>Collection of Component include folders:</h2>
  ./RTE/_Chassis_Hero
  D:/Keil/pack/ARM/CMSIS-DSP/1.16.2/Include
  D:/Keil/pack/ARM/CMSIS-DSP/1.16.2/PrivateInclude
  D:/Keil/pack/ARM/CMSIS/6.1.0/CMSIS/Core/Include

<h2>Collection of Component Files used:</h2>

   * Component: ARM::CMSIS:CORE@6.1.0
      Include file:  CMSIS/Core/Include/tz_context.h

   * Component: ARM::CMSIS:DSP&Source@1.16.2
      Include file:  Include/arm_const_structs_f16.h
      Include file:  Include/arm_common_tables.h
      Include file:  Include/arm_common_tables_f16.h
      Include file:  Include/arm_math_f16.h
      Include file:  Include/arm_const_structs.h
      Include file:  Include/arm_math.h
      Source file:   Source/ComplexMathFunctions/ComplexMathFunctions.c
      Source file:   Source/MatrixFunctions/MatrixFunctionsF16.c
      Source file:   Source/ControllerFunctions/ControllerFunctions.c
      Source file:   Source/InterpolationFunctions/InterpolationFunctions.c
      Source file:   Source/CommonTables/CommonTablesF16.c
      Source file:   Source/BasicMathFunctions/BasicMathFunctionsF16.c
      Source file:   Source/SupportFunctions/SupportFunctions.c
      Source file:   Source/StatisticsFunctions/StatisticsFunctionsF16.c
      Source file:   Source/DistanceFunctions/DistanceFunctionsF16.c
      Source file:   Source/DistanceFunctions/DistanceFunctions.c
      Source file:   Source/MatrixFunctions/MatrixFunctions.c
      Source file:   Source/StatisticsFunctions/StatisticsFunctions.c
      Source file:   Source/FilteringFunctions/FilteringFunctionsF16.c
      Source file:   Source/QuaternionMathFunctions/QuaternionMathFunctions.c
      Source file:   Source/BayesFunctions/BayesFunctions.c
      Source file:   Source/SVMFunctions/SVMFunctions.c
      Source file:   Source/TransformFunctions/TransformFunctions.c
      Source file:   Source/WindowFunctions/WindowFunctions.c
      Source file:   Source/TransformFunctions/TransformFunctionsF16.c
      Source file:   Source/SupportFunctions/SupportFunctionsF16.c
      Source file:   Source/FilteringFunctions/FilteringFunctions.c
      Source file:   Source/FastMathFunctions/FastMathFunctionsF16.c
      Source file:   Source/BayesFunctions/BayesFunctionsF16.c
      Source file:   Source/SVMFunctions/SVMFunctionsF16.c
      Source file:   Source/InterpolationFunctions/InterpolationFunctionsF16.c
      Source file:   Source/BasicMathFunctions/BasicMathFunctions.c
      Source file:   Source/FastMathFunctions/FastMathFunctions.c
      Source file:   Source/ComplexMathFunctions/ComplexMathFunctionsF16.c
      Source file:   Source/CommonTables/CommonTables.c
Build Time Elapsed:  00:00:09
</pre>
</body>
</html>
