<html>
<body>
<pre>
<h1>µVision Build Log</h1>
<h2>Tool Versions:</h2>
IDE-Version: ¦ÌVision V5.38.0.0
Copyright (C) 2022 ARM Ltd and ARM Germany GmbH. All rights reserved.
License Information: ÖÓ Ã÷, bua, LIC=RC93N-YW402-WFAI7-EGVBA-UYXSS-7SVYU
 
Tool Versions:
Toolchain:       MDK-ARM Plus  Version: 5.38.0.0
Toolchain Path:  E:\ProgramFile\MDK\core\ARM\ARMCC\Bin
C Compiler:      Armcc.exe V5.06 update 7 (build 960)
Assembler:       Armasm.exe V5.06 update 7 (build 960)
Linker/Locator:  ArmLink.exe V5.06 update 7 (build 960)
Library Manager: ArmAr.exe V5.06 update 7 (build 960)
Hex Converter:   FromElf.exe V5.06 update 7 (build 960)
CPU DLL:         SARMCM3.DLL V5.38.0.0
Dialog DLL:      DCM.DLL V1.17.5.0
Target DLL:      CMSIS_AGDI.dll V1.33.15.0
Dialog DLL:      TCM.DLL V1.56.4.0
 
<h2>Project:</h2>
E:\rm\work_now\Hero_Board2_C _26£¨yaw_test£©\MDK-ARM\DraftOfOmniWheel.uvprojx
Project File Date:  09/14/2025

<h2>Output:</h2>
*** Using Compiler 'V5.06 update 7 (build 960)', folder: 'E:\ProgramFile\MDK\core\ARM\ARMCC\Bin'
Build target 'DraftOfOmniWheel'
compiling M6020_Motor.c...
../Devices/Devices.h/M6020_Motor.h(101): warning:  #1-D: last line of file ends without a newline
  #endif /* __M6020_MOTOR_H */
..\Devices\Devices.c\M6020_Motor.c(121): warning:  #1-D: last line of file ends without a newline
  }
..\Devices\Devices.c\M6020_Motor.c: 2 warnings, 0 errors
compiling Saber_C3.c...
../Devices/Devices.h/M6020_Motor.h(101): warning:  #1-D: last line of file ends without a newline
  #endif /* __M6020_MOTOR_H */
..\Devices\Devices.c\Saber_C3.c: 1 warning, 0 errors
compiling Task_Vofa.c...
../Devices/Devices.h/M6020_Motor.h(101): warning:  #1-D: last line of file ends without a newline
  #endif /* __M6020_MOTOR_H */
..\Tasks\Tasks.c\Task_Vofa.c(29): warning:  #1-D: last line of file ends without a newline
   }
..\Tasks\Tasks.c\Task_Vofa.c: 2 warnings, 0 errors
compiling Task_OffLineCheck.c...
../Devices/Devices.h/M6020_Motor.h(101): warning:  #1-D: last line of file ends without a newline
  #endif /* __M6020_MOTOR_H */
..\Tasks\Tasks.c\Task_OffLineCheck.c: 1 warning, 0 errors
compiling Task_LED.c...
../Devices/Devices.h/M6020_Motor.h(101): warning:  #1-D: last line of file ends without a newline
  #endif /* __M6020_MOTOR_H */
..\Tasks\Tasks.c\Task_LED.c: 1 warning, 0 errors
compiling Task_SPI2Receive.c...
../Devices/Devices.h/M6020_Motor.h(101): warning:  #1-D: last line of file ends without a newline
  #endif /* __M6020_MOTOR_H */
..\Tasks\Tasks.c\Task_SPI2Receive.c(34): warning:  #1-D: last line of file ends without a newline
   
..\Tasks\Tasks.c\Task_SPI2Receive.c: 2 warnings, 0 errors
compiling Task_CanSend.c...
../Devices/Devices.h/M6020_Motor.h(101): warning:  #1-D: last line of file ends without a newline
  #endif /* __M6020_MOTOR_H */
..\Tasks\Tasks.c\Task_CanSend.c: 1 warning, 0 errors
compiling BSP_Usart.c...
../Devices/Devices.h/M6020_Motor.h(101): warning:  #1-D: last line of file ends without a newline
  #endif /* __M6020_MOTOR_H */
..\BSP\BSP.c\BSP_Usart.c: 1 warning, 0 errors
compiling BSP_BoardCommunication.c...
../Devices/Devices.h/M6020_Motor.h(101): warning:  #1-D: last line of file ends without a newline
  #endif /* __M6020_MOTOR_H */
..\Protocol\Protocol.c\BSP_BoardCommunication.c(29): warning:  #177-D: variable "IT_keycommand"  was declared but never referenced
  	uint8_t IT_keycommand[8]={0};
..\Protocol\Protocol.c\BSP_BoardCommunication.c: 2 warnings, 0 errors
compiling BSP_Test.c...
../Devices/Devices.h/M6020_Motor.h(101): warning:  #1-D: last line of file ends without a newline
  #endif /* __M6020_MOTOR_H */
..\BSP\BSP.c\BSP_Test.c: 1 warning, 0 errors
compiling freertos.c...
../Devices/Devices.h/M6020_Motor.h(101): warning:  #1-D: last line of file ends without a newline
  #endif /* __M6020_MOTOR_H */
../Core/Src/freertos.c: 1 warning, 0 errors
compiling FeedForward.c...
../Devices/Devices.h/M6020_Motor.h(101): warning:  #1-D: last line of file ends without a newline
  #endif /* __M6020_MOTOR_H */
..\Algorithm\Algorithm.c\FeedForward.c: 1 warning, 0 errors
compiling DT7.c...
../Devices/Devices.h/M6020_Motor.h(101): warning:  #1-D: last line of file ends without a newline
  #endif /* __M6020_MOTOR_H */
..\Devices\Devices.c\DT7.c: 1 warning, 0 errors
compiling steer_chassis.c...
../Devices/Devices.h/M6020_Motor.h(101): warning:  #1-D: last line of file ends without a newline
  #endif /* __M6020_MOTOR_H */
..\APPs\APPs.c\steer_chassis.c(81): warning:  #175-D: subscript out of range
  		M3508_Helm[4].targetLocation = DIRMOTOR_LF_MA600ANGLE / 65535.0f;
..\APPs\APPs.c\steer_chassis.c(82): warning:  #175-D: subscript out of range
  		M3508_Helm[5].targetLocation = DIRMOTOR_LB_MA600ANGLE / 65535.0f;
..\APPs\APPs.c\steer_chassis.c(83): warning:  #175-D: subscript out of range
  		M3508_Helm[6].targetLocation = DIRMOTOR_RB_MA600ANGLE / 65535.0f;
..\APPs\APPs.c\steer_chassis.c(84): warning:  #175-D: subscript out of range
  		M3508_Helm[7].targetLocation = DIRMOTOR_RF_MA600ANGLE / 65535.0f;
..\APPs\APPs.c\steer_chassis.c: 5 warnings, 0 errors
compiling Task_RobotControl.c...
../Devices/Devices.h/M6020_Motor.h(101): warning:  #1-D: last line of file ends without a newline
  #endif /* __M6020_MOTOR_H */
..\Tasks\Tasks.c\Task_RobotControl.c: 1 warning, 0 errors
compiling Task_UsartSend.c...
../Devices/Devices.h/M6020_Motor.h(101): warning:  #1-D: last line of file ends without a newline
  #endif /* __M6020_MOTOR_H */
..\Tasks\Tasks.c\Task_UsartSend.c: 1 warning, 0 errors
compiling Protocol_Judgement.c...
../Devices/Devices.h/M6020_Motor.h(101): warning:  #1-D: last line of file ends without a newline
  #endif /* __M6020_MOTOR_H */
..\Protocol\Protocol.c\Protocol_Judgement.c: 1 warning, 0 errors
compiling Cloud_Control.c...
../Devices/Devices.h/M6020_Motor.h(101): warning:  #1-D: last line of file ends without a newline
  #endif /* __M6020_MOTOR_H */
..\APPs\APPs.c\Cloud_Control.c(196): warning:  #1-D: last line of file ends without a newline
  }
..\APPs\APPs.c\Cloud_Control.c: 2 warnings, 0 errors
compiling Gimbal_Chassis_Pitch_Angle.c...
../Devices/Devices.h/M6020_Motor.h(101): warning:  #1-D: last line of file ends without a newline
  #endif /* __M6020_MOTOR_H */
..\Algorithm\Algorithm.c\Gimbal_Chassis_Pitch_Angle.c: 1 warning, 0 errors
compiling Task_CanReceive.c...
../Devices/Devices.h/M6020_Motor.h(101): warning:  #1-D: last line of file ends without a newline
  #endif /* __M6020_MOTOR_H */
..\Tasks\Tasks.c\Task_CanReceive.c: 1 warning, 0 errors
compiling Task_RobotUI.c...
../Devices/Devices.h/M6020_Motor.h(101): warning:  #1-D: last line of file ends without a newline
  #endif /* __M6020_MOTOR_H */
..\Tasks\Tasks.c\Task_RobotUI.c: 1 warning, 0 errors
compiling M3508_Motor.c...
../Devices/Devices.h/M6020_Motor.h(101): warning:  #1-D: last line of file ends without a newline
  #endif /* __M6020_MOTOR_H */
..\Devices\Devices.c\M3508_Motor.c: 1 warning, 0 errors
linking...
Program Size: Code=51900 RO-data=2560 RW-data=1584 ZI-data=46088  
FromELF: creating hex file...
"DraftOfOmniWheel\DraftOfOmniWheel.axf" - 0 Error(s), 31 Warning(s).

<h2>Software Packages used:</h2>

Package Vendor: ARM
                http://www.keil.com/pack/ARM.CMSIS.5.9.0.pack
                ARM.CMSIS.5.9.0
                CMSIS (Common Microcontroller Software Interface Standard)
   * Component: CORE Version: 5.6.0

Package Vendor: Keil
                https://www.keil.com/pack/Keil.STM32F4xx_DFP.2.17.1.pack
                Keil.STM32F4xx_DFP.2.17.1
                STMicroelectronics STM32F4 Series Device Support, Drivers and Examples

<h2>Collection of Component include folders:</h2>
  ./RTE/_DraftOfOmniWheel
  E:/ProgramFile/MDK/packs/ARM/CMSIS/5.9.0/CMSIS/Core/Include
  E:/ProgramFile/MDK/packs/Keil/STM32F4xx_DFP/2.17.1/Drivers/CMSIS/Device/ST/STM32F4xx/Include

<h2>Collection of Component Files used:</h2>

   * Component: ARM::CMSIS:CORE:5.6.0
Build Time Elapsed:  00:00:07
</pre>
</body>
</html>
