<html>
<body>
<pre>
<h1>µVision Build Log</h1>
<h2>Tool Versions:</h2>
IDE-Version: ¦ÌVision V5.38.0.0
Copyright (C) 2022 ARM Ltd and ARM Germany GmbH. All rights reserved.
License Information: ÖÓ Ã÷, bua, LIC=RC93N-YW402-WFAI7-EGVBA-UYXSS-7SVYU
 
Tool Versions:
Toolchain:       MDK-ARM Plus  Version: 5.38.0.0
Toolchain Path:  E:\ProgramFile\MDK\core\ARM\ARMCC\Bin
C Compiler:      Armcc.exe V5.06 update 7 (build 960)
Assembler:       Armasm.exe V5.06 update 7 (build 960)
Linker/Locator:  ArmLink.exe V5.06 update 7 (build 960)
Library Manager: ArmAr.exe V5.06 update 7 (build 960)
Hex Converter:   FromElf.exe V5.06 update 7 (build 960)
CPU DLL:         SARMCM3.DLL V5.38.0.0
Dialog DLL:      DCM.DLL V1.17.5.0
Target DLL:      CMSIS_AGDI.dll V1.33.15.0
Dialog DLL:      TCM.DLL V1.56.4.0
 
<h2>Project:</h2>
E:\rm\work_new\26-transistor-codes\Infantry_Board2_C _26\MDK-ARM\DraftOfOmniWheel.uvprojx
Project File Date:  08/21/2025

<h2>Output:</h2>
*** Using Compiler 'V5.06 update 7 (build 960)', folder: 'E:\ProgramFile\MDK\core\ARM\ARMCC\Bin'
Build target 'DraftOfOmniWheel'
compiling steer_chassis.c...
compiling Gimbal_Chassis_Pitch_Angle.c...
compiling M6020_Motor.c...
compiling Saber_C3.c...
compiling M3508_Motor.c...
compiling Task_UsartSend.c...
compiling BSP_Usart.c...
compiling Task_RobotUI.c...
compiling DT7.c...
compiling Task_RobotControl.c...
compiling BSP_BoardCommunication.c...
..\Protocol\Protocol.c\BSP_BoardCommunication.c(29): warning:  #177-D: variable "IT_keycommand"  was declared but never referenced
  	uint8_t IT_keycommand[8]={0};
..\Protocol\Protocol.c\BSP_BoardCommunication.c: 1 warning, 0 errors
compiling freertos.c...
compiling Cloud_Control.c...
compiling FeedForward.c...
compiling M2006_Motor.c...
compiling pid.c...
..\Algorithm\Algorithm.c\pid.c(305): warning:  #1-D: last line of file ends without a newline
  }
..\Algorithm\Algorithm.c\pid.c: 1 warning, 0 errors
compiling Task_OffLineCheck.c...
compiling J4310_Motor.c...
..\Devices\Devices.c\J4310_Motor.c(64): warning:  #1035-D: single-precision operand implicitly converted to double-precision
    float Postion = uq1 / 8192 * 2 * Pi;
..\Devices\Devices.c\J4310_Motor.c(131): warning:  #550-D: variable "Can_Send_Data"  was set but never used
    Can_Send_Data_t Can_Send_Data;
..\Devices\Devices.c\J4310_Motor.c(179): warning:  #1035-D: single-precision operand implicitly converted to double-precision
    J4310_Array[StdId]->realAngle = J4310_Array[StdId]->realAngle / 2 * 3.1415927 * 36.f;
..\Devices\Devices.c\J4310_Motor.c: 3 warnings, 0 errors
compiling Task_LED.c...
compiling BSP_Test.c...
compiling Task_CanSend.c...
compiling Protocol_Judgement.c...
compiling Task_CanReceive.c...
compiling Task_SPI2Receive.c...
..\Tasks\Tasks.c\Task_SPI2Receive.c(34): warning:  #1-D: last line of file ends without a newline
   
..\Tasks\Tasks.c\Task_SPI2Receive.c: 1 warning, 0 errors
compiling Task_Vofa.c...
..\Tasks\Tasks.c\Task_Vofa.c(30): warning:  #1-D: last line of file ends without a newline
   }
..\Tasks\Tasks.c\Task_Vofa.c: 1 warning, 0 errors
linking...
Program Size: Code=61144 RO-data=2852 RW-data=1592 ZI-data=46864  
FromELF: creating hex file...
"DraftOfOmniWheel\DraftOfOmniWheel.axf" - 0 Error(s), 7 Warning(s).

<h2>Software Packages used:</h2>

Package Vendor: ARM
                http://www.keil.com/pack/ARM.CMSIS.5.9.0.pack
                ARM.CMSIS.5.9.0
                CMSIS (Common Microcontroller Software Interface Standard)
   * Component: CORE Version: 5.6.0

Package Vendor: Keil
                https://www.keil.com/pack/Keil.STM32F4xx_DFP.2.17.1.pack
                Keil.STM32F4xx_DFP.2.17.1
                STMicroelectronics STM32F4 Series Device Support, Drivers and Examples

<h2>Collection of Component include folders:</h2>
  ./RTE/_DraftOfOmniWheel
  E:/ProgramFile/MDK/packs/ARM/CMSIS/5.9.0/CMSIS/Core/Include
  E:/ProgramFile/MDK/packs/Keil/STM32F4xx_DFP/2.17.1/Drivers/CMSIS/Device/ST/STM32F4xx/Include

<h2>Collection of Component Files used:</h2>

   * Component: ARM::CMSIS:CORE:5.6.0
Build Time Elapsed:  00:02:10
</pre>
</body>
</html>
