<html>
<body>
<pre>
<h1>µVision Build Log</h1>
<h2>Tool Versions:</h2>
IDE-Version: ¦ÌVision V5.42.0.0
Copyright (C) 2025 ARM Ltd and ARM Germany GmbH. All rights reserved.
License Information: ASUS,  , LIC=VGXG8-3QY65-63QMB-2LPI5-N40UZ-6ZSWP
 
Tool Versions:
Toolchain:       MDK-ARM Plus  Version: 5.42.0.0
Toolchain Path:  D:\mdk\ARM\ARMCC\Bin
C Compiler:      Armcc.exe V5.06 update 7 (build 960)
Assembler:       Armasm.exe V5.06 update 7 (build 960)
Linker/Locator:  ArmLink.exe V5.06 update 7 (build 960)
Library Manager: ArmAr.exe V5.06 update 7 (build 960)
Hex Converter:   FromElf.exe V5.06 update 7 (build 960)
CPU DLL:         SARMCM3.DLL V5.42.0.0
Dialog DLL:      DCM.DLL V1.17.5.0
Target DLL:      CMSIS_AGDI.dll V1.33.22.0
Dialog DLL:      TCM.DLL V1.56.6.0
 
<h2>Project:</h2>
d:\RM\myself\Hero_board1_SJW - Hero\Hero_board1_SJW - Hero\MDK-ARM\Hero_board1_SJW.uvprojx
Project File Date:  08/21/2025

<h2>Output:</h2>
*** Using Compiler 'V5.06 update 7 (build 960)', folder: 'D:\mdk\ARM\ARMCC\Bin'
Build target 'Hero_board1_SJW'
compiling M3508_Motor.c...
compiling pid.c...
..\Alg\Alg.c\pid.c(82): warning:  #177-D: variable "network_kp"  was declared but never referenced
    float network_kp;
..\Alg\Alg.c\pid.c(83): warning:  #177-D: variable "network_ki"  was declared but never referenced
    float network_ki;
..\Alg\Alg.c\pid.c(84): warning:  #177-D: variable "network_kd"  was declared but never referenced
    float network_kd;
..\Alg\Alg.c\pid.c(85): warning:  #550-D: variable "delta_error"  was set but never used
    float delta_error;
..\Alg\Alg.c\pid.c: 4 warnings, 0 errors
compiling BSP_Usart.c...
compiling freertos.c...
compiling BSP_BoardCommunication.c...
compiling Protocol_UpperComputer.c...
compiling Task_CommunicateWithPC.c...
compiling FeedForward.c...
compiling Cloud_Control.c...
compiling FrictionWheel.c...
compiling Shoot.c...
compiling Dial.c...
compiling SBUS.c...
compiling DT7.c...
compiling J4340_Motor.c...
compiling Task_DT7.c...
compiling Task_RobotControl.c...
compiling Task_J4310_onlineCheck.c...
compiling Task_VOFA.c...
compiling Task_CanSend.c...
compiling Task_CanReceive.c...
linking...
Program Size: Code=34864 RO-data=2352 RW-data=804 ZI-data=27612  
FromELF: creating hex file...
".\Hero_board1_SJW\Hero_board1_SJW.axf" - 0 Error(s), 4 Warning(s).

<h2>Software Packages used:</h2>

Package Vendor: ARM
                https://www.keil.com/pack/ARM.CMSIS.6.1.0.pack
                ARM::CMSIS@6.1.0
                CMSIS (Common Microcontroller Software Interface Standard)
   * Component: CORE Version: 6.1.0

Package Vendor: Keil
                https://www.keil.com/pack/Keil.STM32F4xx_DFP.3.0.0.pack
                Keil::STM32F4xx_DFP@3.0.0
                STMicroelectronics STM32F4 Series Device Support

<h2>Collection of Component include folders:</h2>
  ./RTE/_Hero_board1_SJW
  D:/mdk/ARM/Packs/ARM/CMSIS/6.1.0/CMSIS/Core/Include

<h2>Collection of Component Files used:</h2>

   * Component: ARM::CMSIS:CORE@6.1.0
      Include file:  CMSIS/Core/Include/tz_context.h
Build Time Elapsed:  00:02:16
</pre>
</body>
</html>
