*** Using Compiler 'V5.06 update 7 (build 960)', folder: 'D:\Keil5\ARM\ARM_Compiler5\Bin'
Build target 'Try'
compiling bsp_fdcan.c...
compiling motor.c...
compiling 6d_arm.c...
..\tasks\6d_arm.c(14): warning:  #177-D: function "round_to_one_decimal"  was declared but never referenced
  static float round_to_one_decimal(float num)
..\tasks\6d_arm.c: 1 warning, 0 errors
compiling stm32h7xx_it.c...
compiling main.c...
compiling dm_motor_drv.c...
compiling dm_motor_ctrl.c...
compiling freertos.c...
compiling bsp_usart.c...
..\bsp\bsp_usart.c(25): warning:  #177-D: variable "start_byte"  was declared but never referenced
  				uint8_t start_byte = controller->frame_header.sof;
..\bsp\bsp_usart.c(26): warning:  #177-D: variable "data_length"  was declared but never referenced
  				uint16_t data_length = controller->frame_header.data_length;
..\bsp\bsp_usart.c(27): warning:  #177-D: variable "seq"  was declared but never referenced
  				uint8_t seq = controller->frame_header.seq;
..\bsp\bsp_usart.c(28): warning:  #177-D: variable "crc8"  was declared but never referenced
  				uint8_t crc8 = controller->frame_header.crc8;
..\bsp\bsp_usart.c(29): warning:  #177-D: variable "cmd_id"  was declared but never referenced
  				uint16_t cmd_id = controller->cmd_id;
..\bsp\bsp_usart.c(30): warning:  #177-D: variable "frame_tail"  was declared but never referenced
  				uint16_t frame_tail = controller->frame_tail;
..\bsp\bsp_usart.c: 6 warnings, 0 errors
linking...
Program Size: Code=31100 RO-data=940 RW-data=188 ZI-data=22060  
FromELF: creating hex file...
"Try\Try.axf" - 0 Error(s), 7 Warning(s).
Build Time Elapsed:  00:00:01
