<html>
<body>
<pre>
<h1>µVision Build Log</h1>
<h2>Tool Versions:</h2>
IDE-Version: ¶ÃVision V5.42.0.0
Copyright (C) 2025 ARM Ltd and ARM Germany GmbH. All rights reserved.
License Information: x –Ì∫≠∑…, t, LIC=FYKYW-Q8XSY-EVG1R-K6C5C-6XJRA-WFUDC
 
Tool Versions:
Toolchain:       MDK-ARM Plus  Version: 5.42.0.0
Toolchain Path:  D:\ProgramFile\MDK\Core\ARM\ARMCC\Bin
C Compiler:      Armcc.exe V5.06 update 7 (build 960)
Assembler:       Armasm.exe V5.06 update 7 (build 960)
Linker/Locator:  ArmLink.exe V5.06 update 7 (build 960)
Library Manager: ArmAr.exe V5.06 update 7 (build 960)
Hex Converter:   FromElf.exe V5.06 update 7 (build 960)
CPU DLL:         SARMCM3.DLL V5.42.0.0
Dialog DLL:      DCM.DLL V1.17.5.0
Target DLL:      CMSIS_AGDI.dll V1.33.22.0
Dialog DLL:      TCM.DLL V1.56.6.0
 
<h2>Project:</h2>
D:\transistor’Ω∂”\26-transistor-codes\Engineer_Arm_C_A_26\MDK-ARM\DraftOfOmniWheel.uvprojx
Project File Date:  10/01/2025

<h2>Output:</h2>
*** Using Compiler 'V5.06 update 7 (build 960)', folder: 'D:\ProgramFile\MDK\Core\ARM\ARMCC\Bin'
Rebuild target 'DraftOfOmniWheel'
assembling startup_stm32f407xx.s...
compiling usbd_desc.c...
compiling usbd_conf.c...
compiling gpio.c...
compiling spi.c...
compiling dma.c...
compiling usart.c...
compiling usbd_cdc_if.c...
compiling stm32f4xx_it.c...
compiling main.c...
../Debug/TraceRecorder/include/trcRecorder.h(1857): warning:  #47-D: incompatible redefinition of macro "vTraceConsoleChannelPrintF"  (declared at line 84)
  #define vTraceConsoleChannelPrintF(fmt, ...) (void)(fmt)
../Core/Src/main.c: 1 warning, 0 errors
compiling can.c...
compiling tim.c...
compiling stm32f4xx_hal_timebase_tim.c...
compiling freertos.c...
compiling stm32f4xx_hal_msp.c...
compiling rtc.c...
compiling usb_device.c...
compiling stm32f4xx_hal_flash_ex.c...
compiling stm32f4xx_hal_pcd_ex.c...
compiling system_stm32f4xx.c...
compiling stm32f4xx_hal_pcd.c...
compiling stm32f4xx_hal_flash.c...
compiling stm32f4xx_hal_tim.c...
compiling stm32f4xx_hal_rcc_ex.c...
compiling stm32f4xx_hal_tim_ex.c...
compiling stm32f4xx_hal_gpio.c...
compiling stm32f4xx_hal_flash_ramfunc.c...
compiling stm32f4xx_hal_dma.c...
compiling stm32f4xx_hal_pwr.c...
compiling stm32f4xx_hal_rcc.c...
compiling stm32f4xx_ll_usb.c...
compiling croutine.c...
compiling event_groups.c...
compiling list.c...
compiling stm32f4xx_hal_dma_ex.c...
compiling stm32f4xx_hal_pwr_ex.c...
compiling queue.c...
compiling stream_buffer.c...
compiling tasks.c...
compiling timers.c...
compiling heap_4.c...
compiling cmsis_os.c...
compiling port.c...
compiling stm32f4xx_hal_cortex.c...
compiling stm32f4xx_hal_can.c...
compiling stm32f4xx_hal.c...
compiling stm32f4xx_hal_exti.c...
compiling stm32f4xx_hal_uart.c...
compiling stm32f4xx_hal_rtc_ex.c...
compiling stm32f4xx_hal_rtc.c...
compiling usbd_core.c...
compiling stm32f4xx_hal_spi.c...
compiling usbd_ctlreq.c...
compiling usbd_cdc.c...
compiling usbd_ioreq.c...
compiling BSP_Delay.c...
compiling pid.c...
compiling Arm_Control.c...
compiling BSP_Can.c...
compiling BSP_led.c...
compiling DT7.c...
compiling DJ_Motor.c...
compiling BSP_Usart.c...
compiling Task_CanSend.c...
compiling Task_CanReceive.c...
compiling DM_Motor.c...
compiling sys.c...
compiling Task_SPI2Receive.c...
..\Tasks\Tasks.c\Task_SPI2Receive.c(30): warning:  #1-D: last line of file ends without a newline
   
..\Tasks\Tasks.c\Task_SPI2Receive.c: 1 warning, 0 errors
compiling vofa.c...
compiling Task_Vofa.c...
compiling Task_ArmControl.c...
compiling Task_LED.c...
linking...
Program Size: Code=35124 RO-data=808 RW-data=548 ZI-data=43396  
FromELF: creating hex file...
"DraftOfOmniWheel\DraftOfOmniWheel.axf" - 0 Error(s), 2 Warning(s).

<h2>Software Packages used:</h2>

Package Vendor: ARM
                https://www.keil.com/pack/ARM.CMSIS.6.1.0.pack
                ARM::CMSIS@6.1.0
                CMSIS (Common Microcontroller Software Interface Standard)
   * Component: CORE Version: 6.1.0

Package Vendor: Keil
                https://www.keil.com/pack/Keil.STM32F4xx_DFP.3.0.0.pack
                Keil::STM32F4xx_DFP@3.0.0
                STMicroelectronics STM32F4 Series Device Support

<h2>Collection of Component include folders:</h2>
  ./RTE/_DraftOfOmniWheel
  D:/ProgramFile/MDK/Packs/ARM/CMSIS/6.1.0/CMSIS/Core/Include

<h2>Collection of Component Files used:</h2>

   * Component: ARM::CMSIS:CORE@6.1.0
Build Time Elapsed:  00:00:33
</pre>
</body>
</html>
