<html>
<body>
<pre>
<h1>µVision Build Log</h1>
<h2>Tool Versions:</h2>
IDE-Version: ¶ÃVision V5.38.0.0
Copyright (C) 2022 ARM Ltd and ARM Germany GmbH. All rights reserved.
License Information: ÷” √˜, bua, LIC=RC93N-YW402-WFAI7-EGVBA-UYXSS-7SVYU
 
Tool Versions:
Toolchain:       MDK-ARM Plus  Version: 5.38.0.0
Toolchain Path:  E:\ProgramFile\MDK\core\ARM\ARMCC\Bin
C Compiler:      Armcc.exe V5.06 update 7 (build 960)
Assembler:       Armasm.exe V5.06 update 7 (build 960)
Linker/Locator:  ArmLink.exe V5.06 update 7 (build 960)
Library Manager: ArmAr.exe V5.06 update 7 (build 960)
Hex Converter:   FromElf.exe V5.06 update 7 (build 960)
CPU DLL:         SARMCM3.DLL V5.38.0.0
Dialog DLL:      DCM.DLL V1.17.5.0
Target DLL:      STLink\ST-LINKIII-KEIL_SWO.dll V3.1.0.0
Dialog DLL:      TCM.DLL V1.56.4.0
 
<h2>Project:</h2>
E:\rm task\demo\Outpost_code(self)\MDK-ARM\Outpost_code.uvprojx
Project File Date:  08/15/2025

<h2>Output:</h2>
*** Using Compiler 'V5.06 update 7 (build 960)', folder: 'E:\ProgramFile\MDK\core\ARM\ARMCC\Bin'
Build target 'Outpost_code'
compiling main.c...
..\BSP\BSP_Fdcan.h(39): warning:  #1295-D: Deprecated declaration J4310_Enable - give arg types
  void J4310_Enable();
..\Algorithm\pid.h(80): warning:  #1-D: last line of file ends without a newline
  #endif  // ÁªìÊùüÂ§¥Êñá‰ª?
../Core/Src/main.c(246): warning:  #1-D: last line of file ends without a newline
  #endif /* USE_FULL_ASSERT */
../Core/Src/main.c: 3 warnings, 0 errors
linking...
Program Size: Code=20720 RO-data=968 RW-data=28 ZI-data=2500  
FromELF: creating hex file...
"Outpost_code\Outpost_code.axf" - 0 Error(s), 3 Warning(s).

<h2>Software Packages used:</h2>

Package Vendor: ARM
                http://www.keil.com/pack/ARM.CMSIS.5.9.0.pack
                ARM.CMSIS.5.9.0
                CMSIS (Common Microcontroller Software Interface Standard)
   * Component: CORE Version: 5.6.0

Package Vendor: Keil
                https://www.keil.com/pack/Keil.STM32H7xx_DFP.4.1.0.pack
                Keil.STM32H7xx_DFP.4.1.0
                STMicroelectronics STM32H7 Series Device Support

<h2>Collection of Component include folders:</h2>
  ./RTE/_Outpost_code
  E:/ProgramFile/MDK/packs/ARM/CMSIS/5.9.0/CMSIS/Core/Include

<h2>Collection of Component Files used:</h2>

   * Component: ARM::CMSIS:CORE:5.6.0
      Include file:  CMSIS/Core/Include/tz_context.h
Build Time Elapsed:  00:00:04
</pre>
</body>
</html>
