Component: ARM Compiler 5.06 update 6 (build 750) Tool: armlink [4d35ed]

==============================================================================

Section Cross References

    startup_stm32h743xx.o(STACK) refers (Special) to heapauxi.o(.text) for __use_two_region_memory
    startup_stm32h743xx.o(HEAP) refers (Special) to heapauxi.o(.text) for __use_two_region_memory
    startup_stm32h743xx.o(RESET) refers (Special) to heapauxi.o(.text) for __use_two_region_memory
    startup_stm32h743xx.o(RESET) refers to startup_stm32h743xx.o(STACK) for __initial_sp
    startup_stm32h743xx.o(RESET) refers to startup_stm32h743xx.o(.text) for Reset_Handler
    startup_stm32h743xx.o(RESET) refers to stm32h7xx_it.o(i.NMI_Handler) for NMI_Handler
    startup_stm32h743xx.o(RESET) refers to stm32h7xx_it.o(i.HardFault_Handler) for HardFault_Handler
    startup_stm32h743xx.o(RESET) refers to stm32h7xx_it.o(i.MemManage_Handler) for MemManage_Handler
    startup_stm32h743xx.o(RESET) refers to stm32h7xx_it.o(i.BusFault_Handler) for BusFault_Handler
    startup_stm32h743xx.o(RESET) refers to stm32h7xx_it.o(i.UsageFault_Handler) for UsageFault_Handler
    startup_stm32h743xx.o(RESET) refers to port.o(.emb_text) for SVC_Handler
    startup_stm32h743xx.o(RESET) refers to stm32h7xx_it.o(i.DebugMon_Handler) for DebugMon_Handler
    startup_stm32h743xx.o(RESET) refers to port.o(i.SysTick_Handler) for SysTick_Handler
    startup_stm32h743xx.o(RESET) refers to stm32h7xx_it.o(i.DMA1_Stream0_IRQHandler) for DMA1_Stream0_IRQHandler
    startup_stm32h743xx.o(RESET) refers to stm32h7xx_it.o(i.DMA1_Stream1_IRQHandler) for DMA1_Stream1_IRQHandler
    startup_stm32h743xx.o(RESET) refers to stm32h7xx_it.o(i.DMA1_Stream2_IRQHandler) for DMA1_Stream2_IRQHandler
    startup_stm32h743xx.o(RESET) refers to stm32h7xx_it.o(i.DMA1_Stream3_IRQHandler) for DMA1_Stream3_IRQHandler
    startup_stm32h743xx.o(RESET) refers to stm32h7xx_it.o(i.FDCAN1_IT0_IRQHandler) for FDCAN1_IT0_IRQHandler
    startup_stm32h743xx.o(RESET) refers to stm32h7xx_it.o(i.FDCAN2_IT0_IRQHandler) for FDCAN2_IT0_IRQHandler
    startup_stm32h743xx.o(RESET) refers to stm32h7xx_it.o(i.FDCAN1_IT1_IRQHandler) for FDCAN1_IT1_IRQHandler
    startup_stm32h743xx.o(RESET) refers to stm32h7xx_it.o(i.FDCAN2_IT1_IRQHandler) for FDCAN2_IT1_IRQHandler
    startup_stm32h743xx.o(RESET) refers to stm32h7xx_it.o(i.TIM1_BRK_IRQHandler) for TIM1_BRK_IRQHandler
    startup_stm32h743xx.o(RESET) refers to stm32h7xx_it.o(i.USART1_IRQHandler) for USART1_IRQHandler
    startup_stm32h743xx.o(RESET) refers to stm32h7xx_it.o(i.USART3_IRQHandler) for USART3_IRQHandler
    startup_stm32h743xx.o(RESET) refers to stm32h7xx_it.o(i.TIM6_DAC_IRQHandler) for TIM6_DAC_IRQHandler
    startup_stm32h743xx.o(.text) refers (Special) to heapauxi.o(.text) for __use_two_region_memory
    startup_stm32h743xx.o(.text) refers to system_stm32h7xx.o(i.SystemInit) for SystemInit
    startup_stm32h743xx.o(.text) refers to __main.o(!!!main) for __main
    startup_stm32h743xx.o(.text) refers to startup_stm32h743xx.o(HEAP) for Heap_Mem
    startup_stm32h743xx.o(.text) refers to startup_stm32h743xx.o(STACK) for Stack_Mem
    main.o(i.HAL_TIM_PeriodElapsedCallback) refers to stm32h7xx_hal.o(i.HAL_IncTick) for HAL_IncTick
    main.o(i.SystemClock_Config) refers to rt_memclr_w.o(.text) for __aeabi_memclr4
    main.o(i.SystemClock_Config) refers to stm32h7xx_hal_pwr_ex.o(i.HAL_PWREx_ConfigSupply) for HAL_PWREx_ConfigSupply
    main.o(i.SystemClock_Config) refers to stm32h7xx_hal_rcc.o(i.HAL_RCC_OscConfig) for HAL_RCC_OscConfig
    main.o(i.SystemClock_Config) refers to main.o(i.Error_Handler) for Error_Handler
    main.o(i.SystemClock_Config) refers to stm32h7xx_hal_rcc.o(i.HAL_RCC_ClockConfig) for HAL_RCC_ClockConfig
    main.o(i.main) refers to stm32h7xx_hal.o(i.HAL_Init) for HAL_Init
    main.o(i.main) refers to main.o(i.SystemClock_Config) for SystemClock_Config
    main.o(i.main) refers to gpio.o(i.MX_GPIO_Init) for MX_GPIO_Init
    main.o(i.main) refers to dma.o(i.MX_DMA_Init) for MX_DMA_Init
    main.o(i.main) refers to fdcan.o(i.MX_FDCAN1_Init) for MX_FDCAN1_Init
    main.o(i.main) refers to fdcan.o(i.MX_FDCAN2_Init) for MX_FDCAN2_Init
    main.o(i.main) refers to usart.o(i.MX_USART1_UART_Init) for MX_USART1_UART_Init
    main.o(i.main) refers to usart.o(i.MX_USART2_UART_Init) for MX_USART2_UART_Init
    main.o(i.main) refers to tim.o(i.MX_TIM1_Init) for MX_TIM1_Init
    main.o(i.main) refers to usart.o(i.MX_USART3_UART_Init) for MX_USART3_UART_Init
    main.o(i.main) refers to freertos.o(i.MX_FREERTOS_Init) for MX_FREERTOS_Init
    main.o(i.main) refers to cmsis_os.o(i.osKernelStart) for osKernelStart
    freertos.o(i.MX_FREERTOS_Init) refers to rt_memcpy_w.o(.text) for __aeabi_memcpy4
    freertos.o(i.MX_FREERTOS_Init) refers to cmsis_os.o(i.osThreadCreate) for osThreadCreate
    freertos.o(i.MX_FREERTOS_Init) refers to freertos.o(.constdata) for .constdata
[...]
    EXTI4_IRQHandler                         0x08000453   Thumb Code     0  startup_stm32h743xx.o(.text)
    EXTI9_5_IRQHandler                       0x08000453   Thumb Code     0  startup_stm32h743xx.o(.text)
    FDCAN_CAL_IRQHandler                     0x08000453   Thumb Code     0  startup_stm32h743xx.o(.text)
    FLASH_IRQHandler                         0x08000453   Thumb Code     0  startup_stm32h743xx.o(.text)
    FMC_IRQHandler                           0x08000453   Thumb Code     0  startup_stm32h743xx.o(.text)
    FPU_IRQHandler                           0x08000453   Thumb Code     0  startup_stm32h743xx.o(.text)
    HRTIM1_FLT_IRQHandler                    0x08000453   Thumb Code     0  startup_stm32h743xx.o(.text)
    HRTIM1_Master_IRQHandler                 0x08000453   Thumb Code     0  startup_stm32h743xx.o(.text)
    HRTIM1_TIMA_IRQHandler                   0x08000453   Thumb Code     0  startup_stm32h743xx.o(.text)
    HRTIM1_TIMB_IRQHandler                   0x08000453   Thumb Code     0  startup_stm32h743xx.o(.text)
    HRTIM1_TIMC_IRQHandler                   0x08000453   Thumb Code     0  startup_stm32h743xx.o(.text)
    HRTIM1_TIMD_IRQHandler                   0x08000453   Thumb Code     0  startup_stm32h743xx.o(.text)
    HRTIM1_TIME_IRQHandler                   0x08000453   Thumb Code     0  startup_stm32h743xx.o(.text)
    HSEM1_IRQHandler                         0x08000453   Thumb Code     0  startup_stm32h743xx.o(.text)
    I2C1_ER_IRQHandler                       0x08000453   Thumb Code     0  startup_stm32h743xx.o(.text)
    I2C1_EV_IRQHandler                       0x08000453   Thumb Code     0  startup_stm32h743xx.o(.text)
    I2C2_ER_IRQHandler                       0x08000453   Thumb Code     0  startup_stm32h743xx.o(.text)
    I2C2_EV_IRQHandler                       0x08000453   Thumb Code     0  startup_stm32h743xx.o(.text)
    I2C3_ER_IRQHandler                       0x08000453   Thumb Code     0  startup_stm32h743xx.o(.text)
    I2C3_EV_IRQHandler                       0x08000453   Thumb Code     0  startup_stm32h743xx.o(.text)
    I2C4_ER_IRQHandler                       0x08000453   Thumb Code     0  startup_stm32h743xx.o(.text)
    I2C4_EV_IRQHandler                       0x08000453   Thumb Code     0  startup_stm32h743xx.o(.text)
    JPEG_IRQHandler                          0x08000453   Thumb Code     0  startup_stm32h743xx.o(.text)
    LPTIM1_IRQHandler                        0x08000453   Thumb Code     0  startup_stm32h743xx.o(.text)
    LPTIM2_IRQHandler                        0x08000453   Thumb Code     0  startup_stm32h743xx.o(.text)
    LPTIM3_IRQHandler                        0x08000453   Thumb Code     0  startup_stm32h743xx.o(.text)
    LPTIM4_IRQHandler                        0x08000453   Thumb Code     0  startup_stm32h743xx.o(.text)
    LPTIM5_IRQHandler                        0x08000453   Thumb Code     0  startup_stm32h743xx.o(.text)
    LPUART1_IRQHandler                       0x08000453   Thumb Code     0  startup_stm32h743xx.o(.text)
    LTDC_ER_IRQHandler                       0x08000453   Thumb Code     0  startup_stm32h743xx.o(.text)
    LTDC_IRQHandler                          0x08000453   Thumb Code     0  startup_stm32h743xx.o(.text)
    MDIOS_IRQHandler                         0x08000453   Thumb Code     0  startup_stm32h743xx.o(.text)
    MDIOS_WKUP_IRQHandler                    0x08000453   Thumb Code     0  startup_stm32h743xx.o(.text)
    MDMA_IRQHandler                          0x08000453   Thumb Code     0  startup_stm32h743xx.o(.text)
    OTG_FS_EP1_IN_IRQHandler                 0x08000453   Thumb Code     0  startup_stm32h743xx.o(.text)
    OTG_FS_EP1_OUT_IRQHandler                0x08000453   Thumb Code     0  startup_stm32h743xx.o(.text)
    OTG_FS_IRQHandler                        0x08000453   Thumb Code     0  startup_stm32h743xx.o(.text)
    OTG_FS_WKUP_IRQHandler                   0x08000453   Thumb Code     0  startup_stm32h743xx.o(.text)
    OTG_HS_EP1_IN_IRQHandler                 0x08000453   Thumb Code     0  startup_stm32h743xx.o(.text)
    OTG_HS_EP1_OUT_IRQHandler                0x08000453   Thumb Code     0  startup_stm32h743xx.o(.text)
    OTG_HS_IRQHandler                        0x08000453   Thumb Code     0  startup_stm32h743xx.o(.text)
    OTG_HS_WKUP_IRQHandler                   0x08000453   Thumb Code     0  startup_stm32h743xx.o(.text)
    PVD_AVD_IRQHandler                       0x08000453   Thumb Code     0  startup_stm32h743xx.o(.text)
    QUADSPI_IRQHandler                       0x08000453   Thumb Code     0  startup_stm32h743xx.o(.text)
    RCC_IRQHandler                           0x08000453   Thumb Code     0  startup_stm32h743xx.o(.text)
    RNG_IRQHandler                           0x08000453   Thumb Code     0  startup_stm32h743xx.o(.text)
    RTC_Alarm_IRQHandler                     0x08000453   Thumb Code     0  startup_stm32h743xx.o(.text)
    RTC_WKUP_IRQHandler                      0x08000453   Thumb Code     0  startup_stm32h743xx.o(.text)
    SAI1_IRQHandler                          0x08000453   Thumb Code     0  startup_stm32h743xx.o(.text)
    SAI2_IRQHandler                          0x08000453   Thumb Code     0  startup_stm32h743xx.o(.text)
    SAI3_IRQHandler                          0x08000453   Thumb Code     0  startup_stm32h743xx.o(.text)
    SAI4_IRQHandler                          0x08000453   Thumb Code     0  startup_stm32h743xx.o(.text)
    SDMMC1_IRQHandler                        0x08000453   Thumb Code     0  startup_stm32h743xx.o(.text)
    SDMMC2_IRQHandler                        0x08000453   Thumb Code     0  startup_stm32h743xx.o(.text)
    SPDIF_RX_IRQHandler                      0x08000453   Thumb Code     0  startup_stm32h743xx.o(.text)
    SPI1_IRQHandler                          0x08000453   Thumb Code     0  startup_stm32h743xx.o(.text)
    SPI2_IRQHandler                          0x08000453   Thumb Code     0  startup_stm32h743xx.o(.text)
    SPI3_IRQHandler                          0x08000453   Thumb Code     0  startup_stm32h743xx.o(.text)
    SPI4_IRQHandler                          0x08000453   Thumb Code     0  startup_stm32h743xx.o(.text)
    SPI5_IRQHandler                          0x08000453   Thumb Code     0  startup_stm32h743xx.o(.text)
    SPI6_IRQHandler                          0x08000453   Thumb Code     0  startup_stm32h743xx.o(.text)
    SWPMI1_IRQHandler                        0x08000453   Thumb Code     0  startup_stm32h743xx.o(.text)
    TAMP_STAMP_IRQHandler                    0x08000453   Thumb Code     0  startup_stm32h743xx.o(.text)
    TIM15_IRQHandler                         0x08000453   Thumb Code     0  startup_stm32h743xx.o(.text)
    TIM16_IRQHandler                         0x08000453   Thumb Code     0  startup_stm32h743xx.o(.text)
    TIM17_IRQHandler                         0x08000453   Thumb Code     0  startup_stm32h743xx.o(.text)
    TIM1_CC_IRQHandler                       0x08000453   Thumb Code     0  startup_stm32h743xx.o(.text)
    TIM1_TRG_COM_IRQHandler                  0x08000453   Thumb Code     0  startup_stm32h743xx.o(.text)
    TIM1_UP_IRQHandler                       0x08000453   Thumb Code     0  startup_stm32h743xx.o(.text)
    TIM2_IRQHandler                          0x08000453   Thumb Code     0  startup_stm32h743xx.o(.text)
    TIM3_IRQHandler                          0x08000453   Thumb Code     0  startup_stm32h743xx.o(.text)
    TIM4_IRQHandler                          0x08000453   Thumb Code     0  startup_stm32h743xx.o(.text)
    TIM5_IRQHandler                          0x08000453   Thumb Code     0  startup_stm32h743xx.o(.text)
    TIM7_IRQHandler                          0x08000453   Thumb Code     0  startup_stm32h743xx.o(.text)
    TIM8_BRK_TIM12_IRQHandler                0x08000453   Thumb Code     0  startup_stm32h743xx.o(.text)
    TIM8_CC_IRQHandler                       0x08000453   Thumb Code     0  startup_stm32h743xx.o(.text)
    TIM8_TRG_COM_TIM14_IRQHandler            0x08000453   Thumb Code     0  startup_stm32h743xx.o(.text)
    TIM8_UP_TIM13_IRQHandler                 0x08000453   Thumb Code     0  startup_stm32h743xx.o(.text)
    UART4_IRQHandler                         0x08000453   Thumb Code     0  startup_stm32h743xx.o(.text)
    UART5_IRQHandler                         0x08000453   Thumb Code     0  startup_stm32h743xx.o(.text)
    UART7_IRQHandler                         0x08000453   Thumb Code     0  startup_stm32h743xx.o(.text)
    UART8_IRQHandler                         0x08000453   Thumb Code     0  startup_stm32h743xx.o(.text)
    USART2_IRQHandler                        0x08000453   Thumb Code     0  startup_stm32h743xx.o(.text)
    USART6_IRQHandler                        0x08000453   Thumb Code     0  startup_stm32h743xx.o(.text)
    WAKEUP_PIN_IRQHandler                    0x08000453   Thumb Code     0  startup_stm32h743xx.o(.text)
    WWDG_IRQHandler                          0x08000453   Thumb Code     0  startup_stm32h743xx.o(.text)
    __user_initial_stackheap                 0x08000455   Thumb Code     0  startup_stm32h743xx.o(.text)
    __aeabi_uldivmod                         0x08000479   Thumb Code     0  lludivv7m.o(.text)
    _ll_udiv                                 0x08000479   Thumb Code   238  lludivv7m.o(.text)
    __aeabi_memcpy                           0x08000567   Thumb Code     0  rt_memcpy_v6.o(.text)
    __rt_memcpy                              0x08000567   Thumb Code   138  rt_memcpy_v6.o(.text)
    _memcpy_lastbytes                        0x080005cd   Thumb Code     0  rt_memcpy_v6.o(.text)
    __aeabi_memcpy4                          0x080005f1   Thumb Code     0  rt_memcpy_w.o(.text)
    __aeabi_memcpy8                          0x080005f1   Thumb Code     0  rt_memcpy_w.o(.text)
    __rt_memcpy_w                            0x080005f1   Thumb Code   100  rt_memcpy_w.o(.text)
    _memcpy_lastbytes_aligned                0x08000639   Thumb Code     0  rt_memcpy_w.o(.text)
    __aeabi_memclr4                          0x08000655   Thumb Code     0  rt_memclr_w.o(.text)
    __aeabi_memclr8                          0x08000655   Thumb Code     0  rt_memclr_w.o(.text)
    __rt_memclr_w                            0x08000655   Thumb Code    78  rt_memclr_w.o(.text)
    _memset_w                                0x08000659   Thumb Code     0  rt_memclr_w.o(.text)
    __use_two_region_memory                  0x080006a3   Thumb Code     2  heapauxi.o(.text)
    __rt_heap_escrow$2region                 0x080006a5   Thumb Code     2  heapauxi.o(.text)
    __rt_heap_expand$2region                 0x080006a7   Thumb Code     2  heapauxi.o(.text)
    __read_errno                             0x080006a9   Thumb Code    10  _rserrno.o(.text)
    __set_errno                              0x080006b3   Thumb Code    12  _rserrno.o(.text)
    __aeabi_errno_addr                       0x080006c1   Thumb Code     8  rt_errno_addr_intlibspace.o(.text)
    __errno$intlibspace                      0x080006c1   Thumb Code     0  rt_errno_addr_intlibspace.o(.text)
    __rt_errno_addr$intlibspace              0x080006c1   Thumb Code     0  rt_errno_addr_intlibspace.o(.text)
    __user_libspace                          0x080006c9   Thumb Code     8  libspace.o(.text)
    __user_perproc_libspace                  0x080006c9   Thumb Code     0  libspace.o(.text)
    __user_perthread_libspace                0x080006c9   Thumb Code     0  libspace.o(.text)
    __user_setup_stackheap                   0x080006d1   Thumb Code    74  sys_stackheap_outer.o(.text)
    exit                                     0x0800071b   Thumb Code    18  exit.o(.text)
    _sys_exit                                0x0800072d   Thumb Code     8  sys_exit.o(.text)
    __I$use$semihosting                      0x08000739   Thumb Code     0  use_no_semi.o(.text)
    __use_no_semihosting_swi                 0x08000739   Thumb Code     2  use_no_semi.o(.text)
    __semihosting_library_function           0x0800073b   Thumb Code     0  indicate_semi.o(.text)
    Board2_To_1                              0x0800073d   Thumb Code   262  boardcommunication.o(i.Board2_To_1)
    Board2_getChassisFunctionInfo            0x08000865   Thumb Code     8  boardcommunication.o(i.Board2_getChassisFunctionInfo)
    Board2_getChassisInfo                    0x08000871   Thumb Code   104  boardcommunication.o(i.Board2_getChassisInfo)
    Board2_getGimbalInfo                     0x080008e1   Thumb Code    74  boardcommunication.o(i.Board2_getGimbalInfo)
    BusFault_Handler                         0x08000941   Thumb Code     4  stm32h7xx_it.o(i.BusFault_Handler)
    Chassis_Absolute_Cal                     0x08000945   Thumb Code   198  chassis.o(i.Chassis_Absolute_Cal)
    DATA_Trans                               0x08000a0d   Thumb Code   210  imu.o(i.DATA_Trans)
    DMA1_Stream0_IRQHandler                  0x08000aed   Thumb Code    10  stm32h7xx_it.o(i.DMA1_Stream0_IRQHandler)
    DMA1_Stream1_IRQHandler                  0x08000afd   Thumb Code    10  stm32h7xx_it.o(i.DMA1_Stream1_IRQHandler)
    DMA1_Stream2_IRQHandler                  0x08000b0d   Thumb Code    10  stm32h7xx_it.o(i.DMA1_Stream2_IRQHandler)
    DMA1_Stream3_IRQHandler                  0x08000b1d   Thumb Code    10  stm32h7xx_it.o(i.DMA1_Stream3_IRQHandler)
    DT7_Handle                               0x08001099   Thumb Code  1160  dt7.o(i.DT7_Handle)
    DT7_Init                                 0x08001535   Thumb Code    14  dt7.o(i.DT7_Init)
    DebugMon_Handler                         0x0800154d   Thumb Code     2  stm32h7xx_it.o(i.DebugMon_Handler)
    Error_Handler                            0x0800154f   Thumb Code     6  main.o(i.Error_Handler)
    FDCAN1_IT0_IRQHandler                    0x08001555   Thumb Code    10  stm32h7xx_it.o(i.FDCAN1_IT0_IRQHandler)
    FDCAN1_IT1_IRQHandler                    0x08001565   Thumb Code    10  stm32h7xx_it.o(i.FDCAN1_IT1_IRQHandler)
    FDCAN2_IT0_IRQHandler                    0x08001575   Thumb Code    10  stm32h7xx_it.o(i.FDCAN2_IT0_IRQHandler)
    FDCAN2_IT1_IRQHandler                    0x08001585   Thumb Code    10  stm32h7xx_it.o(i.FDCAN2_IT1_IRQHandler)
    FuzzyComputation                         0x08001885   Thumb Code   724  fuzzy_pid.o(i.FuzzyComputation)
    Get_CRC16_Check_Sum                      0x08001b65   Thumb Code    46  protocol_judgement.o(i.Get_CRC16_Check_Sum)
    Get_CRC8_Check_Sum                       0x08001b99   Thumb Code    30  protocol_judgement.o(i.Get_CRC8_Check_Sum)
    HAL_DMA_Abort                            0x08001bbd   Thumb Code  1236  stm32h7xx_hal_dma.o(i.HAL_DMA_Abort)
    HAL_DMA_Abort_IT                         0x08002099   Thumb Code   906  stm32h7xx_hal_dma.o(i.HAL_DMA_Abort_IT)
    HAL_DMA_IRQHandler                       0x08002431   Thumb Code  2798  stm32h7xx_hal_dma.o(i.HAL_DMA_IRQHandler)
    HAL_DMA_Init                             0x08002f29   Thumb Code  1304  stm32h7xx_hal_dma.o(i.HAL_DMA_Init)
    HAL_DMA_Start_IT                         0x08003449   Thumb Code   980  stm32h7xx_hal_dma.o(i.HAL_DMA_Start_IT)
    HAL_FDCAN_ActivateNotification           0x08003829   Thumb Code   158  stm32h7xx_hal_fdcan.o(i.HAL_FDCAN_ActivateNotification)
    HAL_FDCAN_AddMessageToTxFifoQ            0x080038d1   Thumb Code   144  stm32h7xx_hal_fdcan.o(i.HAL_FDCAN_AddMessageToTxFifoQ)
    HAL_FDCAN_ClockCalibrationCallback       0x08003961   Thumb Code     2  stm32h7xx_hal_fdcan.o(i.HAL_FDCAN_ClockCalibrationCallback)
    HAL_FDCAN_ConfigFilter                   0x08003963   Thumb Code   168  stm32h7xx_hal_fdcan.o(i.HAL_FDCAN_ConfigFilter)
    HAL_FDCAN_ConfigGlobalFilter             0x08003a0b   Thumb Code    52  stm32h7xx_hal_fdcan.o(i.HAL_FDCAN_ConfigGlobalFilter)
    HAL_FDCAN_ErrorCallback                  0x08003a3f   Thumb Code     2  stm32h7xx_hal_fdcan.o(i.HAL_FDCAN_ErrorCallback)
    HAL_FDCAN_ErrorStatusCallback            0x08003a41   Thumb Code    40  bsp_fdcan.o(i.HAL_FDCAN_ErrorStatusCallback)
    HAL_FDCAN_GetRxMessage                   0x08003a69   Thumb Code   494  stm32h7xx_hal_fdcan.o(i.HAL_FDCAN_GetRxMessage)
    HAL_FDCAN_HighPriorityMessageCallback    0x08003c5d   Thumb Code     2  stm32h7xx_hal_fdcan.o(i.HAL_FDCAN_HighPriorityMessageCallback)
    HAL_FDCAN_IRQHandler                     0x08003c61   Thumb Code   966  stm32h7xx_hal_fdcan.o(i.HAL_FDCAN_IRQHandler)
    HAL_FDCAN_Init                           0x08004035   Thumb Code   726  stm32h7xx_hal_fdcan.o(i.HAL_FDCAN_Init)
    HAL_FDCAN_MspInit                        0x08004315   Thumb Code   368  fdcan.o(i.HAL_FDCAN_MspInit)
    HAL_FDCAN_RxBufferNewMessageCallback     0x0800449d   Thumb Code     2  stm32h7xx_hal_fdcan.o(i.HAL_FDCAN_RxBufferNewMessageCallback)
    HAL_FDCAN_RxFifo0Callback                0x080044a1   Thumb Code    36  bsp_fdcan.o(i.HAL_FDCAN_RxFifo0Callback)
    HAL_FDCAN_RxFifo1Callback                0x080044d5   Thumb Code     2  stm32h7xx_hal_fdcan.o(i.HAL_FDCAN_RxFifo1Callback)
    HAL_FDCAN_Start                          0x080044d7   Thumb Code    52  stm32h7xx_hal_fdcan.o(i.HAL_FDCAN_Start)
    HAL_FDCAN_TT_GlobalTimeCallback          0x0800450b   Thumb Code     2  stm32h7xx_hal_fdcan.o(i.HAL_FDCAN_TT_GlobalTimeCallback)
    HAL_FDCAN_TT_ScheduleSyncCallback        0x0800450d   Thumb Code     2  stm32h7xx_hal_fdcan.o(i.HAL_FDCAN_TT_ScheduleSyncCallback)
    HAL_FDCAN_TT_StopWatchCallback           0x0800450f   Thumb Code     2  stm32h7xx_hal_fdcan.o(i.HAL_FDCAN_TT_StopWatchCallback)
    HAL_FDCAN_TT_TimeMarkCallback            0x08004511   Thumb Code     2  stm32h7xx_hal_fdcan.o(i.HAL_FDCAN_TT_TimeMarkCallback)
    HAL_FDCAN_TimeoutOccurredCallback        0x08004513   Thumb Code     2  stm32h7xx_hal_fdcan.o(i.HAL_FDCAN_TimeoutOccurredCallback)
    HAL_FDCAN_TimestampWraparoundCallback    0x08004515   Thumb Code     2  stm32h7xx_hal_fdcan.o(i.HAL_FDCAN_TimestampWraparoundCallback)
    HAL_FDCAN_TxBufferAbortCallback          0x08004517   Thumb Code     2  stm32h7xx_hal_fdcan.o(i.HAL_FDCAN_TxBufferAbortCallback)
    HAL_FDCAN_TxBufferCompleteCallback       0x08004519   Thumb Code     2  stm32h7xx_hal_fdcan.o(i.HAL_FDCAN_TxBufferCompleteCallback)
    HAL_FDCAN_TxEventFifoCallback            0x0800451b   Thumb Code     2  stm32h7xx_hal_fdcan.o(i.HAL_FDCAN_TxEventFifoCallback)
    HAL_FDCAN_TxFifoEmptyCallback            0x0800451d   Thumb Code     2  stm32h7xx_hal_fdcan.o(i.HAL_FDCAN_TxFifoEmptyCallback)
    HAL_GPIO_Init                            0x08004521   Thumb Code   456  stm32h7xx_hal_gpio.o(i.HAL_GPIO_Init)
    HAL_GetREVID                             0x0800471d   Thumb Code     8  stm32h7xx_hal.o(i.HAL_GetREVID)
    HAL_GetTick                              0x08004729   Thumb Code     6  stm32h7xx_hal.o(i.HAL_GetTick)
    HAL_IncTick                              0x08004735   Thumb Code    16  stm32h7xx_hal.o(i.HAL_IncTick)
    HAL_Init                                 0x0800474d   Thumb Code    80  stm32h7xx_hal.o(i.HAL_Init)
    HAL_InitTick                             0x080047ad   Thumb Code   140  stm32h7xx_hal_timebase_tim.o(i.HAL_InitTick)
    HAL_MspInit                              0x0800484d   Thumb Code    42  stm32h7xx_hal_msp.o(i.HAL_MspInit)
    HAL_NVIC_EnableIRQ                       0x0800487d   Thumb Code    40  stm32h7xx_hal_cortex.o(i.HAL_NVIC_EnableIRQ)
    HAL_NVIC_SetPriority                     0x080048a5   Thumb Code   122  stm32h7xx_hal_cortex.o(i.HAL_NVIC_SetPriority)
    HAL_NVIC_SetPriorityGrouping             0x08004921   Thumb Code    32  stm32h7xx_hal_cortex.o(i.HAL_NVIC_SetPriorityGrouping)
    HAL_PWREx_ConfigSupply                   0x08004949   Thumb Code    90  stm32h7xx_hal_pwr_ex.o(i.HAL_PWREx_ConfigSupply)
    HAL_RCCEx_GetD3PCLK1Freq                 0x080049a9   Thumb Code    26  stm32h7xx_hal_rcc_ex.o(i.HAL_RCCEx_GetD3PCLK1Freq)
    HAL_RCCEx_GetPLL2ClockFreq               0x080049cd   Thumb Code   536  stm32h7xx_hal_rcc_ex.o(i.HAL_RCCEx_GetPLL2ClockFreq)
    HAL_RCCEx_GetPLL3ClockFreq               0x08004bfd   Thumb Code   536  stm32h7xx_hal_rcc_ex.o(i.HAL_RCCEx_GetPLL3ClockFreq)
    HAL_RCCEx_PeriphCLKConfig                0x08004e2d   Thumb Code  3432  stm32h7xx_hal_rcc_ex.o(i.HAL_RCCEx_PeriphCLKConfig)
    HAL_RCC_ClockConfig                      0x08005b95   Thumb Code   774  stm32h7xx_hal_rcc.o(i.HAL_RCC_ClockConfig)
    HAL_RCC_GetClockConfig                   0x08005eb5   Thumb Code    98  stm32h7xx_hal_rcc.o(i.HAL_RCC_GetClockConfig)
    HAL_RCC_GetHCLKFreq                      0x08005f21   Thumb Code    60  stm32h7xx_hal_rcc.o(i.HAL_RCC_GetHCLKFreq)
    HAL_RCC_GetPCLK1Freq                     0x08005f6d   Thumb Code    26  stm32h7xx_hal_rcc.o(i.HAL_RCC_GetPCLK1Freq)
    HAL_RCC_GetPCLK2Freq                     0x08005f91   Thumb Code    26  stm32h7xx_hal_rcc.o(i.HAL_RCC_GetPCLK2Freq)
    HAL_RCC_GetSysClockFreq                  0x08005fb5   Thumb Code   524  stm32h7xx_hal_rcc.o(i.HAL_RCC_GetSysClockFreq)
    HAL_RCC_OscConfig                        0x080061e1   Thumb Code  2130  stm32h7xx_hal_rcc.o(i.HAL_RCC_OscConfig)
    HAL_TIMEx_Break2Callback                 0x08006a39   Thumb Code     2  stm32h7xx_hal_tim_ex.o(i.HAL_TIMEx_Break2Callback)
    HAL_TIMEx_BreakCallback                  0x08006a3b   Thumb Code     2  stm32h7xx_hal_tim_ex.o(i.HAL_TIMEx_BreakCallback)
    HAL_TIMEx_CommutCallback                 0x08006a3d   Thumb Code     2  stm32h7xx_hal_tim_ex.o(i.HAL_TIMEx_CommutCallback)
    HAL_TIMEx_MasterConfigSynchronization    0x08006a41   Thumb Code   174  stm32h7xx_hal_tim_ex.o(i.HAL_TIMEx_MasterConfigSynchronization)
    HAL_TIM_Base_Init                        0x08006b0d   Thumb Code   110  stm32h7xx_hal_tim.o(i.HAL_TIM_Base_Init)
    HAL_TIM_Base_MspInit                     0x08006b7d   Thumb Code    58  tim.o(i.HAL_TIM_Base_MspInit)
    HAL_TIM_Base_Start_IT                    0x08006bc1   Thumb Code   146  stm32h7xx_hal_tim.o(i.HAL_TIM_Base_Start_IT)
    HAL_TIM_ConfigClockSource                0x08006c75   Thumb Code   304  stm32h7xx_hal_tim.o(i.HAL_TIM_ConfigClockSource)
    HAL_TIM_IC_CaptureCallback               0x08006da9   Thumb Code     2  stm32h7xx_hal_tim.o(i.HAL_TIM_IC_CaptureCallback)
    HAL_TIM_IRQHandler                       0x08006dab   Thumb Code   408  stm32h7xx_hal_tim.o(i.HAL_TIM_IRQHandler)
    HAL_TIM_OC_DelayElapsedCallback          0x08006f43   Thumb Code     2  stm32h7xx_hal_tim.o(i.HAL_TIM_OC_DelayElapsedCallback)
    HAL_TIM_PWM_PulseFinishedCallback        0x08006f45   Thumb Code     2  stm32h7xx_hal_tim.o(i.HAL_TIM_PWM_PulseFinishedCallback)
    HAL_TIM_PeriodElapsedCallback            0x08006f49   Thumb Code    18  main.o(i.HAL_TIM_PeriodElapsedCallback)
    HAL_TIM_TriggerCallback                  0x08006f61   Thumb Code     2  stm32h7xx_hal_tim.o(i.HAL_TIM_TriggerCallback)
    HAL_UARTEx_DisableFifoMode               0x08006f63   Thumb Code    78  stm32h7xx_hal_uart_ex.o(i.HAL_UARTEx_DisableFifoMode)
    HAL_UARTEx_ReceiveToIdle_DMA             0x08006fb1   Thumb Code    98  stm32h7xx_hal_uart_ex.o(i.HAL_UARTEx_ReceiveToIdle_DMA)
    HAL_UARTEx_RxEventCallback               0x08007015   Thumb Code   270  bsp_usart.o(i.HAL_UARTEx_RxEventCallback)
    HAL_UARTEx_RxFifoFullCallback            0x08007161   Thumb Code     2  stm32h7xx_hal_uart_ex.o(i.HAL_UARTEx_RxFifoFullCallback)
    HAL_UARTEx_SetRxFifoThreshold            0x08007163   Thumb Code    94  stm32h7xx_hal_uart_ex.o(i.HAL_UARTEx_SetRxFifoThreshold)
    HAL_UARTEx_SetTxFifoThreshold            0x080071c1   Thumb Code    94  stm32h7xx_hal_uart_ex.o(i.HAL_UARTEx_SetTxFifoThreshold)
    HAL_UARTEx_TxFifoEmptyCallback           0x0800721f   Thumb Code     2  stm32h7xx_hal_uart_ex.o(i.HAL_UARTEx_TxFifoEmptyCallback)
    HAL_UARTEx_WakeupCallback                0x08007221   Thumb Code     2  stm32h7xx_hal_uart_ex.o(i.HAL_UARTEx_WakeupCallback)
    HAL_UART_ErrorCallback                   0x08007223   Thumb Code     2  stm32h7xx_hal_uart.o(i.HAL_UART_ErrorCallback)
    HAL_UART_IRQHandler                      0x08007225   Thumb Code  1206  stm32h7xx_hal_uart.o(i.HAL_UART_IRQHandler)
    HAL_UART_Init                            0x080076db   Thumb Code   120  stm32h7xx_hal_uart.o(i.HAL_UART_Init)
    HAL_UART_MspInit                         0x08007755   Thumb Code   698  usart.o(i.HAL_UART_MspInit)
    HAL_UART_RxCpltCallback                  0x08007a3d   Thumb Code     2  stm32h7xx_hal_uart.o(i.HAL_UART_RxCpltCallback)
    HAL_UART_RxHalfCpltCallback              0x08007a3f   Thumb Code     2  stm32h7xx_hal_uart.o(i.HAL_UART_RxHalfCpltCallback)
    HAL_UART_TxCpltCallback                  0x08007a41   Thumb Code     2  stm32h7xx_hal_uart.o(i.HAL_UART_TxCpltCallback)
    HardFault_Handler                        0x08007a43   Thumb Code     4  stm32h7xx_it.o(i.HardFault_Handler)
    IMU_Handler                              0x08007a49   Thumb Code   574  imu.o(i.IMU_Handler)
    IMU_Init                                 0x08007ca9   Thumb Code    22  imu.o(i.IMU_Init)
    JudgeSystem_Handler                      0x08007ccd   Thumb Code    22  protocol_judgement.o(i.JudgeSystem_Handler)
    JudgeSystem_USART_Receive_DMA            0x08007ce9   Thumb Code    16  protocol_judgement.o(i.JudgeSystem_USART_Receive_DMA)
    KeyMouseFlag_Update                      0x08007f15   Thumb Code   194  dt7.o(i.KeyMouseFlag_Update)
    Linear_Quantization                      0x08007fe1   Thumb Code   178  fuzzy_pid.o(i.Linear_Quantization)
    MX_DMA_Init                              0x08008095   Thumb Code    96  dma.o(i.MX_DMA_Init)
    MX_FDCAN1_Init                           0x080080f9   Thumb Code   122  fdcan.o(i.MX_FDCAN1_Init)
    MX_FDCAN2_Init                           0x0800817d   Thumb Code   122  fdcan.o(i.MX_FDCAN2_Init)
    MX_FREERTOS_Init                         0x08008201   Thumb Code    54  freertos.o(i.MX_FREERTOS_Init)
    MX_GPIO_Init                             0x08008245   Thumb Code   110  gpio.o(i.MX_GPIO_Init)
    MX_TIM1_Init                             0x080082b9   Thumb Code   106  tim.o(i.MX_TIM1_Init)
    MX_USART1_UART_Init                      0x0800832d   Thumb Code    98  usart.o(i.MX_USART1_UART_Init)
    MX_USART2_UART_Init                      0x08008399   Thumb Code    98  usart.o(i.MX_USART2_UART_Init)
    MX_USART3_UART_Init                      0x08008405   Thumb Code    98  usart.o(i.MX_USART3_UART_Init)
    MemManage_Handler                        0x08008471   Thumb Code     4  stm32h7xx_it.o(i.MemManage_Handler)
    Membership_Calc                          0x08008475   Thumb Code   372  fuzzy_pid.o(i.Membership_Calc)
    NMI_Handler                              0x080085e9   Thumb Code     4  stm32h7xx_it.o(i.NMI_Handler)
    PID_Init                                 0x080085ed   Thumb Code   134  pid.o(i.PID_Init)
    PID_Model1_Update                        0x08008679   Thumb Code   194  pid.o(i.PID_Model1_Update)
    PID_Model2_Update                        0x0800873b   Thumb Code   182  pid.o(i.PID_Model2_Update)
    PID_Model3_Update                        0x080087f1   Thumb Code   294  pid.o(i.PID_Model3_Update)
    PID_Model4_Update                        0x08008925   Thumb Code   306  pid.o(i.PID_Model4_Update)
    PowerBankReceive                         0x08008a59   Thumb Code    54  powerbank.o(i.PowerBankReceive)
    PowerBankSend                            0x08008a95   Thumb Code    60  powerbank.o(i.PowerBankSend)
    Robot_Control                            0x08008da5   Thumb Code    46  robotcontrol.o(i.Robot_Control)
    StartDefaultTask                         0x08008ddd   Thumb Code    26  freertos.o(i.StartDefaultTask)
    SysTick_Handler                          0x08008dfd   Thumb Code    46  port.o(i.SysTick_Handler)
    SystemClock_Config                       0x08008e31   Thumb Code   202  main.o(i.SystemClock_Config)
    SystemInit                               0x08008f05   Thumb Code   212  system_stm32h7xx.o(i.SystemInit)
    TIM1_BRK_IRQHandler                      0x08009001   Thumb Code    10  stm32h7xx_it.o(i.TIM1_BRK_IRQHandler)
    TIM6_DAC_IRQHandler                      0x08009011   Thumb Code    10  stm32h7xx_it.o(i.TIM6_DAC_IRQHandler)
    TIM_Base_SetConfig                       0x08009021   Thumb Code   178  stm32h7xx_hal_tim.o(i.TIM_Base_SetConfig)
    TIM_ETR_SetConfig                        0x080090f5   Thumb Code    22  stm32h7xx_hal_tim.o(i.TIM_ETR_SetConfig)
    UART_AdvFeatureConfig                    0x080091cd   Thumb Code   248  stm32h7xx_hal_uart.o(i.UART_AdvFeatureConfig)
    UART_CheckIdleState                      0x080092c5   Thumb Code   234  stm32h7xx_hal_uart.o(i.UART_CheckIdleState)
    UART_SetConfig                           0x080095d1   Thumb Code  1402  stm32h7xx_hal_uart.o(i.UART_SetConfig)
    UART_Start_Receive_DMA                   0x08009b5d   Thumb Code   186  stm32h7xx_hal_uart.o(i.UART_Start_Receive_DMA)
    UART_WaitOnFlagUntilTimeout              0x08009c25   Thumb Code   172  stm32h7xx_hal_uart.o(i.UART_WaitOnFlagUntilTimeout)
    USART1_IRQHandler                        0x08009cd1   Thumb Code    10  stm32h7xx_it.o(i.USART1_IRQHandler)
    USART3_IRQHandler                        0x08009ce1   Thumb Code    10  stm32h7xx_it.o(i.USART3_IRQHandler)
    UsageFault_Handler                       0x08009cf1   Thumb Code     4  stm32h7xx_it.o(i.UsageFault_Handler)
    Verify_CRC16_Check_Sum                   0x08009cf5   Thumb Code    60  protocol_judgement.o(i.Verify_CRC16_Check_Sum)
    Verify_CRC8_Check_Sum                    0x08009d35   Thumb Code    48  protocol_judgement.o(i.Verify_CRC8_Check_Sum)
    __ARM_fpclassify                         0x08009d69   Thumb Code    48  fpclassify.o(i.__ARM_fpclassify)
    __hardfp_cos                             0x08009dd1   Thumb Code   158  cos.o(i.__hardfp_cos)
    __hardfp_pow                             0x08009e81   Thumb Code  2140  pow.o(i.__hardfp_pow)
    __hardfp_sin                             0x0800a779   Thumb Code   158  sin.o(i.__hardfp_sin)
    __hardfp_sqrt                            0x0800a829   Thumb Code   102  sqrt.o(i.__hardfp_sqrt)
    __ieee754_rem_pio2                       0x0800a891   Thumb Code   646  rred.o(i.__ieee754_rem_pio2)
    __kernel_cos                             0x0800aba1   Thumb Code   182  cos_i.o(i.__kernel_cos)
    __kernel_poly                            0x0800ac81   Thumb Code   112  poly.o(i.__kernel_poly)
    __kernel_sin                             0x0800acf1   Thumb Code   144  sin_i.o(i.__kernel_sin)
    __mathlib_dbl_divzero                    0x0800ad99   Thumb Code    14  dunder.o(i.__mathlib_dbl_divzero)
    __mathlib_dbl_infnan2                    0x0800adb9   Thumb Code     6  dunder.o(i.__mathlib_dbl_infnan2)
    __mathlib_dbl_invalid                    0x0800adc1   Thumb Code    10  dunder.o(i.__mathlib_dbl_invalid)
    __mathlib_dbl_overflow                   0x0800add9   Thumb Code    10  dunder.o(i.__mathlib_dbl_overflow)
    __mathlib_dbl_underflow                  0x0800adf1   Thumb Code    10  dunder.o(i.__mathlib_dbl_underflow)
    backward_calc                            0x0800ae37   Thumb Code   324  chassis.o(i.backward_calc)
    bsp_can_init                             0x0800af7d   Thumb Code   176  bsp_fdcan.o(i.bsp_can_init)
    chassis_init                             0x0800b035   Thumb Code   708  chassis.o(i.chassis_init)
    chassis_task                             0x0800b335   Thumb Code   846  chassis.o(i.chassis_task)
    encoder_to_quanshu                       0x0800b6b5   Thumb Code    18  motor.o(i.encoder_to_quanshu)
    fabs                                     0x0800b6cd   Thumb Code    24  fabs.o(i.fabs)
    fdcan1_rx_callback                       0x0800b6e5   Thumb Code   148  bsp_fdcan.o(i.fdcan1_rx_callback)
    fdcan2_rx_callback                       0x0800b781   Thumb Code   178  bsp_fdcan.o(i.fdcan2_rx_callback)
    fdcanx_receive                           0x0800b841   Thumb Code   104  bsp_fdcan.o(i.fdcanx_receive)
    fdcanx_send_data                         0x0800b8a9   Thumb Code   116  bsp_fdcan.o(i.fdcanx_send_data)
    get_motor_data                           0x0800b91d   Thumb Code    42  motor.o(i.get_motor_data)
    main                                     0x0800b947   Thumb Code    52  main.o(i.main)
    motor_encoder_state_change               0x0800b989   Thumb Code    84  motor.o(i.motor_encoder_state_change)
    motor_init                               0x0800b9dd   Thumb Code    34  motor.o(i.motor_init)
    motor_location_change                    0x0800ba01   Thumb Code  1776  motor.o(i.motor_location_change)
    motor_velocity_change                    0x0800c0f5   Thumb Code  1972  motor.o(i.motor_velocity_change)
    osKernelStart                            0x0800c8b9   Thumb Code    10  cmsis_os.o(i.osKernelStart)
    osThreadCreate                           0x0800c8c3   Thumb Code    94  cmsis_os.o(i.osThreadCreate)
    osThreadTerminate                        0x0800c921   Thumb Code    14  cmsis_os.o(i.osThreadTerminate)
    pvPortMalloc                             0x0800cdb1   Thumb Code   306  heap_4.o(i.pvPortMalloc)
    pxPortInitialiseStack                    0x0800cefd   Thumb Code    38  port.o(i.pxPortInitialiseStack)
    quanshu_to_encoder                       0x0800cf29   Thumb Code    18  motor.o(i.quanshu_to_encoder)
    sqrt                                     0x0800cf41   Thumb Code   106  sqrt.o(i.sqrt)
    task_start_init                          0x0800cfad   Thumb Code    28  task_init.o(i.task_start_init)
    timestamp                                0x0800cfd1   Thumb Code    30  imu.o(i.timestamp)
    uxListRemove                             0x0800cfef   Thumb Code    40  list.o(i.uxListRemove)
    vApplicationGetIdleTaskMemory            0x0800d019   Thumb Code    14  freertos.o(i.vApplicationGetIdleTaskMemory)
    vListInitialise                          0x0800d031   Thumb Code    26  list.o(i.vListInitialise)
    vListInitialiseItem                      0x0800d04b   Thumb Code     6  list.o(i.vListInitialiseItem)
    vListInsert                              0x0800d051   Thumb Code    52  list.o(i.vListInsert)
    vListInsertEnd                           0x0800d085   Thumb Code    24  list.o(i.vListInsertEnd)
    vPortEnterCritical                       0x0800d09d   Thumb Code    76  port.o(i.vPortEnterCritical)
    vPortExitCritical                        0x0800d0f1   Thumb Code    56  port.o(i.vPortExitCritical)
    vPortFree                                0x0800d12d   Thumb Code   150  heap_4.o(i.vPortFree)
    vPortSetupTimerInterrupt                 0x0800d1d1   Thumb Code    36  port.o(i.vPortSetupTimerInterrupt)
    vTaskDelayUntil                          0x0800d1f9   Thumb Code   200  tasks.o(i.vTaskDelayUntil)
    vTaskDelete                              0x0800d2cd   Thumb Code   202  tasks.o(i.vTaskDelete)
    vTaskStartScheduler                      0x0800d3c1   Thumb Code   146  tasks.o(i.vTaskStartScheduler)
    vTaskSuspendAll                          0x0800d471   Thumb Code    12  tasks.o(i.vTaskSuspendAll)
    vTaskSwitchContext                       0x0800d481   Thumb Code   118  tasks.o(i.vTaskSwitchContext)
    xPortStartScheduler                      0x0800d50d   Thumb Code   330  port.o(i.xPortStartScheduler)
    xTaskCreate                              0x0800d675   Thumb Code   100  tasks.o(i.xTaskCreate)
    xTaskCreateStatic                        0x0800d6d9   Thumb Code   186  tasks.o(i.xTaskCreateStatic)
    xTaskGetTickCount                        0x0800d795   Thumb Code     6  tasks.o(i.xTaskGetTickCount)
    xTaskIncrementTick                       0x0800d7a1   Thumb Code   282  tasks.o(i.xTaskIncrementTick)
    xTaskResumeAll                           0x0800d8e9   Thumb Code   224  tasks.o(i.xTaskResumeAll)
    __fpl_dcheck_NaN1                        0x0800d9ed   Thumb Code    10  dcheck1.o(x$fpl$dcheck1)
    __aeabi_ul2f                             0x0800d9fd   Thumb Code     0  ffltll_clz.o(x$fpl$ffltll)
    _ll_uto_f                                0x0800d9fd   Thumb Code     6  ffltll_clz.o(x$fpl$ffltll)
    __aeabi_l2f                              0x0800da03   Thumb Code     0  ffltll_clz.o(x$fpl$ffltll)
    _ll_sto_f                                0x0800da03   Thumb Code    90  ffltll_clz.o(x$fpl$ffltll)
    _fp_init                                 0x0800da5d   Thumb Code    10  fpinit.o(x$fpl$fpinit)
    __fplib_config_fpu_vfp                   0x0800da65   Thumb Code     0  fpinit.o(x$fpl$fpinit)
    __fplib_config_pureend_doubles           0x0800da65   Thumb Code     0  fpinit.o(x$fpl$fpinit)
    __fpl_return_NaN                         0x0800da67   Thumb Code   100  retnan.o(x$fpl$retnan)
    __ARM_scalbn                             0x0800dacb   Thumb Code    92  scalbn.o(x$fpl$scalbn)
    __fpl_cmpreturn                          0x0800db27   Thumb Code    48  trapv.o(x$fpl$trapveneer)
    __I$use$fp                               0x0800db56   Number         0  usenofp.o(x$fpl$usenofp)
    UARTPrescTable                           0x0800def4   Data          24  stm32h7xx_hal_uart.o(.constdata)
    D1CorePrescTable                         0x0800df1c   Data          16  system_stm32h7xx.o(.constdata)
    __mathlib_zero                           0x0800e230   Data           8  qnan.o(.constdata)
    Region$$Table$$Base                      0x0800e348   Number         0  anon$$obj.o(Region$$Table)
    Region$$Table$$Limit                     0x0800e368   Number         0  anon$$obj.o(Region$$Table)
    Robot_Control_Handle                     0x24000000   Data           4  freertos.o(.data)
    defaultTaskHandle                        0x24000004   Data           4  freertos.o(.data)
    uwTick                                   0x2400000c   Data           4  stm32h7xx_hal.o(.data)
    uwTickPrio                               0x24000010   Data           4  stm32h7xx_hal.o(.data)
    uwTickFreq                               0x24000014   Data           1  stm32h7xx_hal.o(.data)
    SystemCoreClock                          0x24000018   Data           4  system_stm32h7xx.o(.data)
    SystemD2Clock                            0x2400001c   Data           4  system_stm32h7xx.o(.data)
    pxCurrentTCB                             0x24000020   Data           4  tasks.o(.data)
    yaw_velocity                             0x24000088   Data           4  boardcommunication.o(.data)
    Board2_FUN                               0x2400008c   Data          16  boardcommunication.o(.data)
    CAN_0x1ff_Tx_Data                        0x240000a0   Data           8  bsp_fdcan.o(.data)
    CAN_0x200_Tx_Data                        0x240000a8   Data           8  bsp_fdcan.o(.data)
    CAN_0x2ff_Tx_Data                        0x240000b0   Data           8  bsp_fdcan.o(.data)
    Count                                    0x240000b8   Data           1  bsp_usart.o(.data)
    last_rsnum                               0x240000b9   Data           1  bsp_usart.o(.data)
    rsimu_flag                               0x240000ba   Data           1  bsp_usart.o(.data)
    rsacc_flag                               0x240000bb   Data           1  bsp_usart.o(.data)
    rs_imutype                               0x240000bc   Data           4  bsp_usart.o(.data)
    rs_ahrstype                              0x240000c0   Data           4  bsp_usart.o(.data)
    DT7_RX_Finish                            0x240000c4   Data           1  dt7.o(.data)
    IMU_Receive                              0x240000cc   Data           1  imu.o(.data)
    chassis_lock_flag                        0x240000d0   Data           1  chassis.o(.data)
    climb_flag                               0x240000d1   Data           1  chassis.o(.data)
    last_climb_flag                          0x240000d2   Data           1  chassis.o(.data)
    up_limit                                 0x240000d4   Data          16  chassis.o(.data)
    down_limit                               0x240000e4   Data          16  chassis.o(.data)
    PowerTxData                              0x240003f8   Data           8  powerbank.o(.data)
    hfdcan1                                  0x24000654   Data         160  fdcan.o(.bss)
    hfdcan2                                  0x240006f4   Data         160  fdcan.o(.bss)
    htim1                                    0x24000794   Data          76  tim.o(.bss)
    huart1                                   0x240007e0   Data         148  usart.o(.bss)
    huart2                                   0x24000874   Data         148  usart.o(.bss)
    huart3                                   0x24000908   Data         148  usart.o(.bss)
    hdma_usart1_rx                           0x2400099c   Data         120  usart.o(.bss)
    hdma_usart1_tx                           0x24000a14   Data         120  usart.o(.bss)
    hdma_usart2_rx                           0x24000a8c   Data         120  usart.o(.bss)
    hdma_usart3_rx                           0x24000b04   Data         120  usart.o(.bss)
    htim6                                    0x24000b7c   Data          76  stm32h7xx_hal_timebase_tim.o(.bss)
    ControlMes                               0x240048b8   Data          32  boardcommunication.o(.bss)
    UART1_Manage_Object                      0x240048d8   Data         524  bsp_usart.o(.bss)
    UART6_Manage_Object                      0x24004ae4   Data         524  bsp_usart.o(.bss)
    Fd_data                                  0x24004cf0   Data          64  bsp_usart.o(.bss)
    Fd_rsimu                                 0x24004d30   Data          64  bsp_usart.o(.bss)
    Fd_rsahrs                                0x24004d70   Data          56  bsp_usart.o(.bss)
    RC_CtrlData                              0x24004da8   Data          22  dt7.o(.bss)
    DR16_Export_Data                         0x24004dd0   Data          68  dt7.o(.bss)
    IMUData_Packet                           0x24004e18   Data          52  imu.o(.bss)
    AHRSData_Packet                          0x24004e50   Data          64  imu.o(.bss)
    chassis_control                          0x24004e90   Data        1792  chassis.o(.bss)
    target_pos                               0x24005590   Data          16  chassis.o(.bss)
    fuzzy_pid_shoot_up                       0x240055a0   Data          64  fuzzy_pid.o(.bss)
    fuzzy_pid_shoot_down                     0x240055e0   Data          64  fuzzy_pid.o(.bss)
    fuzzy_pid_bullet_v                       0x24005620   Data          64  fuzzy_pid.o(.bss)
    fuzzy_pid_bullet_l                       0x24005660   Data          64  fuzzy_pid.o(.bss)
    fuzzy_pid_pitch_v                        0x240056a0   Data          64  fuzzy_pid.o(.bss)
    fuzzy_pid_pitch_l                        0x240056e0   Data          64  fuzzy_pid.o(.bss)
    fuzzy_pid_yaw_v                          0x24005720   Data          64  fuzzy_pid.o(.bss)
    fuzzy_pid_yaw_l                          0x24005760   Data          64  fuzzy_pid.o(.bss)
    JudgeSystem_rxBuff                       0x240057a0   Data         136  protocol_judgement.o(.bss)
    g_referee                                0x24005828   Data         412  protocol_judgement.o(.bss)
    PowerRxData                              0x240059c4   Data          12  powerbank.o(.bss)
    __libspace_start                         0x240059d0   Data          96  libspace.o(.bss)
    __temporary_stack_top$libspace           0x24005a30   Data           0  libspace.o(.bss)



==============================================================================

Memory Map of the image

  Image Entry point : 0x08000299

  Load Region LR_IROM1 (Base: 0x08000000, Size: 0x0000e768, Max: 0x00200000, ABSOLUTE, COMPRESSED[0x0000e6ac])

    Execution Region ER_IROM1 (Exec base: 0x08000000, Load base: 0x08000000, Size: 0x0000e368, Max: 0x00200000, ABSOLUTE)

    Exec Addr    Load Addr    Size         Type   Attr      Idx    E Section Name        Object

    0x08000000   0x08000000   0x00000298   Data   RO            3    RESET               startup_stm32h743xx.o
    0x08000298   0x08000298   0x00000008   Code   RO        14525  * !!!main             c_w.l(__main.o)
    0x080002a0   0x080002a0   0x00000034   Code   RO        14940    !!!scatter          c_w.l(__scatter.o)
    0x080002d4   0x080002d4   0x0000005a   Code   RO        14938    !!dczerorl2         c_w.l(__dczerorl2.o)
    0x0800032e   0x0800032e   0x00000002   PAD
    0x08000330   0x08000330   0x0000001c   Code   RO        14942    !!handler_zi        c_w.l(__scatter_zi.o)
    0x0800034c   0x0800034c   0x00000002   Code   RO        14807    .ARM.Collect$$libinit$$00000000  c_w.l(libinit.o)
    0x0800034e   0x0800034e   0x00000004   Code   RO        14818    .ARM.Collect$$libinit$$00000001  c_w.l(libinit2.o)
    0x08000352   0x08000352   0x00000000   Code   RO        14821    .ARM.Collect$$libinit$$00000004  c_w.l(libinit2.o)
    0x08000352   0x08000352   0x00000000   Code   RO        14824    .ARM.Collect$$libinit$$0000000A  c_w.l(libinit2.o)
    0x08000352   0x08000352   0x00000000   Code   RO        14826    .ARM.Collect$$libinit$$0000000C  c_w.l(libinit2.o)
    0x08000352   0x08000352   0x00000000   Code   RO        14828    .ARM.Collect$$libinit$$0000000E  c_w.l(libinit2.o)
    0x08000352   0x08000352   0x00000000   Code   RO        14831    .ARM.Collect$$libinit$$00000011  c_w.l(libinit2.o)
    0x08000352   0x08000352   0x00000000   Code   RO        14833    .ARM.Collect$$libinit$$00000013  c_w.l(libinit2.o)
    0x08000352   0x08000352   0x00000000   Code   RO        14835    .ARM.Collect$$libinit$$00000015  c_w.l(libinit2.o)
    0x08000352   0x08000352   0x00000000   Code   RO        14837    .ARM.Collect$$libinit$$00000017  c_w.l(libinit2.o)
    0x08000352   0x08000352   0x00000000   Code   RO        14839    .ARM.Collect$$libinit$$00000019  c_w.l(libinit2.o)
    0x08000352   0x08000352   0x00000000   Code   RO        14841    .ARM.Collect$$libinit$$0000001B  c_w.l(libinit2.o)
    0x08000352   0x08000352   0x00000000   Code   RO        14843    .ARM.Collect$$libinit$$0000001D  c_w.l(libinit2.o)
    0x08000352   0x08000352   0x00000000   Code   RO        14845    .ARM.Collect$$libinit$$0000001F  c_w.l(libinit2.o)
    0x08000352   0x08000352   0x00000000   Code   RO        14847    .ARM.Collect$$libinit$$00000021  c_w.l(libinit2.o)
    0x08000352   0x08000352   0x00000000   Code   RO        14849    .ARM.Collect$$libinit$$00000023  c_w.l(libinit2.o)
    0x08000352   0x08000352   0x00000000   Code   RO        14851    .ARM.Collect$$libinit$$00000025  c_w.l(libinit2.o)
    0x08000352   0x08000352   0x00000000   Code   RO        14855    .ARM.Collect$$libinit$$0000002C  c_w.l(libinit2.o)
    0x08000352   0x08000352   0x00000000   Code   RO        14857    .ARM.Collect$$libinit$$0000002E  c_w.l(libinit2.o)
    0x08000352   0x08000352   0x00000000   Code   RO        14859    .ARM.Collect$$libinit$$00000030  c_w.l(libinit2.o)
    0x08000352   0x08000352   0x00000000   Code   RO        14861    .ARM.Collect$$libinit$$00000032  c_w.l(libinit2.o)
    0x08000352   0x08000352   0x00000002   Code   RO        14862    .ARM.Collect$$libinit$$00000033  c_w.l(libinit2.o)
    0x08000354   0x08000354   0x00000002   Code   RO        14895    .ARM.Collect$$libshutdown$$00000000  c_w.l(libshutdown.o)
    0x08000356   0x08000356   0x00000000   Code   RO        14921    .ARM.Collect$$libshutdown$$00000002  c_w.l(libshutdown2.o)
    0x08000356   0x08000356   0x00000000   Code   RO        14923    .ARM.Collect$$libshutdown$$00000004  c_w.l(libshutdown2.o)
    0x08000356   0x08000356   0x00000000   Code   RO        14926    .ARM.Collect$$libshutdown$$00000007  c_w.l(libshutdown2.o)
    0x08000356   0x08000356   0x00000000   Code   RO        14929    .ARM.Collect$$libshutdown$$0000000A  c_w.l(libshutdown2.o)
    0x08000356   0x08000356   0x00000000   Code   RO        14931    .ARM.Collect$$libshutdown$$0000000C  c_w.l(libshutdown2.o)
    0x08000356   0x08000356   0x00000000   Code   RO        14934    .ARM.Collect$$libshutdown$$0000000F  c_w.l(libshutdown2.o)
    0x08000356   0x08000356   0x00000002   Code   RO        14935    .ARM.Collect$$libshutdown$$00000010  c_w.l(libshutdown2.o)
    0x08000358   0x08000358   0x00000000   Code   RO        14693    .ARM.Collect$$rtentry$$00000000  c_w.l(__rtentry.o)
    0x08000358   0x08000358   0x00000000   Code   RO        14768    .ARM.Collect$$rtentry$$00000002  c_w.l(__rtentry2.o)
    0x08000358   0x08000358   0x00000006   Code   RO        14780    .ARM.Collect$$rtentry$$00000004  c_w.l(__rtentry4.o)
    0x0800035e   0x0800035e   0x00000000   Code   RO        14770    .ARM.Collect$$rtentry$$00000009  c_w.l(__rtentry2.o)
    0x0800035e   0x0800035e   0x00000004   Code   RO        14771    .ARM.Collect$$rtentry$$0000000A  c_w.l(__rtentry2.o)
    0x08000362   0x08000362   0x00000000   Code   RO        14773    .ARM.Collect$$rtentry$$0000000C  c_w.l(__rtentry2.o)
    0x08000362   0x08000362   0x00000008   Code   RO        14774    .ARM.Collect$$rtentry$$0000000D  c_w.l(__rtentry2.o)
    0x0800036a   0x0800036a   0x00000002   Code   RO        14810    .ARM.Collect$$rtexit$$00000000  c_w.l(rtexit.o)
    0x0800036c   0x0800036c   0x00000000   Code   RO        14868    .ARM.Collect$$rtexit$$00000002  c_w.l(rtexit2.o)
    0x0800036c   0x0800036c   0x00000004   Code   RO        14869    .ARM.Collect$$rtexit$$00000003  c_w.l(rtexit2.o)
    0x08000370   0x08000370   0x00000006   Code   RO        14870    .ARM.Collect$$rtexit$$00000004  c_w.l(rtexit2.o)
    0x08000376   0x08000376   0x00000002   PAD
    0x08000378   0x08000378   0x000000be   Code   RO         6717    .emb_text           port.o
    0x08000436   0x08000436   0x00000002   PAD
    0x08000438   0x08000438   0x00000040   Code   RO            4    .text               startup_stm32h743xx.o
    0x08000478   0x08000478   0x000000ee   Code   RO        14505    .text               c_w.l(lludivv7m.o)
    0x08000566   0x08000566   0x0000008a   Code   RO        14513    .text               c_w.l(rt_memcpy_v6.o)
    0x080005f0   0x080005f0   0x00000064   Code   RO        14515    .text               c_w.l(rt_memcpy_w.o)
    0x08000654   0x08000654   0x0000004e   Code   RO        14521    .text               c_w.l(rt_memclr_w.o)
    0x080006a2   0x080006a2   0x00000006   Code   RO        14523    .text               c_w.l(heapauxi.o)
    0x080006a8   0x080006a8   0x00000016   Code   RO        14698    .text               c_w.l(_rserrno.o)
    0x080006be   0x080006be   0x00000002   PAD
    0x080006c0   0x080006c0   0x00000008   Code   RO        14787    .text               c_w.l(rt_errno_addr_intlibspace.o)
    0x080006c8   0x080006c8   0x00000008   Code   RO        14791    .text               c_w.l(libspace.o)
    0x080006d0   0x080006d0   0x0000004a   Code   RO        14794    .text               c_w.l(sys_stackheap_outer.o)
    0x0800071a   0x0800071a   0x00000012   Code   RO        14796    .text               c_w.l(exit.o)
    0x0800072c   0x0800072c   0x0000000c   Code   RO        14865    .text               c_w.l(sys_exit.o)
    0x08000738   0x08000738   0x00000002   Code   RO        14884    .text               c_w.l(use_no_semi.o)
    0x0800073a   0x0800073a   0x00000000   Code   RO        14886    .text               c_w.l(indicate_semi.o)
    0x0800073a   0x0800073a   0x00000002   PAD
    0x0800073c   0x0800073c   0x00000128   Code   RO         6797    i.Board2_To_1       boardcommunication.o
    0x08000864   0x08000864   0x0000000c   Code   RO         6798    i.Board2_getChassisFunctionInfo  boardcommunication.o
    0x08000870   0x08000870   0x00000070   Code   RO         6799    i.Board2_getChassisInfo  boardcommunication.o
    0x080008e0   0x080008e0   0x00000060   Code   RO         6800    i.Board2_getGimbalInfo  boardcommunication.o
    0x08000940   0x08000940   0x00000004   Code   RO          572    i.BusFault_Handler  stm32h7xx_it.o
    0x08000944   0x08000944   0x000000c6   Code   RO         7517    i.Chassis_Absolute_Cal  chassis.o
    0x08000a0a   0x08000a0a   0x00000002   PAD
    0x08000a0c   0x08000a0c   0x000000e0   Code   RO         7383    i.DATA_Trans        imu.o
    0x08000aec   0x08000aec   0x00000010   Code   RO          573    i.DMA1_Stream0_IRQHandler  stm32h7xx_it.o
    0x08000afc   0x08000afc   0x00000010   Code   RO          574    i.DMA1_Stream1_IRQHandler  stm32h7xx_it.o
    0x08000b0c   0x08000b0c   0x00000010   Code   RO          575    i.DMA1_Stream2_IRQHandler  stm32h7xx_it.o
    0x08000b1c   0x08000b1c   0x00000010   Code   RO          576    i.DMA1_Stream3_IRQHandler  stm32h7xx_it.o
    0x08000b2c   0x08000b2c   0x000000ec   Code   RO         3271    i.DMA_CalcBaseAndBitshift  stm32h7xx_hal_dma.o
    0x08000c18   0x08000c18   0x000000c4   Code   RO         3272    i.DMA_CalcDMAMUXChannelBaseAndMask  stm32h7xx_hal_dma.o
    0x08000cdc   0x08000cdc   0x00000098   Code   RO         3273    i.DMA_CalcDMAMUXRequestGenBaseAndMask  stm32h7xx_hal_dma.o
    0x08000d74   0x08000d74   0x000000ae   Code   RO         3274    i.DMA_CheckFifoParam  stm32h7xx_hal_dma.o
    0x08000e22   0x08000e22   0x00000002   PAD
    0x08000e24   0x08000e24   0x00000274   Code   RO         3275    i.DMA_SetConfig     stm32h7xx_hal_dma.o
    0x08001098   0x08001098   0x0000049c   Code   RO         7191    i.DT7_Handle        dt7.o
    0x08001534   0x08001534   0x00000018   Code   RO         7192    i.DT7_Init          dt7.o
    0x0800154c   0x0800154c   0x00000002   Code   RO          577    i.DebugMon_Handler  stm32h7xx_it.o
    0x0800154e   0x0800154e   0x00000006   Code   RO           13    i.Error_Handler     main.o
    0x08001554   0x08001554   0x00000010   Code   RO          578    i.FDCAN1_IT0_IRQHandler  stm32h7xx_it.o
    0x08001564   0x08001564   0x00000010   Code   RO          579    i.FDCAN1_IT1_IRQHandler  stm32h7xx_it.o
    0x08001574   0x08001574   0x00000010   Code   RO          580    i.FDCAN2_IT0_IRQHandler  stm32h7xx_it.o
    0x08001584   0x08001584   0x00000010   Code   RO          581    i.FDCAN2_IT1_IRQHandler  stm32h7xx_it.o
    0x08001594   0x08001594   0x00000220   Code   RO         1941    i.FDCAN_CalcultateRamBlockAddresses  stm32h7xx_hal_fdcan.o
    0x080017b4   0x080017b4   0x000000d0   Code   RO         1942    i.FDCAN_CopyMessageToRAM  stm32h7xx_hal_fdcan.o
    0x08001884   0x08001884   0x000002e0   Code   RO         7596    i.FuzzyComputation  fuzzy_pid.o
    0x08001b64   0x08001b64   0x00000034   Code   RO         7808    i.Get_CRC16_Check_Sum  protocol_judgement.o
    0x08001b98   0x08001b98   0x00000024   Code   RO         7809    i.Get_CRC8_Check_Sum  protocol_judgement.o
    0x08001bbc   0x08001bbc   0x000004dc   Code   RO         3276    i.HAL_DMA_Abort     stm32h7xx_hal_dma.o
    0x08002098   0x08002098   0x00000398   Code   RO         3277    i.HAL_DMA_Abort_IT  stm32h7xx_hal_dma.o
    0x08002430   0x08002430   0x00000af8   Code   RO         3281    i.HAL_DMA_IRQHandler  stm32h7xx_hal_dma.o
    0x08002f28   0x08002f28   0x00000520   Code   RO         3282    i.HAL_DMA_Init      stm32h7xx_hal_dma.o
    0x08003448   0x08003448   0x000003e0   Code   RO         3286    i.HAL_DMA_Start_IT  stm32h7xx_hal_dma.o
    0x08003828   0x08003828   0x000000a8   Code   RO         1944    i.HAL_FDCAN_ActivateNotification  stm32h7xx_hal_fdcan.o
    0x080038d0   0x080038d0   0x00000090   Code   RO         1946    i.HAL_FDCAN_AddMessageToTxFifoQ  stm32h7xx_hal_fdcan.o
    0x08003960   0x08003960   0x00000002   Code   RO         1947    i.HAL_FDCAN_ClockCalibrationCallback  stm32h7xx_hal_fdcan.o
    0x08003962   0x08003962   0x000000a8   Code   RO         1951    i.HAL_FDCAN_ConfigFilter  stm32h7xx_hal_fdcan.o
    0x08003a0a   0x08003a0a   0x00000034   Code   RO         1952    i.HAL_FDCAN_ConfigGlobalFilter  stm32h7xx_hal_fdcan.o
    0x08003a3e   0x08003a3e   0x00000002   Code   RO         1973    i.HAL_FDCAN_ErrorCallback  stm32h7xx_hal_fdcan.o
    0x08003a40   0x08003a40   0x00000028   Code   RO         6851    i.HAL_FDCAN_ErrorStatusCallback  bsp_fdcan.o
    0x08003a68   0x08003a68   0x000001f4   Code   RO         1985    i.HAL_FDCAN_GetRxMessage  stm32h7xx_hal_fdcan.o
    0x08003c5c   0x08003c5c   0x00000002   Code   RO         1991    i.HAL_FDCAN_HighPriorityMessageCallback  stm32h7xx_hal_fdcan.o
    0x08003c5e   0x08003c5e   0x00000002   PAD
    0x08003c60   0x08003c60   0x000003d4   Code   RO         1992    i.HAL_FDCAN_IRQHandler  stm32h7xx_hal_fdcan.o
    0x08004034   0x08004034   0x000002e0   Code   RO         1993    i.HAL_FDCAN_Init    stm32h7xx_hal_fdcan.o
    0x08004314   0x08004314   0x00000188   Code   RO          410    i.HAL_FDCAN_MspInit  fdcan.o
    0x0800449c   0x0800449c   0x00000002   Code   RO         2002    i.HAL_FDCAN_RxBufferNewMessageCallback  stm32h7xx_hal_fdcan.o
    0x0800449e   0x0800449e   0x00000002   PAD
    0x080044a0   0x080044a0   0x00000034   Code   RO         6852    i.HAL_FDCAN_RxFifo0Callback  bsp_fdcan.o
    0x080044d4   0x080044d4   0x00000002   Code   RO         2004    i.HAL_FDCAN_RxFifo1Callback  stm32h7xx_hal_fdcan.o
    0x080044d6   0x080044d6   0x00000034   Code   RO         2005    i.HAL_FDCAN_Start   stm32h7xx_hal_fdcan.o
    0x0800450a   0x0800450a   0x00000002   Code   RO         2027    i.HAL_FDCAN_TT_GlobalTimeCallback  stm32h7xx_hal_fdcan.o
    0x0800450c   0x0800450c   0x00000002   Code   RO         2028    i.HAL_FDCAN_TT_ScheduleSyncCallback  stm32h7xx_hal_fdcan.o
    0x0800450e   0x0800450e   0x00000002   Code   RO         2033    i.HAL_FDCAN_TT_StopWatchCallback  stm32h7xx_hal_fdcan.o
    0x08004510   0x08004510   0x00000002   Code   RO         2034    i.HAL_FDCAN_TT_TimeMarkCallback  stm32h7xx_hal_fdcan.o
    0x08004512   0x08004512   0x00000002   Code   RO         2035    i.HAL_FDCAN_TimeoutOccurredCallback  stm32h7xx_hal_fdcan.o
    0x08004514   0x08004514   0x00000002   Code   RO         2036    i.HAL_FDCAN_TimestampWraparoundCallback  stm32h7xx_hal_fdcan.o
    0x08004516   0x08004516   0x00000002   Code   RO         2037    i.HAL_FDCAN_TxBufferAbortCallback  stm32h7xx_hal_fdcan.o
    0x08004518   0x08004518   0x00000002   Code   RO         2038    i.HAL_FDCAN_TxBufferCompleteCallback  stm32h7xx_hal_fdcan.o
    0x0800451a   0x0800451a   0x00000002   Code   RO         2039    i.HAL_FDCAN_TxEventFifoCallback  stm32h7xx_hal_fdcan.o
    0x0800451c   0x0800451c   0x00000002   Code   RO         2040    i.HAL_FDCAN_TxFifoEmptyCallback  stm32h7xx_hal_fdcan.o
    0x0800451e   0x0800451e   0x00000002   PAD
    0x08004520   0x08004520   0x000001fc   Code   RO         3124    i.HAL_GPIO_Init     stm32h7xx_hal_gpio.o
    0x0800471c   0x0800471c   0x0000000c   Code   RO         3996    i.HAL_GetREVID      stm32h7xx_hal.o
    0x08004728   0x08004728   0x0000000c   Code   RO         3997    i.HAL_GetTick       stm32h7xx_hal.o
    0x08004734   0x08004734   0x00000018   Code   RO         4003    i.HAL_IncTick       stm32h7xx_hal.o
    0x0800474c   0x0800474c   0x00000060   Code   RO         4004    i.HAL_Init          stm32h7xx_hal.o
    0x080047ac   0x080047ac   0x000000a0   Code   RO          726    i.HAL_InitTick      stm32h7xx_hal_timebase_tim.o
    0x0800484c   0x0800484c   0x00000030   Code   RO          702    i.HAL_MspInit       stm32h7xx_hal_msp.o
    0x0800487c   0x0800487c   0x00000028   Code   RO         1791    i.HAL_NVIC_EnableIRQ  stm32h7xx_hal_cortex.o
    0x080048a4   0x080048a4   0x0000007a   Code   RO         1797    i.HAL_NVIC_SetPriority  stm32h7xx_hal_cortex.o
    0x0800491e   0x0800491e   0x00000002   PAD
    0x08004920   0x08004920   0x00000028   Code   RO         1798    i.HAL_NVIC_SetPriorityGrouping  stm32h7xx_hal_cortex.o
    0x08004948   0x08004948   0x00000060   Code   RO         3725    i.HAL_PWREx_ConfigSupply  stm32h7xx_hal_pwr_ex.o
    0x080049a8   0x080049a8   0x00000024   Code   RO         2675    i.HAL_RCCEx_GetD3PCLK1Freq  stm32h7xx_hal_rcc_ex.o
    0x080049cc   0x080049cc   0x00000230   Code   RO         2677    i.HAL_RCCEx_GetPLL2ClockFreq  stm32h7xx_hal_rcc_ex.o
    0x08004bfc   0x08004bfc   0x00000230   Code   RO         2678    i.HAL_RCCEx_GetPLL3ClockFreq  stm32h7xx_hal_rcc_ex.o
    0x08004e2c   0x08004e2c   0x00000d68   Code   RO         2684    i.HAL_RCCEx_PeriphCLKConfig  stm32h7xx_hal_rcc_ex.o
    0x08005b94   0x08005b94   0x00000320   Code   RO         2560    i.HAL_RCC_ClockConfig  stm32h7xx_hal_rcc.o
    0x08005eb4   0x08005eb4   0x0000006c   Code   RO         2564    i.HAL_RCC_GetClockConfig  stm32h7xx_hal_rcc.o
    0x08005f20   0x08005f20   0x0000004c   Code   RO         2565    i.HAL_RCC_GetHCLKFreq  stm32h7xx_hal_rcc.o
    0x08005f6c   0x08005f6c   0x00000024   Code   RO         2567    i.HAL_RCC_GetPCLK1Freq  stm32h7xx_hal_rcc.o
    0x08005f90   0x08005f90   0x00000024   Code   RO         2568    i.HAL_RCC_GetPCLK2Freq  stm32h7xx_hal_rcc.o
    0x08005fb4   0x08005fb4   0x0000022c   Code   RO         2569    i.HAL_RCC_GetSysClockFreq  stm32h7xx_hal_rcc.o
    0x080061e0   0x080061e0   0x00000858   Code   RO         2572    i.HAL_RCC_OscConfig  stm32h7xx_hal_rcc.o
    0x08006a38   0x08006a38   0x00000002   Code   RO         1492    i.HAL_TIMEx_Break2Callback  stm32h7xx_hal_tim_ex.o
    0x08006a3a   0x08006a3a   0x00000002   Code   RO         1493    i.HAL_TIMEx_BreakCallback  stm32h7xx_hal_tim_ex.o
    0x08006a3c   0x08006a3c   0x00000002   Code   RO         1494    i.HAL_TIMEx_CommutCallback  stm32h7xx_hal_tim_ex.o
    0x08006a3e   0x08006a3e   0x00000002   PAD
    0x08006a40   0x08006a40   0x000000cc   Code   RO         1514    i.HAL_TIMEx_MasterConfigSynchronization  stm32h7xx_hal_tim_ex.o
    0x08006b0c   0x08006b0c   0x0000006e   Code   RO          767    i.HAL_TIM_Base_Init  stm32h7xx_hal_tim.o
    0x08006b7a   0x08006b7a   0x00000002   PAD
    0x08006b7c   0x08006b7c   0x00000044   Code   RO          477    i.HAL_TIM_Base_MspInit  tim.o
    0x08006bc0   0x08006bc0   0x000000b4   Code   RO          772    i.HAL_TIM_Base_Start_IT  stm32h7xx_hal_tim.o
    0x08006c74   0x08006c74   0x00000134   Code   RO          776    i.HAL_TIM_ConfigClockSource  stm32h7xx_hal_tim.o
    0x08006da8   0x08006da8   0x00000002   Code   RO          801    i.HAL_TIM_IC_CaptureCallback  stm32h7xx_hal_tim.o
    0x08006daa   0x08006daa   0x00000198   Code   RO          815    i.HAL_TIM_IRQHandler  stm32h7xx_hal_tim.o
    0x08006f42   0x08006f42   0x00000002   Code   RO          818    i.HAL_TIM_OC_DelayElapsedCallback  stm32h7xx_hal_tim.o
    0x08006f44   0x08006f44   0x00000002   Code   RO          845    i.HAL_TIM_PWM_PulseFinishedCallback  stm32h7xx_hal_tim.o
    0x08006f46   0x08006f46   0x00000002   PAD
    0x08006f48   0x08006f48   0x00000018   Code   RO           14    i.HAL_TIM_PeriodElapsedCallback  main.o
    0x08006f60   0x08006f60   0x00000002   Code   RO          858    i.HAL_TIM_TriggerCallback  stm32h7xx_hal_tim.o
    0x08006f62   0x08006f62   0x0000004e   Code   RO         5313    i.HAL_UARTEx_DisableFifoMode  stm32h7xx_hal_uart_ex.o
    0x08006fb0   0x08006fb0   0x00000062   Code   RO         5319    i.HAL_UARTEx_ReceiveToIdle_DMA  stm32h7xx_hal_uart_ex.o
    0x08007012   0x08007012   0x00000002   PAD
    0x08007014   0x08007014   0x0000014c   Code   RO         6942    i.HAL_UARTEx_RxEventCallback  bsp_usart.o
    0x08007160   0x08007160   0x00000002   Code   RO         5321    i.HAL_UARTEx_RxFifoFullCallback  stm32h7xx_hal_uart_ex.o
    0x08007162   0x08007162   0x0000005e   Code   RO         5322    i.HAL_UARTEx_SetRxFifoThreshold  stm32h7xx_hal_uart_ex.o
    0x080071c0   0x080071c0   0x0000005e   Code   RO         5323    i.HAL_UARTEx_SetTxFifoThreshold  stm32h7xx_hal_uart_ex.o
    0x0800721e   0x0800721e   0x00000002   Code   RO         5325    i.HAL_UARTEx_TxFifoEmptyCallback  stm32h7xx_hal_uart_ex.o
    0x08007220   0x08007220   0x00000002   Code   RO         5326    i.HAL_UARTEx_WakeupCallback  stm32h7xx_hal_uart_ex.o
    0x08007222   0x08007222   0x00000002   Code   RO         4913    i.HAL_UART_ErrorCallback  stm32h7xx_hal_uart.o
    0x08007224   0x08007224   0x000004b6   Code   RO         4916    i.HAL_UART_IRQHandler  stm32h7xx_hal_uart.o
    0x080076da   0x080076da   0x00000078   Code   RO         4917    i.HAL_UART_Init     stm32h7xx_hal_uart.o
    0x08007752   0x08007752   0x00000002   PAD
    0x08007754   0x08007754   0x000002e8   Code   RO          519    i.HAL_UART_MspInit  usart.o
    0x08007a3c   0x08007a3c   0x00000002   Code   RO         4924    i.HAL_UART_RxCpltCallback  stm32h7xx_hal_uart.o
    0x08007a3e   0x08007a3e   0x00000002   Code   RO         4925    i.HAL_UART_RxHalfCpltCallback  stm32h7xx_hal_uart.o
    0x08007a40   0x08007a40   0x00000002   Code   RO         4929    i.HAL_UART_TxCpltCallback  stm32h7xx_hal_uart.o
    0x08007a42   0x08007a42   0x00000004   Code   RO          582    i.HardFault_Handler  stm32h7xx_it.o
    0x08007a46   0x08007a46   0x00000002   PAD
    0x08007a48   0x08007a48   0x00000260   Code   RO         7384    i.IMU_Handler       imu.o
    0x08007ca8   0x08007ca8   0x00000024   Code   RO         7385    i.IMU_Init          imu.o
    0x08007ccc   0x08007ccc   0x0000001c   Code   RO         7810    i.JudgeSystem_Handler  protocol_judgement.o
    0x08007ce8   0x08007ce8   0x00000014   Code   RO         7811    i.JudgeSystem_USART_Receive_DMA  protocol_judgement.o
    0x08007cfc   0x08007cfc   0x00000218   Code   RO         7812    i.Judge_GetMessage  protocol_judgement.o
    0x08007f14   0x08007f14   0x000000cc   Code   RO         7193    i.KeyMouseFlag_Update  dt7.o
    0x08007fe0   0x08007fe0   0x000000b2   Code   RO         7597    i.Linear_Quantization  fuzzy_pid.o
    0x08008092   0x08008092   0x00000002   PAD
    0x08008094   0x08008094   0x00000064   Code   RO          385    i.MX_DMA_Init       dma.o
    0x080080f8   0x080080f8   0x00000084   Code   RO          411    i.MX_FDCAN1_Init    fdcan.o
    0x0800817c   0x0800817c   0x00000084   Code   RO          412    i.MX_FDCAN2_Init    fdcan.o
    0x08008200   0x08008200   0x00000044   Code   RO          260    i.MX_FREERTOS_Init  freertos.o
    0x08008244   0x08008244   0x00000074   Code   RO          236    i.MX_GPIO_Init      gpio.o
    0x080082b8   0x080082b8   0x00000074   Code   RO          478    i.MX_TIM1_Init      tim.o
    0x0800832c   0x0800832c   0x0000006c   Code   RO          520    i.MX_USART1_UART_Init  usart.o
    0x08008398   0x08008398   0x0000006c   Code   RO          521    i.MX_USART2_UART_Init  usart.o
    0x08008404   0x08008404   0x0000006c   Code   RO          522    i.MX_USART3_UART_Init  usart.o
    0x08008470   0x08008470   0x00000004   Code   RO          583    i.MemManage_Handler  stm32h7xx_it.o
    0x08008474   0x08008474   0x00000174   Code   RO         7598    i.Membership_Calc   fuzzy_pid.o
    0x080085e8   0x080085e8   0x00000004   Code   RO          584    i.NMI_Handler       stm32h7xx_it.o
    0x080085ec   0x080085ec   0x0000008c   Code   RO         7709    i.PID_Init          pid.o
    0x08008678   0x08008678   0x000000c2   Code   RO         7710    i.PID_Model1_Update  pid.o
    0x0800873a   0x0800873a   0x000000b6   Code   RO         7711    i.PID_Model2_Update  pid.o
    0x080087f0   0x080087f0   0x00000134   Code   RO         7712    i.PID_Model3_Update  pid.o
    0x08008924   0x08008924   0x00000132   Code   RO         7713    i.PID_Model4_Update  pid.o
    0x08008a56   0x08008a56   0x00000002   PAD
    0x08008a58   0x08008a58   0x0000003c   Code   RO         7884    i.PowerBankReceive  powerbank.o
    0x08008a94   0x08008a94   0x00000048   Code   RO         7885    i.PowerBankSend     powerbank.o
    0x08008adc   0x08008adc   0x00000164   Code   RO         2687    i.RCCEx_PLL2_Config  stm32h7xx_hal_rcc_ex.o
    0x08008c40   0x08008c40   0x00000164   Code   RO         2688    i.RCCEx_PLL3_Config  stm32h7xx_hal_rcc_ex.o
    0x08008da4   0x08008da4   0x00000038   Code   RO         7444    i.Robot_Control     robotcontrol.o
    0x08008ddc   0x08008ddc   0x00000020   Code   RO          261    i.StartDefaultTask  freertos.o
    0x08008dfc   0x08008dfc   0x00000034   Code   RO         6718    i.SysTick_Handler   port.o
    0x08008e30   0x08008e30   0x000000d4   Code   RO           15    i.SystemClock_Config  main.o
    0x08008f04   0x08008f04   0x000000fc   Code   RO         5437    i.SystemInit        system_stm32h7xx.o
    0x08009000   0x08009000   0x00000010   Code   RO          585    i.TIM1_BRK_IRQHandler  stm32h7xx_it.o
    0x08009010   0x08009010   0x00000010   Code   RO          586    i.TIM6_DAC_IRQHandler  stm32h7xx_it.o
    0x08009020   0x08009020   0x000000d4   Code   RO          860    i.TIM_Base_SetConfig  stm32h7xx_hal_tim.o
    0x080090f4   0x080090f4   0x00000016   Code   RO          871    i.TIM_ETR_SetConfig  stm32h7xx_hal_tim.o
    0x0800910a   0x0800910a   0x00000002   PAD
    0x0800910c   0x0800910c   0x00000018   Code   RO          872    i.TIM_ITRx_SetConfig  stm32h7xx_hal_tim.o
    0x08009124   0x08009124   0x00000026   Code   RO          880    i.TIM_TI1_ConfigInputStage  stm32h7xx_hal_tim.o
    0x0800914a   0x0800914a   0x00000028   Code   RO          882    i.TIM_TI2_ConfigInputStage  stm32h7xx_hal_tim.o
    0x08009172   0x08009172   0x00000002   PAD
    0x08009174   0x08009174   0x00000058   Code   RO         5327    i.UARTEx_SetNbDataToProcess  stm32h7xx_hal_uart_ex.o
    0x080091cc   0x080091cc   0x000000f8   Code   RO         4931    i.UART_AdvFeatureConfig  stm32h7xx_hal_uart.o
    0x080092c4   0x080092c4   0x000000ea   Code   RO         4932    i.UART_CheckIdleState  stm32h7xx_hal_uart.o
    0x080093ae   0x080093ae   0x00000014   Code   RO         4933    i.UART_DMAAbortOnError  stm32h7xx_hal_uart.o
    0x080093c2   0x080093c2   0x0000005e   Code   RO         4934    i.UART_DMAError     stm32h7xx_hal_uart.o
    0x08009420   0x08009420   0x000000ae   Code   RO         4935    i.UART_DMAReceiveCplt  stm32h7xx_hal_uart.o
    0x080094ce   0x080094ce   0x00000026   Code   RO         4937    i.UART_DMARxHalfCplt  stm32h7xx_hal_uart.o
    0x080094f4   0x080094f4   0x0000006c   Code   RO         4943    i.UART_EndRxTransfer  stm32h7xx_hal_uart.o
    0x08009560   0x08009560   0x00000030   Code   RO         4944    i.UART_EndTransmit_IT  stm32h7xx_hal_uart.o
    0x08009590   0x08009590   0x00000040   Code   RO         4945    i.UART_EndTxTransfer  stm32h7xx_hal_uart.o
    0x080095d0   0x080095d0   0x0000058c   Code   RO         4950    i.UART_SetConfig    stm32h7xx_hal_uart.o
    0x08009b5c   0x08009b5c   0x000000c8   Code   RO         4951    i.UART_Start_Receive_DMA  stm32h7xx_hal_uart.o
    0x08009c24   0x08009c24   0x000000ac   Code   RO         4957    i.UART_WaitOnFlagUntilTimeout  stm32h7xx_hal_uart.o
    0x08009cd0   0x08009cd0   0x00000010   Code   RO          587    i.USART1_IRQHandler  stm32h7xx_it.o
    0x08009ce0   0x08009ce0   0x00000010   Code   RO          588    i.USART3_IRQHandler  stm32h7xx_it.o
    0x08009cf0   0x08009cf0   0x00000004   Code   RO          589    i.UsageFault_Handler  stm32h7xx_it.o
    0x08009cf4   0x08009cf4   0x00000040   Code   RO         7813    i.Verify_CRC16_Check_Sum  protocol_judgement.o
    0x08009d34   0x08009d34   0x00000034   Code   RO         7814    i.Verify_CRC8_Check_Sum  protocol_judgement.o
    0x08009d68   0x08009d68   0x00000030   Code   RO        14732    i.__ARM_fpclassify  m_wv.l(fpclassify.o)
    0x08009d98   0x08009d98   0x00000010   Code   RO         1804    i.__NVIC_GetPriorityGrouping  stm32h7xx_hal_cortex.o
    0x08009da8   0x08009da8   0x00000028   Code   RO         1805    i.__NVIC_SetPriority  stm32h7xx_hal_cortex.o
    0x08009dd0   0x08009dd0   0x000000b0   Code   RO        14537    i.__hardfp_cos      m_wv.l(cos.o)
    0x08009e80   0x08009e80   0x000008f8   Code   RO        14617    i.__hardfp_pow      m_wv.l(pow.o)
    0x0800a778   0x0800a778   0x000000b0   Code   RO        14645    i.__hardfp_sin      m_wv.l(sin.o)
    0x0800a828   0x0800a828   0x00000066   Code   RO        14657    i.__hardfp_sqrt     m_wv.l(sqrt.o)
    0x0800a88e   0x0800a88e   0x00000002   PAD
    0x0800a890   0x0800a890   0x00000310   Code   RO        14753    i.__ieee754_rem_pio2  m_wv.l(rred.o)
    0x0800aba0   0x0800aba0   0x000000e0   Code   RO        14709    i.__kernel_cos      m_wv.l(cos_i.o)
    0x0800ac80   0x0800ac80   0x00000070   Code   RO        14750    i.__kernel_poly     m_wv.l(poly.o)
    0x0800acf0   0x0800acf0   0x000000a8   Code   RO        14761    i.__kernel_sin      m_wv.l(sin_i.o)
    0x0800ad98   0x0800ad98   0x00000020   Code   RO        14712    i.__mathlib_dbl_divzero  m_wv.l(dunder.o)
    0x0800adb8   0x0800adb8   0x00000006   Code   RO        14714    i.__mathlib_dbl_infnan2  m_wv.l(dunder.o)
    0x0800adbe   0x0800adbe   0x00000002   PAD
    0x0800adc0   0x0800adc0   0x00000018   Code   RO        14715    i.__mathlib_dbl_invalid  m_wv.l(dunder.o)
    0x0800add8   0x0800add8   0x00000018   Code   RO        14716    i.__mathlib_dbl_overflow  m_wv.l(dunder.o)
    0x0800adf0   0x0800adf0   0x00000018   Code   RO        14718    i.__mathlib_dbl_underflow  m_wv.l(dunder.o)
    0x0800ae08   0x0800ae08   0x0000002e   Code   RO         7714    i.abs_limit         pid.o
    0x0800ae36   0x0800ae36   0x00000144   Code   RO         7518    i.backward_calc     chassis.o
    0x0800af7a   0x0800af7a   0x00000002   PAD
    0x0800af7c   0x0800af7c   0x000000b8   Code   RO         6853    i.bsp_can_init      bsp_fdcan.o
    0x0800b034   0x0800b034   0x00000300   Code   RO         7519    i.chassis_init      chassis.o
    0x0800b334   0x0800b334   0x00000380   Code   RO         7520    i.chassis_task      chassis.o
    0x0800b6b4   0x0800b6b4   0x00000018   Code   RO         7128    i.encoder_to_quanshu  motor.o
    0x0800b6cc   0x0800b6cc   0x00000018   Code   RO        14728    i.fabs              m_wv.l(fabs.o)
    0x0800b6e4   0x0800b6e4   0x0000009c   Code   RO         6854    i.fdcan1_rx_callback  bsp_fdcan.o
    0x0800b780   0x0800b780   0x000000c0   Code   RO         6855    i.fdcan2_rx_callback  bsp_fdcan.o
    0x0800b840   0x0800b840   0x00000068   Code   RO         6856    i.fdcanx_receive    bsp_fdcan.o
    0x0800b8a8   0x0800b8a8   0x00000074   Code   RO         6857    i.fdcanx_send_data  bsp_fdcan.o
    0x0800b91c   0x0800b91c   0x0000002a   Code   RO         7129    i.get_motor_data    motor.o
    0x0800b946   0x0800b946   0x00000034   Code   RO           16    i.main              main.o
    0x0800b97a   0x0800b97a   0x0000000e   Code   RO         6283    i.makeFreeRtosPriority  cmsis_os.o
    0x0800b988   0x0800b988   0x00000054   Code   RO         7130    i.motor_encoder_state_change  motor.o
    0x0800b9dc   0x0800b9dc   0x00000022   Code   RO         7131    i.motor_init        motor.o
    0x0800b9fe   0x0800b9fe   0x00000002   PAD
    0x0800ba00   0x0800ba00   0x000006f4   Code   RO         7132    i.motor_location_change  motor.o
    0x0800c0f4   0x0800c0f4   0x000007c4   Code   RO         7133    i.motor_velocity_change  motor.o
    0x0800c8b8   0x0800c8b8   0x0000000a   Code   RO         6288    i.osKernelStart     cmsis_os.o
    0x0800c8c2   0x0800c8c2   0x0000005e   Code   RO         6322    i.osThreadCreate    cmsis_os.o
    0x0800c920   0x0800c920   0x0000000e   Code   RO         6331    i.osThreadTerminate  cmsis_os.o
    0x0800c92e   0x0800c92e   0x00000002   PAD
    0x0800c930   0x0800c930   0x00000098   Code   RO         5948    i.prvAddCurrentTaskToDelayedList  tasks.o
    0x0800c9c8   0x0800c9c8   0x000000b4   Code   RO         5949    i.prvAddNewTaskToReadyList  tasks.o
    0x0800ca7c   0x0800ca7c   0x00000048   Code   RO         5950    i.prvCheckTasksWaitingTermination  tasks.o
    0x0800cac4   0x0800cac4   0x00000050   Code   RO         5951    i.prvDeleteTCB      tasks.o
    0x0800cb14   0x0800cb14   0x0000007c   Code   RO         6650    i.prvHeapInit       heap_4.o
    0x0800cb90   0x0800cb90   0x00000028   Code   RO         5952    i.prvIdleTask       tasks.o
    0x0800cbb8   0x0800cbb8   0x000000b4   Code   RO         5953    i.prvInitialiseNewTask  tasks.o
    0x0800cc6c   0x0800cc6c   0x00000068   Code   RO         5954    i.prvInitialiseTaskLists  tasks.o
    0x0800ccd4   0x0800ccd4   0x00000068   Code   RO         6651    i.prvInsertBlockIntoFreeList  heap_4.o
    0x0800cd3c   0x0800cd3c   0x00000034   Code   RO         5955    i.prvResetNextTaskUnblockTime  tasks.o
    0x0800cd70   0x0800cd70   0x00000040   Code   RO         6719    i.prvTaskExitError  port.o
    0x0800cdb0   0x0800cdb0   0x0000014c   Code   RO         6652    i.pvPortMalloc      heap_4.o
    0x0800cefc   0x0800cefc   0x0000002c   Code   RO         6720    i.pxPortInitialiseStack  port.o
    0x0800cf28   0x0800cf28   0x00000018   Code   RO         7134    i.quanshu_to_encoder  motor.o
    0x0800cf40   0x0800cf40   0x0000006a   Code   RO        14659    i.sqrt              m_wv.l(sqrt.o)
    0x0800cfaa   0x0800cfaa   0x00000002   PAD
    0x0800cfac   0x0800cfac   0x00000024   Code   RO         7480    i.task_start_init   task_init.o
    0x0800cfd0   0x0800cfd0   0x0000001e   Code   RO         7386    i.timestamp         imu.o
    0x0800cfee   0x0800cfee   0x00000028   Code   RO         5574    i.uxListRemove      list.o
    0x0800d016   0x0800d016   0x00000002   PAD
    0x0800d018   0x0800d018   0x00000018   Code   RO          262    i.vApplicationGetIdleTaskMemory  freertos.o
    0x0800d030   0x0800d030   0x0000001a   Code   RO         5575    i.vListInitialise   list.o
    0x0800d04a   0x0800d04a   0x00000006   Code   RO         5576    i.vListInitialiseItem  list.o
    0x0800d050   0x0800d050   0x00000034   Code   RO         5577    i.vListInsert       list.o
    0x0800d084   0x0800d084   0x00000018   Code   RO         5578    i.vListInsertEnd    list.o
    0x0800d09c   0x0800d09c   0x00000054   Code   RO         6722    i.vPortEnterCritical  port.o
    0x0800d0f0   0x0800d0f0   0x0000003c   Code   RO         6723    i.vPortExitCritical  port.o
    0x0800d12c   0x0800d12c   0x000000a4   Code   RO         6653    i.vPortFree         heap_4.o
    0x0800d1d0   0x0800d1d0   0x00000028   Code   RO         6724    i.vPortSetupTimerInterrupt  port.o
    0x0800d1f8   0x0800d1f8   0x000000d4   Code   RO         5965    i.vTaskDelayUntil   tasks.o
    0x0800d2cc   0x0800d2cc   0x000000f4   Code   RO         5966    i.vTaskDelete       tasks.o
    0x0800d3c0   0x0800d3c0   0x000000b0   Code   RO         5978    i.vTaskStartScheduler  tasks.o
    0x0800d470   0x0800d470   0x00000010   Code   RO         5980    i.vTaskSuspendAll   tasks.o
    0x0800d480   0x0800d480   0x0000008c   Code   RO         5981    i.vTaskSwitchContext  tasks.o
    0x0800d50c   0x0800d50c   0x00000168   Code   RO         6726    i.xPortStartScheduler  port.o
    0x0800d674   0x0800d674   0x00000064   Code   RO         5984    i.xTaskCreate       tasks.o
    0x0800d6d8   0x0800d6d8   0x000000ba   Code   RO         5985    i.xTaskCreateStatic  tasks.o
    0x0800d792   0x0800d792   0x00000002   PAD
    0x0800d794   0x0800d794   0x0000000c   Code   RO         5990    i.xTaskGetTickCount  tasks.o
    0x0800d7a0   0x0800d7a0   0x00000148   Code   RO         5992    i.xTaskIncrementTick  tasks.o
    0x0800d8e8   0x0800d8e8   0x00000104   Code   RO         5998    i.xTaskResumeAll    tasks.o
    0x0800d9ec   0x0800d9ec   0x00000010   Code   RO        14789    x$fpl$dcheck1       fz_wv.l(dcheck1.o)
    0x0800d9fc   0x0800d9fc   0x00000060   Code   RO        14535    x$fpl$ffltll        fz_wv.l(ffltll_clz.o)
    0x0800da5c   0x0800da5c   0x0000000a   Code   RO        14880    x$fpl$fpinit        fz_wv.l(fpinit.o)
    0x0800da66   0x0800da66   0x00000064   Code   RO        14808    x$fpl$retnan        fz_wv.l(retnan.o)
    0x0800daca   0x0800daca   0x0000005c   Code   RO        14706    x$fpl$scalbn        fz_wv.l(scalbn.o)
    0x0800db26   0x0800db26   0x00000030   Code   RO        14863    x$fpl$trapveneer    fz_wv.l(trapv.o)
    0x0800db56   0x0800db56   0x00000000   Code   RO        14708    x$fpl$usenofp       fz_wv.l(usenofp.o)
    0x0800db56   0x0800db56   0x00000002   PAD
    0x0800db58   0x0800db58   0x00000338   Data   RO          264    .constdata          freertos.o
    0x0800de90   0x0800de90   0x0000005c   Data   RO         2041    .constdata          stm32h7xx_hal_fdcan.o
    0x0800deec   0x0800deec   0x00000008   Data   RO         3288    .constdata          stm32h7xx_hal_dma.o
    0x0800def4   0x0800def4   0x00000018   Data   RO         4958    .constdata          stm32h7xx_hal_uart.o
    0x0800df0c   0x0800df0c   0x00000010   Data   RO         5329    .constdata          stm32h7xx_hal_uart_ex.o
    0x0800df1c   0x0800df1c   0x00000010   Data   RO         5438    .constdata          system_stm32h7xx.o
    0x0800df2c   0x0800df2c   0x0000024c   Data   RO         7601    .constdata          fuzzy_pid.o
    0x0800e178   0x0800e178   0x00000088   Data   RO        14620    .constdata          m_wv.l(pow.o)
    0x0800e200   0x0800e200   0x00000030   Data   RO        14710    .constdata          m_wv.l(cos_i.o)
    0x0800e230   0x0800e230   0x00000008   Data   RO        14752    .constdata          m_wv.l(qnan.o)
    0x0800e238   0x0800e238   0x000000c8   Data   RO        14755    .constdata          m_wv.l(rred.o)
    0x0800e300   0x0800e300   0x00000028   Data   RO        14762    .constdata          m_wv.l(sin_i.o)
    0x0800e328   0x0800e328   0x00000020   Data   RO          265    .conststring        freertos.o
    0x0800e348   0x0800e348   0x00000020   Data   RO        14936    Region$$Table       anon$$obj.o


    Execution Region RW_IRAM1 (Exec base: 0x20000000, Load base: 0x0800e368, Size: 0x00000000, Max: 0x00020000, ABSOLUTE)

    **** No section assigned to this execution region ****


    Execution Region RW_IRAM2 (Exec base: 0x24000000, Load base: 0x0800e368, Size: 0x00006030, Max: 0x00080000, ABSOLUTE, COMPRESSED[0x00000344])

    Exec Addr    Load Addr    Size         Type   Attr      Idx    E Section Name        Object

    0x24000000   COMPRESSED   0x00000008   Data   RW          266    .data               freertos.o
    0x24000008   COMPRESSED   0x00000004   Data   RW          414    .data               fdcan.o
    0x2400000c   COMPRESSED   0x00000009   Data   RW         4026    .data               stm32h7xx_hal.o
    0x24000015   COMPRESSED   0x00000003   PAD
    0x24000018   COMPRESSED   0x00000008   Data   RW         5439    .data               system_stm32h7xx.o
    0x24000020   COMPRESSED   0x0000003c   Data   RW         6001    .data               tasks.o
    0x2400005c   COMPRESSED   0x00000020   Data   RW         6659    .data               heap_4.o
    0x2400007c   COMPRESSED   0x0000000c   Data   RW         6727    .data               port.o
    0x24000088   COMPRESSED   0x00000018   Data   RW         6802    .data               boardcommunication.o
    0x240000a0   COMPRESSED   0x00000018   Data   RW         6859    .data               bsp_fdcan.o
    0x240000b8   COMPRESSED   0x0000000c   Data   RW         6945    .data               bsp_usart.o
    0x240000c4   COMPRESSED   0x00000008   Data   RW         7196    .data               dt7.o
    0x240000cc   COMPRESSED   0x00000001   Data   RW         7388    .data               imu.o
    0x240000cd   COMPRESSED   0x00000003   PAD
    0x240000d0   COMPRESSED   0x00000024   Data   RW         7522    .data               chassis.o
    0x240000f4   COMPRESSED   0x00000304   Data   RW         7816    .data               protocol_judgement.o
    0x240003f8   COMPRESSED   0x00000008   Data   RW         7887    .data               powerbank.o
    0x24000400        -       0x00000254   Zero   RW          263    .bss                freertos.o
    0x24000654        -       0x00000140   Zero   RW          413    .bss                fdcan.o
    0x24000794        -       0x0000004c   Zero   RW          479    .bss                tim.o
    0x240007e0        -       0x0000039c   Zero   RW          523    .bss                usart.o
    0x24000b7c        -       0x0000004c   Zero   RW          729    .bss                stm32h7xx_hal_timebase_tim.o
    0x24000bc8        -       0x000000f0   Zero   RW         6000    .bss                tasks.o
    0x24000cb8        -       0x00003c00   Zero   RW         6658    .bss                heap_4.o
    0x240048b8        -       0x00000020   Zero   RW         6801    .bss                boardcommunication.o
    0x240048d8        -       0x000004d0   Zero   RW         6943    .bss                bsp_usart.o
    0x24004da8        -       0x0000006c   Zero   RW         7194    .bss                dt7.o
    0x24004e14   COMPRESSED   0x00000004   PAD
    0x24004e18        -       0x00000078   Zero   RW         7387    .bss                imu.o
    0x24004e90        -       0x00000710   Zero   RW         7521    .bss                chassis.o
    0x240055a0        -       0x00000200   Zero   RW         7600    .bss                fuzzy_pid.o
    0x240057a0        -       0x00000224   Zero   RW         7815    .bss                protocol_judgement.o
    0x240059c4        -       0x0000000c   Zero   RW         7886    .bss                powerbank.o
    0x240059d0        -       0x00000060   Zero   RW        14792    .bss                c_w.l(libspace.o)
    0x24005a30        -       0x00000200   Zero   RW            2    HEAP                startup_stm32h743xx.o
    0x24005c30        -       0x00000400   Zero   RW            1    STACK               startup_stm32h743xx.o


==============================================================================

Image component sizes


      Code (inc. data)   RO Data    RW Data    ZI Data      Debug   Object Name

       516         68          0         24         32       5042   boardcommunication.o
       844         46          0         24          0       8214   bsp_fdcan.o
       332         62          0         12       1232    1041371   bsp_usart.o
      2186        116          0         36       1808       4979   chassis.o
       132          0          0          0          0      23645   cmsis_os.o
       100          4          0          0          0       1026   dma.o
      1408         72          0          8        108       5507   dt7.o
         0          0          0          0          0      17088   event_groups.o
       656         44          0          4        320       3072   fdcan.o
       124         30        856          8        596      11251   freertos.o
      1286         12        588          0        512       4467   fuzzy_pid.o
       116          6          0          0          0       1111   gpio.o
       724         74          0         32      15360       7939   heap_4.o
       898         62          0          1        120       4463   imu.o
       148          0          0          0          0       4042   list.o
       294         16          0          0          0    1345276   main.o
      3976         62          0          0          0       6753   motor.o
      1176         20          0          0          0       7451   pid.o
       894         78          0         12          0      11908   port.o
       132         18          0          8         12       2637   powerbank.o
       788         40          0        772        548      11857   protocol_judgement.o
        56         10          0          0          0       1248   robotcontrol.o
        64         26        664          0       1536        904   startup_stm32h743xx.o
       144         34          0          9          0      22549   stm32h7xx_hal.o
       258         22          0          0          0      39626   stm32h7xx_hal_cortex.o
      8662        168          8          0          0      13986   stm32h7xx_hal_dma.o
      3582         54         92          0          0      24272   stm32h7xx_hal_fdcan.o
       508         52          0          0          0       1708   stm32h7xx_hal_gpio.o
        48          6          0          0          0       1054   stm32h7xx_hal_msp.o
        96          6          0          0          0        833   stm32h7xx_hal_pwr_ex.o
      3748        124          0          0          0       8165   stm32h7xx_hal_rcc.o
      5300        108          0          0          0       7817   stm32h7xx_hal_rcc_ex.o
      1350         86          0          0          0      10795   stm32h7xx_hal_tim.o
       210         30          0          0          0       3556   stm32h7xx_hal_tim_ex.o
       160         20          0          0         76       1835   stm32h7xx_hal_timebase_tim.o
      4154        160         24          0          0      36148   stm32h7xx_hal_uart.o
       458         10         16          0          0       7005   stm32h7xx_hal_uart_ex.o
       214         72          0          0          0       9909   stm32h7xx_it.o
         0          0          0          0          0        392   stream_buffer.o
       252         40         16          8          0       1582   system_stm32h7xx.o
        36          8          0          0          0        554   task_init.o
      2534        320          0         60        240      23656   tasks.o
       184         20          0          0         76       2038   tim.o
      1068         76          0          0        924       4096   usart.o

    ----------------------------------------------------------------------
     49860       2282       2296       1024      23504    2752827   Object Totals
         0          0         32          0          0          0   (incl. Generated)
        44          0          0          6          4          0   (incl. Padding)

    ----------------------------------------------------------------------

      Code (inc. data)   RO Data    RW Data    ZI Data      Debug   Library Member Name

        90          0          0          0          0          0   __dczerorl2.o
         8          0          0          0          0         68   __main.o
         0          0          0          0          0          0   __rtentry.o
        12          0          0          0          0          0   __rtentry2.o
         6          0          0          0          0          0   __rtentry4.o
        52          8          0          0          0          0   __scatter.o
        28          0          0          0          0          0   __scatter_zi.o
        22          0          0          0          0        100   _rserrno.o
        18          0          0          0          0         80   exit.o
         6          0          0          0          0        152   heapauxi.o
         0          0          0          0          0          0   indicate_semi.o
         2          0          0          0          0          0   libinit.o
         6          0          0          0          0          0   libinit2.o
         2          0          0          0          0          0   libshutdown.o
         2          0          0          0          0          0   libshutdown2.o
         8          4          0          0         96         68   libspace.o
       238          0          0          0          0        100   lludivv7m.o
         8          4          0          0          0         68   rt_errno_addr_intlibspace.o
        78          0          0          0          0         80   rt_memclr_w.o
       138          0          0          0          0         68   rt_memcpy_v6.o
       100          0          0          0          0         80   rt_memcpy_w.o
         2          0          0          0          0          0   rtexit.o
        10          0          0          0          0          0   rtexit2.o
        12          4          0          0          0         68   sys_exit.o
        74          0          0          0          0         80   sys_stackheap_outer.o
         2          0          0          0          0         68   use_no_semi.o
        16          4          0          0          0        116   dcheck1.o
        96          0          0          0          0        132   ffltll_clz.o
        10          0          0          0          0        116   fpinit.o
       100          0          0          0          0        116   retnan.o
        92          0          0          0          0        116   scalbn.o
        48          0          0          0          0        116   trapv.o
         0          0          0          0          0          0   usenofp.o
       176         18          0          0          0        156   cos.o
       224         42         48          0          0        184   cos_i.o
       110         60          0          0          0        580   dunder.o
        24          0          0          0          0        124   fabs.o
        48          0          0          0          0        124   fpclassify.o
       112          0          0          0          0        116   poly.o
      2296        304        136          0          0        320   pow.o
         0          0          8          0          0          0   qnan.o
       784        138        200          0          0        172   rred.o
       176         18          0          0          0        160   sin.o
       168         24         40          0          0        196   sin_i.o
       208          0          0          0          0        280   sqrt.o

    ----------------------------------------------------------------------
      5628        628        432          0         96       4204   Library Totals
        16          0          0          0          0          0   (incl. Padding)

    ----------------------------------------------------------------------

      Code (inc. data)   RO Data    RW Data    ZI Data      Debug   Library Name

       924         20          0          0         96       1080   c_w.l
       362          4          0          0          0        712   fz_wv.l
      4326        604        432          0          0       2412   m_wv.l

    ----------------------------------------------------------------------
      5628        628        432          0         96       4204   Library Totals

    ----------------------------------------------------------------------

==============================================================================


      Code (inc. data)   RO Data    RW Data    ZI Data      Debug   

     55488       2910       2728       1024      23600    2732963   Grand Totals
     55488       2910       2728        836      23600    2732963   ELF Image Totals (compressed)
     55488       2910       2728        836          0          0   ROM Totals

==============================================================================

    Total RO  Size (Code + RO Data)                58216 (  56.85kB)
    Total RW  Size (RW Data + ZI Data)             24624 (  24.05kB)
    Total ROM Size (Code + RO Data + RW Data)      59052 (  57.67kB)

==============================================================================

