Component: ARM Compiler 5.06 update 7 (build 960) Tool: armlink [4d3601]

==============================================================================

Section Cross References

    startup_stm32f407xx.o(STACK) refers (Special) to heapauxi.o(.text) for __use_two_region_memory
    startup_stm32f407xx.o(HEAP) refers (Special) to heapauxi.o(.text) for __use_two_region_memory
    startup_stm32f407xx.o(RESET) refers (Special) to heapauxi.o(.text) for __use_two_region_memory
    startup_stm32f407xx.o(RESET) refers to startup_stm32f407xx.o(STACK) for __initial_sp
    startup_stm32f407xx.o(RESET) refers to startup_stm32f407xx.o(.text) for Reset_Handler
    startup_stm32f407xx.o(RESET) refers to stm32f4xx_it.o(i.NMI_Handler) for NMI_Handler
    startup_stm32f407xx.o(RESET) refers to stm32f4xx_it.o(i.HardFault_Handler) for HardFault_Handler
    startup_stm32f407xx.o(RESET) refers to stm32f4xx_it.o(i.MemManage_Handler) for MemManage_Handler
    startup_stm32f407xx.o(RESET) refers to stm32f4xx_it.o(i.BusFault_Handler) for BusFault_Handler
    startup_stm32f407xx.o(RESET) refers to stm32f4xx_it.o(i.UsageFault_Handler) for UsageFault_Handler
    startup_stm32f407xx.o(RESET) refers to port.o(.emb_text) for SVC_Handler
    startup_stm32f407xx.o(RESET) refers to stm32f4xx_it.o(i.DebugMon_Handler) for DebugMon_Handler
    startup_stm32f407xx.o(RESET) refers to port.o(i.SysTick_Handler) for SysTick_Handler
    startup_stm32f407xx.o(RESET) refers to stm32f4xx_it.o(i.EXTI0_IRQHandler) for EXTI0_IRQHandler
    startup_stm32f407xx.o(RESET) refers to stm32f4xx_it.o(i.DMA1_Stream1_IRQHandler) for DMA1_Stream1_IRQHandler
    startup_stm32f407xx.o(RESET) refers to stm32f4xx_it.o(i.CAN1_TX_IRQHandler) for CAN1_TX_IRQHandler
    startup_stm32f407xx.o(RESET) refers to stm32f4xx_it.o(i.CAN1_RX0_IRQHandler) for CAN1_RX0_IRQHandler
    startup_stm32f407xx.o(RESET) refers to stm32f4xx_it.o(i.TIM1_UP_TIM10_IRQHandler) for TIM1_UP_TIM10_IRQHandler
    startup_stm32f407xx.o(RESET) refers to stm32f4xx_it.o(i.DMA2_Stream1_IRQHandler) for DMA2_Stream1_IRQHandler
    startup_stm32f407xx.o(RESET) refers to stm32f4xx_it.o(i.CAN2_TX_IRQHandler) for CAN2_TX_IRQHandler
    startup_stm32f407xx.o(RESET) refers to stm32f4xx_it.o(i.CAN2_RX0_IRQHandler) for CAN2_RX0_IRQHandler
    startup_stm32f407xx.o(RESET) refers to stm32f4xx_it.o(i.OTG_FS_IRQHandler) for OTG_FS_IRQHandler
    startup_stm32f407xx.o(RESET) refers to stm32f4xx_it.o(i.DMA2_Stream5_IRQHandler) for DMA2_Stream5_IRQHandler
    startup_stm32f407xx.o(RESET) refers to stm32f4xx_it.o(i.DMA2_Stream6_IRQHandler) for DMA2_Stream6_IRQHandler
    startup_stm32f407xx.o(RESET) refers to stm32f4xx_it.o(i.DMA2_Stream7_IRQHandler) for DMA2_Stream7_IRQHandler
    startup_stm32f407xx.o(RESET) refers to stm32f4xx_it.o(i.USART6_IRQHandler) for USART6_IRQHandler
    startup_stm32f407xx.o(.text) refers (Special) to heapauxi.o(.text) for __use_two_region_memory
    startup_stm32f407xx.o(.text) refers to system_stm32f4xx.o(i.SystemInit) for SystemInit
    startup_stm32f407xx.o(.text) refers to __main.o(!!!main) for __main
    startup_stm32f407xx.o(.text) refers to startup_stm32f407xx.o(HEAP) for Heap_Mem
    startup_stm32f407xx.o(.text) refers to startup_stm32f407xx.o(STACK) for Stack_Mem
    main.o(i.HAL_TIM_PeriodElapsedCallback) refers to stm32f4xx_hal.o(i.HAL_IncTick) for HAL_IncTick
    main.o(i.SystemClock_Config) refers to rt_memclr_w.o(.text) for __aeabi_memclr4
    main.o(i.SystemClock_Config) refers to stm32f4xx_hal_rcc.o(i.HAL_RCC_OscConfig) for HAL_RCC_OscConfig
    main.o(i.SystemClock_Config) refers to main.o(i.Error_Handler) for Error_Handler
    main.o(i.SystemClock_Config) refers to stm32f4xx_hal_rcc.o(i.HAL_RCC_ClockConfig) for HAL_RCC_ClockConfig
    main.o(i.main) refers to stm32f4xx_hal.o(i.HAL_Init) for HAL_Init
    main.o(i.main) refers to main.o(i.SystemClock_Config) for SystemClock_Config
    main.o(i.main) refers to gpio.o(i.MX_GPIO_Init) for MX_GPIO_Init
    main.o(i.main) refers to dma.o(i.MX_DMA_Init) for MX_DMA_Init
    main.o(i.main) refers to can.o(i.MX_CAN1_Init) for MX_CAN1_Init
    main.o(i.main) refers to usart.o(i.MX_USART1_UART_Init) for MX_USART1_UART_Init
    main.o(i.main) refers to tim.o(i.MX_TIM5_Init) for MX_TIM5_Init
    main.o(i.main) refers to can.o(i.MX_CAN2_Init) for MX_CAN2_Init
    main.o(i.main) refers to usart.o(i.MX_USART3_UART_Init) for MX_USART3_UART_Init
    main.o(i.main) refers to usart.o(i.MX_USART6_UART_Init) for MX_USART6_UART_Init
    main.o(i.main) refers to rtc.o(i.MX_RTC_Init) for MX_RTC_Init
    main.o(i.main) refers to spi.o(i.MX_SPI2_Init) for MX_SPI2_Init
    main.o(i.main) refers to bsp_delay.o(i.delay_init) for delay_init
    main.o(i.main) refers to stm32f4xx_hal.o(i.HAL_Delay) for HAL_Delay
    main.o(i.main) refers to freertos.o(i.MX_FREERTOS_Init) for MX_FREERTOS_Init
    main.o(i.main) refers to cmsis_os.o(i.osKernelStart) for osKernelStart
    freertos.o(i.ALL_Init) refers to usb_device.o(i.MX_USB_DEVICE_Init) for MX_USB_DEVICE_Init
[...]
    M6020_Array                              0x20000428   Data          12  m6020_motor.o(.data)
    M6020_Fun                                0x20000434   Data          16  m6020_motor.o(.data)
    kk                                       0x20000444   Data           1  cloud_control.o(.data)
    Linear                                   0x20000448   Data           4  cloud_control.o(.data)
    Setup_Angleoffset                        0x2000044c   Data           4  cloud_control.o(.data)
    Cloud_FUN                                0x20000450   Data          16  cloud_control.o(.data)
    PowerControl_Fun                         0x20000460   Data           8  powercontrol.o(.data)
    PowerTxData                              0x20000468   Data           8  powercontrol.o(.data)
    dirt                                     0x20000470   Data           2  steer_omni_chassis.o(.data)
    RGB_flow_color                           0x20000474   Data          28  task_led.o(.data)
    CAP_Ratio                                0x20000494   Data           4  task_robotui.o(.data)
    stringWarning                            0x20000498   Data           8  task_robotui.o(.data)
    stringKeep                               0x200004a0   Data          28  task_robotui.o(.data)
    FS_Desc                                  0x200004c0   Data          28  usbd_desc.o(.data)
    USBD_LangIDDesc                          0x200004dc   Data           4  usbd_desc.o(.data)
    USBD_FS_DeviceDesc                       0x200004e0   Data          18  usbd_desc.o(.data)
    USBD_StringSerial                        0x200004f4   Data          26  usbd_desc.o(.data)
    USBD_Interface_fops_FS                   0x20000510   Data          20  usbd_cdc_if.o(.data)
    SystemCoreClock                          0x20000524   Data           4  system_stm32f4xx.o(.data)
    uwTickFreq                               0x20000528   Data           1  stm32f4xx_hal.o(.data)
    uwTickPrio                               0x2000052c   Data           4  stm32f4xx_hal.o(.data)
    uwTick                                   0x20000530   Data           4  stm32f4xx_hal.o(.data)
    USBD_CDC                                 0x2000058c   Data          56  usbd_cdc.o(.data)
    pxCurrentTCB                             0x200005c4   Data           4  tasks.o(.data)
    c_data                                   0x20000640   Data           4  vofa.o(.data)
    hcan1                                    0x20000cec   Data          40  can.o(.bss)
    hcan2                                    0x20000d14   Data          40  can.o(.bss)
    hrtc                                     0x20000d3c   Data          32  rtc.o(.bss)
    hspi2                                    0x20000d5c   Data          88  spi.o(.bss)
    htim5                                    0x20000db4   Data          72  tim.o(.bss)
    huart1                                   0x20000dfc   Data          72  usart.o(.bss)
    huart3                                   0x20000e44   Data          72  usart.o(.bss)
    huart6                                   0x20000e8c   Data          72  usart.o(.bss)
    hdma_usart1_rx                           0x20000ed4   Data          96  usart.o(.bss)
    hdma_usart1_tx                           0x20000f34   Data          96  usart.o(.bss)
    hdma_usart3_rx                           0x20000f94   Data          96  usart.o(.bss)
    hdma_usart6_rx                           0x20000ff4   Data          96  usart.o(.bss)
    hdma_usart6_tx                           0x20001054   Data          96  usart.o(.bss)
    htim1                                    0x200010b4   Data          72  stm32f4xx_hal_timebase_tim.o(.bss)
    Cloud_YAWODKalman                        0x200010fc   Data          48  pid.o(.bss)
    ControlMes                               0x2000112c   Data          28  bsp_boardcommunication.o(.bss)
    JudgeSystem_rxBuff                       0x20001148   Data         136  protocol_judgement.o(.bss)
    g_referee                                0x200011d0   Data         412  protocol_judgement.o(.bss)
    UI_Graph1                                0x2000136c   Data          30  ui.o(.bss)
    UI_Graph2                                0x2000138a   Data          45  ui.o(.bss)
    UI_Graph5                                0x200013b7   Data          90  ui.o(.bss)
    UI_Graph7                                0x20001411   Data         120  ui.o(.bss)
    UI_String1                               0x20001489   Data          70  ui.o(.bss)
    UI_String2                               0x200014cf   Data          70  ui.o(.bss)
    UI_String3                               0x20001515   Data          70  ui.o(.bss)
    UI_Delete                                0x2000155b   Data          17  ui.o(.bss)
    Can_Data                                 0x2000156c   Data         152  bsp_can.o(.bss)
    Saber_Rxbuffer                           0x2000164c   Data          76  saber_c3.o(.bss)
    Saber_Montage                            0x20001698   Data         152  saber_c3.o(.bss)
    Saber_Angle                              0x20001730   Data          24  saber_c3.o(.bss)
    RC_CtrlData                              0x20001748   Data          22  dt7.o(.bss)
    M3508_Array                              0x20001770   Data        1400  m3508_motor.o(.bss)
    M6020s_Yaw                               0x20001ce8   Data         200  m6020_motor.o(.bss)
    M6020s_Chassis1                          0x20001db0   Data         200  m6020_motor.o(.bss)
    M6020s_Chassis2                          0x20001e78   Data         200  m6020_motor.o(.bss)
    Dial_2006                                0x20001f40   Data          32  m2006_motor.o(.bss)
    M6020s_YawIPID                           0x20001f60   Data          80  cloud_control.o(.bss)
    M6020s_YawOPID                           0x20001fb0   Data          80  cloud_control.o(.bss)
    AutoAim_M6020s_YawIPID                   0x20002000   Data          80  cloud_control.o(.bss)
    AutoAim_M6020s_YawOPID                   0x20002050   Data          80  cloud_control.o(.bss)
    Cloud_YawMotorAngle_Error_Kalman         0x200020a0   Data          48  cloud_control.o(.bss)
    Cloud_YawCurrent_Kalman                  0x200020d0   Data          48  cloud_control.o(.bss)
    Cloud_YawCurrent_Kalman_manul            0x20002100   Data          48  cloud_control.o(.bss)
    Cloud                                    0x20002130   Data          24  cloud_control.o(.bss)
    PowerRxData                              0x20002148   Data          12  powercontrol.o(.bss)
    Steer_Omni_Data                          0x20002154   Data          44  steer_omni_chassis.o(.bss)
    chassis_follow                           0x20002180   Data          80  steer_omni_chassis.o(.bss)
    hUsbDeviceFS                             0x200021d0   Data         732  usb_device.o(.bss)
    USBD_StrDesc                             0x200024ac   Data         512  usbd_desc.o(.bss)
    UserRxBufferFS                           0x200026ac   Data        2048  usbd_cdc_if.o(.bss)
    UserTxBufferFS                           0x20002eac   Data        2048  usbd_cdc_if.o(.bss)
    hpcd_USB_OTG_FS                          0x200038cc   Data        1252  usbd_conf.o(.bss)
    xQueueRegistry                           0x20003db0   Data          64  queue.o(.bss)
    __libspace_start                         0x2000b7c8   Data          96  libspace.o(.bss)
    __temporary_stack_top$libspace           0x2000b828   Data           0  libspace.o(.bss)



==============================================================================

Memory Map of the image

  Image Entry point : 0x08000189

  Load Region LR_IROM1 (Base: 0x08000000, Size: 0x0000f6dc, Max: 0x00100000, ABSOLUTE, COMPRESSED[0x0000f538])

    Execution Region ER_IROM1 (Exec base: 0x08000000, Load base: 0x08000000, Size: 0x0000f098, Max: 0x00100000, ABSOLUTE)

    Exec Addr    Load Addr    Size         Type   Attr      Idx    E Section Name        Object

    0x08000000   0x08000000   0x00000188   Data   RO            3    RESET               startup_stm32f407xx.o
    0x08000188   0x08000188   0x00000008   Code   RO         9818  * !!!main             c_w.l(__main.o)
    0x08000190   0x08000190   0x00000034   Code   RO        10246    !!!scatter          c_w.l(__scatter.o)
    0x080001c4   0x080001c4   0x0000005a   Code   RO        10244    !!dczerorl2         c_w.l(__dczerorl2.o)
    0x0800021e   0x0800021e   0x00000002   PAD
    0x08000220   0x08000220   0x0000001c   Code   RO        10248    !!handler_zi        c_w.l(__scatter_zi.o)
    0x0800023c   0x0800023c   0x00000002   Code   RO        10111    .ARM.Collect$$libinit$$00000000  c_w.l(libinit.o)
    0x0800023e   0x0800023e   0x00000004   Code   RO        10112    .ARM.Collect$$libinit$$00000001  c_w.l(libinit2.o)
    0x08000242   0x08000242   0x00000000   Code   RO        10115    .ARM.Collect$$libinit$$00000004  c_w.l(libinit2.o)
    0x08000242   0x08000242   0x00000000   Code   RO        10118    .ARM.Collect$$libinit$$0000000A  c_w.l(libinit2.o)
    0x08000242   0x08000242   0x00000000   Code   RO        10120    .ARM.Collect$$libinit$$0000000C  c_w.l(libinit2.o)
    0x08000242   0x08000242   0x00000000   Code   RO        10122    .ARM.Collect$$libinit$$0000000E  c_w.l(libinit2.o)
    0x08000242   0x08000242   0x00000000   Code   RO        10125    .ARM.Collect$$libinit$$00000011  c_w.l(libinit2.o)
    0x08000242   0x08000242   0x00000000   Code   RO        10127    .ARM.Collect$$libinit$$00000013  c_w.l(libinit2.o)
    0x08000242   0x08000242   0x00000000   Code   RO        10129    .ARM.Collect$$libinit$$00000015  c_w.l(libinit2.o)
    0x08000242   0x08000242   0x00000000   Code   RO        10131    .ARM.Collect$$libinit$$00000017  c_w.l(libinit2.o)
    0x08000242   0x08000242   0x00000000   Code   RO        10133    .ARM.Collect$$libinit$$00000019  c_w.l(libinit2.o)
    0x08000242   0x08000242   0x00000000   Code   RO        10135    .ARM.Collect$$libinit$$0000001B  c_w.l(libinit2.o)
    0x08000242   0x08000242   0x00000000   Code   RO        10137    .ARM.Collect$$libinit$$0000001D  c_w.l(libinit2.o)
    0x08000242   0x08000242   0x00000000   Code   RO        10139    .ARM.Collect$$libinit$$0000001F  c_w.l(libinit2.o)
    0x08000242   0x08000242   0x00000000   Code   RO        10141    .ARM.Collect$$libinit$$00000021  c_w.l(libinit2.o)
    0x08000242   0x08000242   0x00000000   Code   RO        10143    .ARM.Collect$$libinit$$00000023  c_w.l(libinit2.o)
    0x08000242   0x08000242   0x00000000   Code   RO        10145    .ARM.Collect$$libinit$$00000025  c_w.l(libinit2.o)
    0x08000242   0x08000242   0x00000000   Code   RO        10149    .ARM.Collect$$libinit$$0000002C  c_w.l(libinit2.o)
    0x08000242   0x08000242   0x00000000   Code   RO        10151    .ARM.Collect$$libinit$$0000002E  c_w.l(libinit2.o)
    0x08000242   0x08000242   0x00000000   Code   RO        10153    .ARM.Collect$$libinit$$00000030  c_w.l(libinit2.o)
    0x08000242   0x08000242   0x00000000   Code   RO        10155    .ARM.Collect$$libinit$$00000032  c_w.l(libinit2.o)
    0x08000242   0x08000242   0x00000002   Code   RO        10156    .ARM.Collect$$libinit$$00000033  c_w.l(libinit2.o)
    0x08000244   0x08000244   0x00000002   Code   RO        10207    .ARM.Collect$$libshutdown$$00000000  c_w.l(libshutdown.o)
    0x08000246   0x08000246   0x00000000   Code   RO        10225    .ARM.Collect$$libshutdown$$00000002  c_w.l(libshutdown2.o)
    0x08000246   0x08000246   0x00000000   Code   RO        10227    .ARM.Collect$$libshutdown$$00000004  c_w.l(libshutdown2.o)
    0x08000246   0x08000246   0x00000000   Code   RO        10229    .ARM.Collect$$libshutdown$$00000006  c_w.l(libshutdown2.o)
    0x08000246   0x08000246   0x00000000   Code   RO        10232    .ARM.Collect$$libshutdown$$00000009  c_w.l(libshutdown2.o)
    0x08000246   0x08000246   0x00000000   Code   RO        10235    .ARM.Collect$$libshutdown$$0000000C  c_w.l(libshutdown2.o)
    0x08000246   0x08000246   0x00000000   Code   RO        10237    .ARM.Collect$$libshutdown$$0000000E  c_w.l(libshutdown2.o)
    0x08000246   0x08000246   0x00000000   Code   RO        10240    .ARM.Collect$$libshutdown$$00000011  c_w.l(libshutdown2.o)
    0x08000246   0x08000246   0x00000002   Code   RO        10241    .ARM.Collect$$libshutdown$$00000012  c_w.l(libshutdown2.o)
    0x08000248   0x08000248   0x00000000   Code   RO         9934    .ARM.Collect$$rtentry$$00000000  c_w.l(__rtentry.o)
    0x08000248   0x08000248   0x00000000   Code   RO        10027    .ARM.Collect$$rtentry$$00000002  c_w.l(__rtentry2.o)
    0x08000248   0x08000248   0x00000006   Code   RO        10039    .ARM.Collect$$rtentry$$00000004  c_w.l(__rtentry4.o)
    0x0800024e   0x0800024e   0x00000000   Code   RO        10029    .ARM.Collect$$rtentry$$00000009  c_w.l(__rtentry2.o)
    0x0800024e   0x0800024e   0x00000004   Code   RO        10030    .ARM.Collect$$rtentry$$0000000A  c_w.l(__rtentry2.o)
    0x08000252   0x08000252   0x00000000   Code   RO        10032    .ARM.Collect$$rtentry$$0000000C  c_w.l(__rtentry2.o)
    0x08000252   0x08000252   0x00000008   Code   RO        10033    .ARM.Collect$$rtentry$$0000000D  c_w.l(__rtentry2.o)
    0x0800025a   0x0800025a   0x00000002   Code   RO        10159    .ARM.Collect$$rtexit$$00000000  c_w.l(rtexit.o)
    0x0800025c   0x0800025c   0x00000000   Code   RO        10176    .ARM.Collect$$rtexit$$00000002  c_w.l(rtexit2.o)
    0x0800025c   0x0800025c   0x00000004   Code   RO        10177    .ARM.Collect$$rtexit$$00000003  c_w.l(rtexit2.o)
    0x08000260   0x08000260   0x00000006   Code   RO        10178    .ARM.Collect$$rtexit$$00000004  c_w.l(rtexit2.o)
    0x08000266   0x08000266   0x00000002   PAD
    0x08000268   0x08000268   0x000000be   Code   RO         9499    .emb_text           port.o
    0x08000326   0x08000326   0x00000002   PAD
    0x08000328   0x08000328   0x00000040   Code   RO            4    .text               startup_stm32f407xx.o
    0x08000368   0x08000368   0x000000ee   Code   RO         9771    .text               c_w.l(lludivv7m.o)
    0x08000456   0x08000456   0x0000008a   Code   RO         9806    .text               c_w.l(rt_memcpy_v6.o)
    0x080004e0   0x080004e0   0x00000064   Code   RO         9808    .text               c_w.l(rt_memcpy_w.o)
    0x08000544   0x08000544   0x00000044   Code   RO         9812    .text               c_w.l(rt_memclr.o)
    0x08000588   0x08000588   0x0000004e   Code   RO         9814    .text               c_w.l(rt_memclr_w.o)
    0x080005d6   0x080005d6   0x00000006   Code   RO         9816    .text               c_w.l(heapauxi.o)
    0x080005dc   0x080005dc   0x00000016   Code   RO         9939    .text               c_w.l(_rserrno.o)
    0x080005f2   0x080005f2   0x00000002   PAD
    0x080005f4   0x080005f4   0x00000008   Code   RO        10051    .text               c_w.l(rt_errno_addr_intlibspace.o)
    0x080005fc   0x080005fc   0x00000008   Code   RO        10093    .text               c_w.l(libspace.o)
    0x08000604   0x08000604   0x0000004a   Code   RO        10096    .text               c_w.l(sys_stackheap_outer.o)
    0x0800064e   0x0800064e   0x00000012   Code   RO        10098    .text               c_w.l(exit.o)
    0x08000660   0x08000660   0x0000000c   Code   RO        10173    .text               c_w.l(sys_exit.o)
    0x0800066c   0x0800066c   0x00000002   Code   RO        10194    .text               c_w.l(use_no_semi.o)
    0x0800066e   0x0800066e   0x00000000   Code   RO        10196    .text               c_w.l(indicate_semi.o)
    0x0800066e   0x0800066e   0x00000002   PAD
    0x08000670   0x08000670   0x00000170   Code   RO          309    i.ALL_Init          freertos.o
    0x080007e0   0x080007e0   0x00000028   Code   RO         2920    i.AllCanSend        task_cansend.o
    0x08000808   0x08000808   0x00000102   Code   RO         1096    i.Angle_PID         pid.o
    0x0800090a   0x0800090a   0x00000096   Code   RO         1502    i.Arc_Draw          ui.o
    0x080009a0   0x080009a0   0x00000090   Code   RO         1371    i.Board2_To_1       bsp_boardcommunication.o
    0x08000a30   0x08000a30   0x000000ac   Code   RO         1372    i.Board2_getChassisInfo  bsp_boardcommunication.o
    0x08000adc   0x08000adc   0x000000a8   Code   RO         1373    i.Board2_getGimbalInfo  bsp_boardcommunication.o
    0x08000b84   0x08000b84   0x00000002   Code   RO          754    i.BusFault_Handler  stm32f4xx_it.o
    0x08000b86   0x08000b86   0x00000002   PAD
    0x08000b88   0x08000b88   0x0000000c   Code   RO          755    i.CAN1_RX0_IRQHandler  stm32f4xx_it.o
    0x08000b94   0x08000b94   0x0000000c   Code   RO          756    i.CAN1_TX_IRQHandler  stm32f4xx_it.o
    0x08000ba0   0x08000ba0   0x0000000c   Code   RO          757    i.CAN2_RX0_IRQHandler  stm32f4xx_it.o
    0x08000bac   0x08000bac   0x0000000c   Code   RO          758    i.CAN2_TX_IRQHandler  stm32f4xx_it.o
    0x08000bb8   0x08000bb8   0x00000032   Code   RO         1614    i.CAN_FILTER_Init   bsp_can.o
    0x08000bea   0x08000bea   0x00000002   PAD
    0x08000bec   0x08000bec   0x00000034   Code   RO         1615    i.CAN_IT_Init       bsp_can.o
    0x08000c20   0x08000c20   0x00000036   Code   RO         1616    i.CAN_SendData      bsp_can.o
    0x08000c56   0x08000c56   0x00000008   Code   RO         3267    i.CDC_Control_FS    usbd_cdc_if.o
    0x08000c5e   0x08000c5e   0x00000004   Code   RO         3268    i.CDC_DeInit_FS     usbd_cdc_if.o
    0x08000c62   0x08000c62   0x00000002   PAD
    0x08000c64   0x08000c64   0x00000024   Code   RO         3269    i.CDC_Init_FS       usbd_cdc_if.o
    0x08000c88   0x08000c88   0x00000028   Code   RO         3270    i.CDC_Receive_FS    usbd_cdc_if.o
    0x08000cb0   0x08000cb0   0x00000004   Code   RO         3271    i.CDC_TransmitCplt_FS  usbd_cdc_if.o
    0x08000cb4   0x08000cb4   0x0000002c   Code   RO         3272    i.CDC_Transmit_FS   usbd_cdc_if.o
    0x08000ce0   0x08000ce0   0x00000084   Code   RO         2886    i.Can1Receives      task_canreceive.o
    0x08000d64   0x08000d64   0x00000084   Code   RO         2887    i.Can2Receives      task_canreceive.o
    0x08000de8   0x08000de8   0x0000008e   Code   RO         1503    i.Char_Draw         ui.o
    0x08000e76   0x08000e76   0x00000002   PAD
    0x08000e78   0x08000e78   0x0000021c   Code   RO         2803    i.Chassis_Init      steer_omni_chassis.o
    0x08001094   0x08001094   0x00000070   Code   RO         1504    i.Circle_Draw       ui.o
    0x08001104   0x08001104   0x00000030   Code   RO         1098    i.Clear_PositionPIDData  pid.o
    0x08001134   0x08001134   0x00000084   Code   RO         2657    i.Cloud_Init        cloud_control.o
    0x080011b8   0x080011b8   0x000000b4   Code   RO         2658    i.Cloud_Sport_Out   cloud_control.o
    0x0800126c   0x0800126c   0x000001c4   Code   RO         2659    i.Cloud_Yaw_Angle_Set  cloud_control.o
    0x08001430   0x08001430   0x0000000c   Code   RO          759    i.DMA1_Stream1_IRQHandler  stm32f4xx_it.o
    0x0800143c   0x0800143c   0x0000000c   Code   RO          760    i.DMA2_Stream1_IRQHandler  stm32f4xx_it.o
    0x08001448   0x08001448   0x0000000c   Code   RO          761    i.DMA2_Stream5_IRQHandler  stm32f4xx_it.o
    0x08001454   0x08001454   0x0000000c   Code   RO          762    i.DMA2_Stream6_IRQHandler  stm32f4xx_it.o
    0x08001460   0x08001460   0x0000000c   Code   RO          763    i.DMA2_Stream7_IRQHandler  stm32f4xx_it.o
    0x0800146c   0x0800146c   0x0000002c   Code   RO         5653    i.DMA_CalcBaseAndBitshift  stm32f4xx_hal_dma.o
    0x08001498   0x08001498   0x00000078   Code   RO         5654    i.DMA_CheckFifoParam  stm32f4xx_hal_dma.o
    0x08001510   0x08001510   0x0000002a   Code   RO         5655    i.DMA_SetConfig     stm32f4xx_hal_dma.o
    0x0800153a   0x0800153a   0x00000002   PAD
    0x0800153c   0x0800153c   0x000001ac   Code   RO         2111    i.DT7_Handle        dt7.o
    0x080016e8   0x080016e8   0x00000014   Code   RO         2112    i.DT7_Init          dt7.o
    0x080016fc   0x080016fc   0x00000002   Code   RO          764    i.DebugMon_Handler  stm32f4xx_it.o
    0x080016fe   0x080016fe   0x00000006   Code   RO          765    i.EXTI0_IRQHandler  stm32f4xx_it.o
    0x08001704   0x08001704   0x00000004   Code   RO           13    i.Error_Handler     main.o
    0x08001708   0x08001708   0x000000b0   Code   RO         1505    i.Float_Draw        ui.o
    0x080017b8   0x080017b8   0x0000015c   Code   RO         1289    i.FuzzyComputation  fuzzypid.o
    0x08001914   0x08001914   0x00000030   Code   RO         1418    i.Get_CRC16_Check_Sum  protocol_judgement.o
    0x08001944   0x08001944   0x00000030   Code   RO         1506    i.Get_CRC16_Check_Sum_UI  ui.o
    0x08001974   0x08001974   0x0000001c   Code   RO         1419    i.Get_CRC8_Check_Sum  protocol_judgement.o
    0x08001990   0x08001990   0x0000001c   Code   RO         1507    i.Get_CRC8_Check_Sum_UI  ui.o
    0x080019ac   0x080019ac   0x00000038   Code   RO         3189    i.Get_SerialNum     usbd_desc.o
    0x080019e4   0x080019e4   0x00000024   Code   RO         6345    i.HAL_CAN_ActivateNotification  stm32f4xx_hal_can.o
    0x08001a08   0x08001a08   0x000000e2   Code   RO         6346    i.HAL_CAN_AddTxMessage  stm32f4xx_hal_can.o
    0x08001aea   0x08001aea   0x00000002   PAD
    0x08001aec   0x08001aec   0x00000110   Code   RO         6347    i.HAL_CAN_ConfigFilter  stm32f4xx_hal_can.o
    0x08001bfc   0x08001bfc   0x00000002   Code   RO         6350    i.HAL_CAN_ErrorCallback  stm32f4xx_hal_can.o
    0x08001bfe   0x08001bfe   0x00000112   Code   RO         6353    i.HAL_CAN_GetRxMessage  stm32f4xx_hal_can.o
    0x08001d10   0x08001d10   0x000001fc   Code   RO         6357    i.HAL_CAN_IRQHandler  stm32f4xx_hal_can.o
    0x08001f0c   0x08001f0c   0x00000152   Code   RO         6358    i.HAL_CAN_Init      stm32f4xx_hal_can.o
    0x0800205e   0x0800205e   0x00000002   PAD
    0x08002060   0x08002060   0x00000120   Code   RO          496    i.HAL_CAN_MspInit   can.o
    0x08002180   0x08002180   0x00000002   Code   RO         6365    i.HAL_CAN_RxFifo0FullCallback  stm32f4xx_hal_can.o
    0x08002182   0x08002182   0x00000002   PAD
    0x08002184   0x08002184   0x000000c0   Code   RO         1617    i.HAL_CAN_RxFifo0MsgPendingCallback  bsp_can.o
    0x08002244   0x08002244   0x00000002   Code   RO         6367    i.HAL_CAN_RxFifo1FullCallback  stm32f4xx_hal_can.o
    0x08002246   0x08002246   0x00000002   Code   RO         6368    i.HAL_CAN_RxFifo1MsgPendingCallback  stm32f4xx_hal_can.o
    0x08002248   0x08002248   0x00000002   Code   RO         6369    i.HAL_CAN_SleepCallback  stm32f4xx_hal_can.o
    0x0800224a   0x0800224a   0x00000058   Code   RO         6370    i.HAL_CAN_Start     stm32f4xx_hal_can.o
    0x080022a2   0x080022a2   0x00000002   Code   RO         6372    i.HAL_CAN_TxMailbox0AbortCallback  stm32f4xx_hal_can.o
    0x080022a4   0x080022a4   0x00000002   Code   RO         6373    i.HAL_CAN_TxMailbox0CompleteCallback  stm32f4xx_hal_can.o
    0x080022a6   0x080022a6   0x00000002   Code   RO         6374    i.HAL_CAN_TxMailbox1AbortCallback  stm32f4xx_hal_can.o
    0x080022a8   0x080022a8   0x00000002   Code   RO         6375    i.HAL_CAN_TxMailbox1CompleteCallback  stm32f4xx_hal_can.o
    0x080022aa   0x080022aa   0x00000002   Code   RO         6376    i.HAL_CAN_TxMailbox2AbortCallback  stm32f4xx_hal_can.o
    0x080022ac   0x080022ac   0x00000002   Code   RO         6377    i.HAL_CAN_TxMailbox2CompleteCallback  stm32f4xx_hal_can.o
    0x080022ae   0x080022ae   0x00000002   Code   RO         6379    i.HAL_CAN_WakeUpFromRxMsgCallback  stm32f4xx_hal_can.o
    0x080022b0   0x080022b0   0x0000008e   Code   RO         5656    i.HAL_DMA_Abort     stm32f4xx_hal_dma.o
    0x0800233e   0x0800233e   0x00000024   Code   RO         5657    i.HAL_DMA_Abort_IT  stm32f4xx_hal_dma.o
    0x08002362   0x08002362   0x00000002   PAD
    0x08002364   0x08002364   0x000001d0   Code   RO         5661    i.HAL_DMA_IRQHandler  stm32f4xx_hal_dma.o
    0x08002534   0x08002534   0x000000d4   Code   RO         5662    i.HAL_DMA_Init      stm32f4xx_hal_dma.o
    0x08002608   0x08002608   0x0000006e   Code   RO         5666    i.HAL_DMA_Start_IT  stm32f4xx_hal_dma.o
    0x08002676   0x08002676   0x00000002   PAD
    0x08002678   0x08002678   0x00000024   Code   RO         6093    i.HAL_Delay         stm32f4xx_hal.o
    0x0800269c   0x0800269c   0x00000002   Code   RO         5547    i.HAL_GPIO_EXTI_Callback  stm32f4xx_hal_gpio.o
    0x0800269e   0x0800269e   0x00000002   PAD
    0x080026a0   0x080026a0   0x00000018   Code   RO         5548    i.HAL_GPIO_EXTI_IRQHandler  stm32f4xx_hal_gpio.o
    0x080026b8   0x080026b8   0x000001d0   Code   RO         5549    i.HAL_GPIO_Init     stm32f4xx_hal_gpio.o
    0x08002888   0x08002888   0x0000000e   Code   RO         5553    i.HAL_GPIO_WritePin  stm32f4xx_hal_gpio.o
    0x08002896   0x08002896   0x00000002   PAD
    0x08002898   0x08002898   0x0000000c   Code   RO         6099    i.HAL_GetTick       stm32f4xx_hal.o
    0x080028a4   0x080028a4   0x00000010   Code   RO         6105    i.HAL_IncTick       stm32f4xx_hal.o
    0x080028b4   0x080028b4   0x00000034   Code   RO         6106    i.HAL_Init          stm32f4xx_hal.o
    0x080028e8   0x080028e8   0x0000008c   Code   RO          914    i.HAL_InitTick      stm32f4xx_hal_timebase_tim.o
    0x08002974   0x08002974   0x00000038   Code   RO          890    i.HAL_MspInit       stm32f4xx_hal_msp.o
    0x080029ac   0x080029ac   0x0000001a   Code   RO         5941    i.HAL_NVIC_EnableIRQ  stm32f4xx_hal_cortex.o
    0x080029c6   0x080029c6   0x00000002   PAD
    0x080029c8   0x080029c8   0x00000040   Code   RO         5947    i.HAL_NVIC_SetPriority  stm32f4xx_hal_cortex.o
    0x08002a08   0x08002a08   0x00000024   Code   RO         5948    i.HAL_NVIC_SetPriorityGrouping  stm32f4xx_hal_cortex.o
    0x08002a2c   0x08002a2c   0x00000002   Code   RO         4797    i.HAL_PCDEx_LPM_Callback  stm32f4xx_hal_pcd_ex.o
    0x08002a2e   0x08002a2e   0x00000008   Code   RO         4798    i.HAL_PCDEx_SetRxFiFo  stm32f4xx_hal_pcd_ex.o
    0x08002a36   0x08002a36   0x00000042   Code   RO         4799    i.HAL_PCDEx_SetTxFiFo  stm32f4xx_hal_pcd_ex.o
    0x08002a78   0x08002a78   0x00000008   Code   RO         3324    i.HAL_PCD_ConnectCallback  usbd_conf.o
    0x08002a80   0x08002a80   0x00000012   Code   RO         3325    i.HAL_PCD_DataInStageCallback  usbd_conf.o
    0x08002a92   0x08002a92   0x00000014   Code   RO         3326    i.HAL_PCD_DataOutStageCallback  usbd_conf.o
    0x08002aa6   0x08002aa6   0x00000008   Code   RO         3327    i.HAL_PCD_DisconnectCallback  usbd_conf.o
    0x08002aae   0x08002aae   0x0000001e   Code   RO         4562    i.HAL_PCD_EP_Abort  stm32f4xx_hal_pcd.o
    0x08002acc   0x08002acc   0x00000048   Code   RO         4563    i.HAL_PCD_EP_Close  stm32f4xx_hal_pcd.o
    0x08002b14   0x08002b14   0x00000058   Code   RO         4564    i.HAL_PCD_EP_ClrStall  stm32f4xx_hal_pcd.o
    0x08002b6c   0x08002b6c   0x00000012   Code   RO         4566    i.HAL_PCD_EP_GetRxCount  stm32f4xx_hal_pcd.o
    0x08002b7e   0x08002b7e   0x00000060   Code   RO         4567    i.HAL_PCD_EP_Open   stm32f4xx_hal_pcd.o
    0x08002bde   0x08002bde   0x00000032   Code   RO         4568    i.HAL_PCD_EP_Receive  stm32f4xx_hal_pcd.o
    0x08002c10   0x08002c10   0x00000070   Code   RO         4569    i.HAL_PCD_EP_SetStall  stm32f4xx_hal_pcd.o
    0x08002c80   0x08002c80   0x00000032   Code   RO         4570    i.HAL_PCD_EP_Transmit  stm32f4xx_hal_pcd.o
    0x08002cb2   0x08002cb2   0x00000508   Code   RO         4572    i.HAL_PCD_IRQHandler  stm32f4xx_hal_pcd.o
    0x080031ba   0x080031ba   0x00000008   Code   RO         3328    i.HAL_PCD_ISOINIncompleteCallback  usbd_conf.o
    0x080031c2   0x080031c2   0x00000008   Code   RO         3329    i.HAL_PCD_ISOOUTIncompleteCallback  usbd_conf.o
    0x080031ca   0x080031ca   0x000000d6   Code   RO         4575    i.HAL_PCD_Init      stm32f4xx_hal_pcd.o
    0x080032a0   0x080032a0   0x00000084   Code   RO         3331    i.HAL_PCD_MspInit   usbd_conf.o
    0x08003324   0x08003324   0x0000002e   Code   RO         3332    i.HAL_PCD_ResetCallback  usbd_conf.o
    0x08003352   0x08003352   0x00000008   Code   RO         3333    i.HAL_PCD_ResumeCallback  usbd_conf.o
    0x0800335a   0x0800335a   0x00000008   Code   RO         3334    i.HAL_PCD_SOFCallback  usbd_conf.o
    0x08003362   0x08003362   0x00000026   Code   RO         4581    i.HAL_PCD_SetAddress  stm32f4xx_hal_pcd.o
    0x08003388   0x08003388   0x0000000e   Code   RO         3335    i.HAL_PCD_SetupStageCallback  usbd_conf.o
    0x08003396   0x08003396   0x00000042   Code   RO         4584    i.HAL_PCD_Start     stm32f4xx_hal_pcd.o
    0x080033d8   0x080033d8   0x00000030   Code   RO         3336    i.HAL_PCD_SuspendCallback  usbd_conf.o
    0x08003408   0x08003408   0x00000148   Code   RO         5255    i.HAL_RCCEx_PeriphCLKConfig  stm32f4xx_hal_rcc_ex.o
    0x08003550   0x08003550   0x0000014c   Code   RO         5150    i.HAL_RCC_ClockConfig  stm32f4xx_hal_rcc.o
    0x0800369c   0x0800369c   0x0000003c   Code   RO         5154    i.HAL_RCC_GetClockConfig  stm32f4xx_hal_rcc.o
    0x080036d8   0x080036d8   0x0000000c   Code   RO         5155    i.HAL_RCC_GetHCLKFreq  stm32f4xx_hal_rcc.o
    0x080036e4   0x080036e4   0x00000020   Code   RO         5157    i.HAL_RCC_GetPCLK1Freq  stm32f4xx_hal_rcc.o
    0x08003704   0x08003704   0x00000020   Code   RO         5158    i.HAL_RCC_GetPCLK2Freq  stm32f4xx_hal_rcc.o
    0x08003724   0x08003724   0x0000006c   Code   RO         5159    i.HAL_RCC_GetSysClockFreq  stm32f4xx_hal_rcc.o
    0x08003790   0x08003790   0x000003c0   Code   RO         5162    i.HAL_RCC_OscConfig  stm32f4xx_hal_rcc.o
    0x08003b50   0x08003b50   0x000000a0   Code   RO         6591    i.HAL_RTC_Init      stm32f4xx_hal_rtc.o
    0x08003bf0   0x08003bf0   0x00000038   Code   RO          569    i.HAL_RTC_MspInit   rtc.o
    0x08003c28   0x08003c28   0x0000009c   Code   RO         6597    i.HAL_RTC_SetDate   stm32f4xx_hal_rtc.o
    0x08003cc4   0x08003cc4   0x000000c0   Code   RO         6598    i.HAL_RTC_SetTime   stm32f4xx_hal_rtc.o
    0x08003d84   0x08003d84   0x00000034   Code   RO         6599    i.HAL_RTC_WaitForSynchro  stm32f4xx_hal_rtc.o
    0x08003db8   0x08003db8   0x000000be   Code   RO         6991    i.HAL_SPI_Init      stm32f4xx_hal_spi.o
    0x08003e76   0x08003e76   0x00000002   PAD
    0x08003e78   0x08003e78   0x0000006c   Code   RO          611    i.HAL_SPI_MspInit   spi.o
    0x08003ee4   0x08003ee4   0x00000002   Code   RO         4286    i.HAL_TIMEx_BreakCallback  stm32f4xx_hal_tim_ex.o
    0x08003ee6   0x08003ee6   0x00000002   Code   RO         4287    i.HAL_TIMEx_CommutCallback  stm32f4xx_hal_tim_ex.o
    0x08003ee8   0x08003ee8   0x00000090   Code   RO         4305    i.HAL_TIMEx_MasterConfigSynchronization  stm32f4xx_hal_tim_ex.o
    0x08003f78   0x08003f78   0x0000004a   Code   RO         3571    i.HAL_TIM_Base_Init  stm32f4xx_hal_tim.o
    0x08003fc2   0x08003fc2   0x00000002   PAD
    0x08003fc4   0x08003fc4   0x00000028   Code   RO          653    i.HAL_TIM_Base_MspInit  tim.o
    0x08003fec   0x08003fec   0x00000080   Code   RO         3574    i.HAL_TIM_Base_Start  stm32f4xx_hal_tim.o
    0x0800406c   0x0800406c   0x0000008c   Code   RO         3576    i.HAL_TIM_Base_Start_IT  stm32f4xx_hal_tim.o
    0x080040f8   0x080040f8   0x000000e8   Code   RO         3580    i.HAL_TIM_ConfigClockSource  stm32f4xx_hal_tim.o
    0x080041e0   0x080041e0   0x00000002   Code   RO         3605    i.HAL_TIM_IC_CaptureCallback  stm32f4xx_hal_tim.o
    0x080041e2   0x080041e2   0x00000138   Code   RO         3619    i.HAL_TIM_IRQHandler  stm32f4xx_hal_tim.o
    0x0800431a   0x0800431a   0x00000002   PAD
    0x0800431c   0x0800431c   0x00000074   Code   RO          654    i.HAL_TIM_MspPostInit  tim.o
    0x08004390   0x08004390   0x00000002   Code   RO         3622    i.HAL_TIM_OC_DelayElapsedCallback  stm32f4xx_hal_tim.o
    0x08004392   0x08004392   0x000000d8   Code   RO         3643    i.HAL_TIM_PWM_ConfigChannel  stm32f4xx_hal_tim.o
    0x0800446a   0x0800446a   0x0000004a   Code   RO         3646    i.HAL_TIM_PWM_Init  stm32f4xx_hal_tim.o
    0x080044b4   0x080044b4   0x00000002   Code   RO         3648    i.HAL_TIM_PWM_MspInit  stm32f4xx_hal_tim.o
    0x080044b6   0x080044b6   0x00000002   Code   RO         3649    i.HAL_TIM_PWM_PulseFinishedCallback  stm32f4xx_hal_tim.o
    0x080044b8   0x080044b8   0x000000dc   Code   RO         3651    i.HAL_TIM_PWM_Start  stm32f4xx_hal_tim.o
    0x08004594   0x08004594   0x00000014   Code   RO           14    i.HAL_TIM_PeriodElapsedCallback  main.o
    0x080045a8   0x080045a8   0x00000002   Code   RO         3662    i.HAL_TIM_TriggerCallback  stm32f4xx_hal_tim.o
    0x080045aa   0x080045aa   0x00000056   Code   RO         7312    i.HAL_UARTEx_ReceiveToIdle_DMA  stm32f4xx_hal_uart.o
    0x08004600   0x08004600   0x0000006c   Code   RO         1967    i.HAL_UARTEx_RxEventCallback  bsp_usart.o
    0x0800466c   0x0800466c   0x00000002   Code   RO         7328    i.HAL_UART_ErrorCallback  stm32f4xx_hal_uart.o
    0x0800466e   0x0800466e   0x00000002   PAD
    0x08004670   0x08004670   0x00000230   Code   RO         7331    i.HAL_UART_IRQHandler  stm32f4xx_hal_uart.o
    0x080048a0   0x080048a0   0x00000066   Code   RO         7332    i.HAL_UART_Init     stm32f4xx_hal_uart.o
    0x08004906   0x08004906   0x00000002   PAD
    0x08004908   0x08004908   0x00000258   Code   RO          701    i.HAL_UART_MspInit  usart.o
    0x08004b60   0x08004b60   0x0000001c   Code   RO         7336    i.HAL_UART_Receive_DMA  stm32f4xx_hal_uart.o
    0x08004b7c   0x08004b7c   0x0000002c   Code   RO         1968    i.HAL_UART_RxCpltCallback  bsp_usart.o
    0x08004ba8   0x08004ba8   0x00000002   Code   RO         7339    i.HAL_UART_RxHalfCpltCallback  stm32f4xx_hal_uart.o
    0x08004baa   0x08004baa   0x00000002   PAD
    0x08004bac   0x08004bac   0x0000007c   Code   RO         7341    i.HAL_UART_Transmit_DMA  stm32f4xx_hal_uart.o
    0x08004c28   0x08004c28   0x00000002   Code   RO         7343    i.HAL_UART_TxCpltCallback  stm32f4xx_hal_uart.o
    0x08004c2a   0x08004c2a   0x00000002   Code   RO         7344    i.HAL_UART_TxHalfCpltCallback  stm32f4xx_hal_uart.o
    0x08004c2c   0x08004c2c   0x00000002   Code   RO          766    i.HardFault_Handler  stm32f4xx_it.o
    0x08004c2e   0x08004c2e   0x00000002   PAD
    0x08004c30   0x08004c30   0x000000a8   Code   RO         1508    i.ID_Judge          ui.o
    0x08004cd8   0x08004cd8   0x0000003e   Code   RO         3190    i.IntToUnicode      usbd_desc.o
    0x08004d16   0x08004d16   0x00000002   PAD
    0x08004d18   0x08004d18   0x0000001c   Code   RO         1420    i.JudgeSystem_Handler  protocol_judgement.o
    0x08004d34   0x08004d34   0x0000000c   Code   RO         1421    i.JudgeSystem_USART_Receive_DMA  protocol_judgement.o
    0x08004d40   0x08004d40   0x0000020c   Code   RO         1422    i.Judge_GetMessage  protocol_judgement.o
    0x08004f4c   0x08004f4c   0x00000060   Code   RO         9679    i.JustFloat_Send    vofa.o
    0x08004fac   0x08004fac   0x00000076   Code   RO         1509    i.Line_Draw         ui.o
    0x08005022   0x08005022   0x0000003a   Code   RO         1290    i.Linear_Quantization  fuzzypid.o
    0x0800505c   0x0800505c   0x0000001a   Code   RO         2389    i.M3508_Init        m3508_motor.o
    0x08005076   0x08005076   0x00000002   PAD
    0x08005078   0x08005078   0x00000094   Code   RO         2390    i.M3508_getInfo     m3508_motor.o
    0x0800510c   0x0800510c   0x0000001e   Code   RO         2391    i.M3508_setCurrent  m3508_motor.o
    0x0800512a   0x0800512a   0x00000002   PAD
    0x0800512c   0x0800512c   0x00000024   Code   RO         2463    i.M6020_Init        m6020_motor.o
    0x08005150   0x08005150   0x00000016   Code   RO         2464    i.M6020_Reset       m6020_motor.o
    0x08005166   0x08005166   0x00000002   PAD
    0x08005168   0x08005168   0x000000bc   Code   RO         2465    i.M6020_getInfo     m6020_motor.o
    0x08005224   0x08005224   0x00000088   Code   RO         2466    i.M6020_location_change  m6020_motor.o
    0x080052ac   0x080052ac   0x00000004   Code   RO         2467    i.M6020_setTargetAngle  m6020_motor.o
    0x080052b0   0x080052b0   0x0000001e   Code   RO         2468    i.M6020_setVoltage  m6020_motor.o
    0x080052ce   0x080052ce   0x00000002   PAD
    0x080052d0   0x080052d0   0x000000d0   Code   RO         2469    i.M6020_velocity_change  m6020_motor.o
    0x080053a0   0x080053a0   0x00000044   Code   RO          497    i.MX_CAN1_Init      can.o
    0x080053e4   0x080053e4   0x00000044   Code   RO          498    i.MX_CAN2_Init      can.o
    0x08005428   0x08005428   0x0000007c   Code   RO          544    i.MX_DMA_Init       dma.o
    0x080054a4   0x080054a4   0x000000fc   Code   RO          310    i.MX_FREERTOS_Init  freertos.o
    0x080055a0   0x080055a0   0x000000c4   Code   RO          471    i.MX_GPIO_Init      gpio.o
    0x08005664   0x08005664   0x00000080   Code   RO          570    i.MX_RTC_Init       rtc.o
    0x080056e4   0x080056e4   0x0000004c   Code   RO          612    i.MX_SPI2_Init      spi.o
    0x08005730   0x08005730   0x000000b8   Code   RO          655    i.MX_TIM5_Init      tim.o
    0x080057e8   0x080057e8   0x00000038   Code   RO          702    i.MX_USART1_UART_Init  usart.o
    0x08005820   0x08005820   0x00000040   Code   RO          703    i.MX_USART3_UART_Init  usart.o
    0x08005860   0x08005860   0x00000038   Code   RO          704    i.MX_USART6_UART_Init  usart.o
    0x08005898   0x08005898   0x00000054   Code   RO         3141    i.MX_USB_DEVICE_Init  usb_device.o
    0x080058ec   0x080058ec   0x00000002   Code   RO          767    i.MemManage_Handler  stm32f4xx_it.o
    0x080058ee   0x080058ee   0x00000002   PAD
    0x080058f0   0x080058f0   0x00000104   Code   RO         1291    i.Membership_Calc   fuzzypid.o
    0x080059f4   0x080059f4   0x00000002   Code   RO          768    i.NMI_Handler       stm32f4xx_it.o
    0x080059f6   0x080059f6   0x00000002   PAD
    0x080059f8   0x080059f8   0x0000000c   Code   RO          769    i.OTG_FS_IRQHandler  stm32f4xx_it.o
    0x08005a04   0x08005a04   0x00000034   Code   RO         3082    i.Off_Line_Check    task_offlinecheck.o
    0x08005a38   0x08005a38   0x00000030   Code   RO         1048    i.One_Kalman_Create  kalman_filter.o
    0x08005a68   0x08005a68   0x0000005a   Code   RO         1049    i.One_Kalman_Filter  kalman_filter.o
    0x08005ac2   0x08005ac2   0x00000002   PAD
    0x08005ac4   0x08005ac4   0x00000048   Code   RO         4588    i.PCD_EP_OutSetupPacket_int  stm32f4xx_hal_pcd.o
    0x08005b0c   0x08005b0c   0x000000e4   Code   RO         4589    i.PCD_EP_OutXfrComplete_int  stm32f4xx_hal_pcd.o
    0x08005bf0   0x08005bf0   0x0000009c   Code   RO         4590    i.PCD_WriteEmptyTxFifo  stm32f4xx_hal_pcd.o
    0x08005c8c   0x08005c8c   0x00000018   Code   RO         2660    i.PID_Clear_Yaw     cloud_control.o
    0x08005ca4   0x08005ca4   0x000000b2   Code   RO         1101    i.Position_PID      pid.o
    0x08005d56   0x08005d56   0x00000002   PAD
    0x08005d58   0x08005d58   0x00000050   Code   RO         1102    i.Position_PIDInit  pid.o
    0x08005da8   0x08005da8   0x00000108   Code   RO         1103    i.Position_PID_Yaw  pid.o
    0x08005eb0   0x08005eb0   0x00000044   Code   RO         2760    i.PowerControl_MsgRec  powercontrol.o
    0x08005ef4   0x08005ef4   0x0000004c   Code   RO         2761    i.PowerControl_MsgSend  powercontrol.o
    0x08005f40   0x08005f40   0x0000000c   Code   RO         2011    i.R4                saber_c3.o
    0x08005f4c   0x08005f4c   0x00000016   Code   RO         6601    i.RTC_ByteToBcd2    stm32f4xx_hal_rtc.o
    0x08005f62   0x08005f62   0x00000046   Code   RO         6602    i.RTC_EnterInitMode  stm32f4xx_hal_rtc.o
    0x08005fa8   0x08005fa8   0x0000002a   Code   RO         6603    i.RTC_ExitInitMode  stm32f4xx_hal_rtc.o
    0x08005fd2   0x08005fd2   0x0000007c   Code   RO         1510    i.Rectangle_Draw    ui.o
    0x0800604e   0x0800604e   0x00000002   PAD
    0x08006050   0x08006050   0x0000003c   Code   RO         2993    i.Robot_Control     task_robotcontrol.o
    0x0800608c   0x0800608c   0x00000730   Code   RO         3052    i.Robot_UI          task_robotui.o
    0x080067bc   0x080067bc   0x00000074   Code   RO         2012    i.Saber_Cheak       saber_c3.o
    0x08006830   0x08006830   0x00000014   Code   RO         2013    i.Saber_Init        saber_c3.o
    0x08006844   0x08006844   0x00000074   Code   RO         2014    i.Saber_Read        saber_c3.o
    0x080068b8   0x080068b8   0x000000f4   Code   RO         2804    i.Steer_Omni_Chassis_Out  steer_omni_chassis.o
    0x080069ac   0x080069ac   0x0000000c   Code   RO         2805    i.Steer_Omni_GetAngle  steer_omni_chassis.o
    0x080069b8   0x080069b8   0x0000002c   Code   RO         9500    i.SysTick_Handler   port.o
    0x080069e4   0x080069e4   0x0000009c   Code   RO           15    i.SystemClock_Config  main.o
    0x08006a80   0x08006a80   0x00000010   Code   RO         3532    i.SystemInit        system_stm32f4xx.o
    0x08006a90   0x08006a90   0x0000000c   Code   RO          770    i.TIM1_UP_TIM10_IRQHandler  stm32f4xx_it.o
    0x08006a9c   0x08006a9c   0x000000dc   Code   RO         3664    i.TIM_Base_SetConfig  stm32f4xx_hal_tim.o
    0x08006b78   0x08006b78   0x0000001a   Code   RO         3665    i.TIM_CCxChannelCmd  stm32f4xx_hal_tim.o
    0x08006b92   0x08006b92   0x00000014   Code   RO         3675    i.TIM_ETR_SetConfig  stm32f4xx_hal_tim.o
    0x08006ba6   0x08006ba6   0x00000010   Code   RO         3676    i.TIM_ITRx_SetConfig  stm32f4xx_hal_tim.o
    0x08006bb6   0x08006bb6   0x00000002   PAD
    0x08006bb8   0x08006bb8   0x00000068   Code   RO         3677    i.TIM_OC1_SetConfig  stm32f4xx_hal_tim.o
    0x08006c20   0x08006c20   0x00000074   Code   RO         3678    i.TIM_OC2_SetConfig  stm32f4xx_hal_tim.o
    0x08006c94   0x08006c94   0x00000070   Code   RO         3679    i.TIM_OC3_SetConfig  stm32f4xx_hal_tim.o
    0x08006d04   0x08006d04   0x00000054   Code   RO         3680    i.TIM_OC4_SetConfig  stm32f4xx_hal_tim.o
    0x08006d58   0x08006d58   0x00000022   Code   RO         3682    i.TIM_TI1_ConfigInputStage  stm32f4xx_hal_tim.o
    0x08006d7a   0x08006d7a   0x00000024   Code   RO         3684    i.TIM_TI2_ConfigInputStage  stm32f4xx_hal_tim.o
    0x08006d9e   0x08006d9e   0x00000010   Code   RO         7345    i.UART_DMAAbortOnError  stm32f4xx_hal_uart.o
    0x08006dae   0x08006dae   0x0000004a   Code   RO         7346    i.UART_DMAError     stm32f4xx_hal_uart.o
    0x08006df8   0x08006df8   0x00000086   Code   RO         7347    i.UART_DMAReceiveCplt  stm32f4xx_hal_uart.o
    0x08006e7e   0x08006e7e   0x0000001e   Code   RO         7349    i.UART_DMARxHalfCplt  stm32f4xx_hal_uart.o
    0x08006e9c   0x08006e9c   0x00000042   Code   RO         7351    i.UART_DMATransmitCplt  stm32f4xx_hal_uart.o
    0x08006ede   0x08006ede   0x0000000a   Code   RO         7353    i.UART_DMATxHalfCplt  stm32f4xx_hal_uart.o
    0x08006ee8   0x08006ee8   0x0000004e   Code   RO         7355    i.UART_EndRxTransfer  stm32f4xx_hal_uart.o
    0x08006f36   0x08006f36   0x0000001a   Code   RO         7356    i.UART_EndTransmit_IT  stm32f4xx_hal_uart.o
    0x08006f50   0x08006f50   0x0000001c   Code   RO         7357    i.UART_EndTxTransfer  stm32f4xx_hal_uart.o
    0x08006f6c   0x08006f6c   0x000000c8   Code   RO         7358    i.UART_Receive_IT   stm32f4xx_hal_uart.o
    0x08007034   0x08007034   0x00000114   Code   RO         7359    i.UART_SetConfig    stm32f4xx_hal_uart.o
    0x08007148   0x08007148   0x00000094   Code   RO         7360    i.UART_Start_Receive_DMA  stm32f4xx_hal_uart.o
    0x080071dc   0x080071dc   0x0000005e   Code   RO         7362    i.UART_Transmit_IT  stm32f4xx_hal_uart.o
    0x0800723a   0x0800723a   0x00000002   PAD
    0x0800723c   0x0800723c   0x00000064   Code   RO         1511    i.UI_PushUp_Delete  ui.o
    0x080072a0   0x080072a0   0x00000118   Code   RO         1512    i.UI_PushUp_Graphs  ui.o
    0x080073b8   0x080073b8   0x00000064   Code   RO         1513    i.UI_PushUp_String  ui.o
    0x0800741c   0x0800741c   0x0000005c   Code   RO         1514    i.UI_init           ui.o
    0x08007478   0x08007478   0x0000000c   Code   RO          771    i.USART6_IRQHandler  stm32f4xx_it.o
    0x08007484   0x08007484   0x00000078   Code   RO         7995    i.USBD_CDC_DataIn   usbd_cdc.o
    0x080074fc   0x080074fc   0x0000003e   Code   RO         7996    i.USBD_CDC_DataOut  usbd_cdc.o
    0x0800753a   0x0800753a   0x00000002   PAD
    0x0800753c   0x0800753c   0x00000094   Code   RO         7997    i.USBD_CDC_DeInit   usbd_cdc.o
    0x080075d0   0x080075d0   0x00000038   Code   RO         7998    i.USBD_CDC_EP0_RxReady  usbd_cdc.o
    0x08007608   0x08007608   0x0000000c   Code   RO         7999    i.USBD_CDC_GetDeviceQualifierDescriptor  usbd_cdc.o
    0x08007614   0x08007614   0x0000003c   Code   RO         8000    i.USBD_CDC_GetFSCfgDesc  usbd_cdc.o
    0x08007650   0x08007650   0x00000040   Code   RO         8001    i.USBD_CDC_GetHSCfgDesc  usbd_cdc.o
    0x08007690   0x08007690   0x0000003c   Code   RO         8002    i.USBD_CDC_GetOtherSpeedCfgDesc  usbd_cdc.o
    0x080076cc   0x080076cc   0x00000160   Code   RO         8003    i.USBD_CDC_Init     usbd_cdc.o
    0x0800782c   0x0800782c   0x00000048   Code   RO         8004    i.USBD_CDC_ReceivePacket  usbd_cdc.o
    0x08007874   0x08007874   0x00000018   Code   RO         8005    i.USBD_CDC_RegisterInterface  usbd_cdc.o
    0x0800788c   0x0800788c   0x0000001c   Code   RO         8006    i.USBD_CDC_SetRxBuffer  usbd_cdc.o
    0x080078a8   0x080078a8   0x00000020   Code   RO         8007    i.USBD_CDC_SetTxBuffer  usbd_cdc.o
    0x080078c8   0x080078c8   0x00000110   Code   RO         8008    i.USBD_CDC_Setup    usbd_cdc.o
    0x080079d8   0x080079d8   0x00000054   Code   RO         8009    i.USBD_CDC_TransmitPacket  usbd_cdc.o
    0x08007a2c   0x08007a2c   0x00000014   Code   RO         7675    i.USBD_ClrClassConfig  usbd_core.o
    0x08007a40   0x08007a40   0x00000026   Code   RO         7837    i.USBD_ClrFeature   usbd_ctlreq.o
    0x08007a66   0x08007a66   0x00000004   Code   RO         7676    i.USBD_CoreFindEP   usbd_core.o
    0x08007a6a   0x08007a6a   0x00000004   Code   RO         7677    i.USBD_CoreFindIF   usbd_core.o
    0x08007a6e   0x08007a6e   0x00000010   Code   RO         7935    i.USBD_CtlContinueRx  usbd_ioreq.o
    0x08007a7e   0x08007a7e   0x00000010   Code   RO         7936    i.USBD_CtlContinueSendData  usbd_ioreq.o
    0x08007a8e   0x08007a8e   0x00000018   Code   RO         7838    i.USBD_CtlError     usbd_ctlreq.o
    0x08007aa6   0x08007aa6   0x0000001e   Code   RO         7937    i.USBD_CtlPrepareRx  usbd_ioreq.o
    0x08007ac4   0x08007ac4   0x00000016   Code   RO         7938    i.USBD_CtlReceiveStatus  usbd_ioreq.o
    0x08007ada   0x08007ada   0x0000001a   Code   RO         7939    i.USBD_CtlSendData  usbd_ioreq.o
    0x08007af4   0x08007af4   0x00000016   Code   RO         7940    i.USBD_CtlSendStatus  usbd_ioreq.o
    0x08007b0a   0x08007b0a   0x00000002   PAD
    0x08007b0c   0x08007b0c   0x00000030   Code   RO         3191    i.USBD_FS_ConfigStrDescriptor  usbd_desc.o
    0x08007b3c   0x08007b3c   0x0000000c   Code   RO         3192    i.USBD_FS_DeviceDescriptor  usbd_desc.o
    0x08007b48   0x08007b48   0x00000034   Code   RO         3193    i.USBD_FS_InterfaceStrDescriptor  usbd_desc.o
    0x08007b7c   0x08007b7c   0x0000000c   Code   RO         3194    i.USBD_FS_LangIDStrDescriptor  usbd_desc.o
    0x08007b88   0x08007b88   0x00000028   Code   RO         3195    i.USBD_FS_ManufacturerStrDescriptor  usbd_desc.o
    0x08007bb0   0x08007bb0   0x0000003c   Code   RO         3196    i.USBD_FS_ProductStrDescriptor  usbd_desc.o
    0x08007bec   0x08007bec   0x00000014   Code   RO         3197    i.USBD_FS_SerialStrDescriptor  usbd_desc.o
    0x08007c00   0x08007c00   0x00000034   Code   RO         7839    i.USBD_GetConfig    usbd_ctlreq.o
    0x08007c34   0x08007c34   0x000001b4   Code   RO         7840    i.USBD_GetDescriptor  usbd_ctlreq.o
    0x08007de8   0x08007de8   0x0000003c   Code   RO         7679    i.USBD_GetEpDesc    usbd_core.o
    0x08007e24   0x08007e24   0x00000018   Code   RO         7841    i.USBD_GetLen       usbd_ctlreq.o
    0x08007e3c   0x08007e3c   0x0000000e   Code   RO         7680    i.USBD_GetNextDesc  usbd_core.o
    0x08007e4a   0x08007e4a   0x00000036   Code   RO         7842    i.USBD_GetStatus    usbd_ctlreq.o
    0x08007e80   0x08007e80   0x00000058   Code   RO         7843    i.USBD_GetString    usbd_ctlreq.o
    0x08007ed8   0x08007ed8   0x00000024   Code   RO         3337    i.USBD_Get_USB_Status  usbd_conf.o
    0x08007efc   0x08007efc   0x00000028   Code   RO         7681    i.USBD_Init         usbd_core.o
    0x08007f24   0x08007f24   0x00000012   Code   RO         3338    i.USBD_LL_ClearStallEP  usbd_conf.o
    0x08007f36   0x08007f36   0x00000012   Code   RO         3339    i.USBD_LL_CloseEP   usbd_conf.o
    0x08007f48   0x08007f48   0x000000dc   Code   RO         7682    i.USBD_LL_DataInStage  usbd_core.o
    0x08008024   0x08008024   0x000000d0   Code   RO         7683    i.USBD_LL_DataOutStage  usbd_core.o
    0x080080f4   0x080080f4   0x00000004   Code   RO         7684    i.USBD_LL_DevConnected  usbd_core.o
    0x080080f8   0x080080f8   0x00000020   Code   RO         7685    i.USBD_LL_DevDisconnected  usbd_core.o
    0x08008118   0x08008118   0x00000008   Code   RO         3343    i.USBD_LL_GetRxDataSize  usbd_conf.o
    0x08008120   0x08008120   0x00000060   Code   RO         3344    i.USBD_LL_Init      usbd_conf.o
    0x08008180   0x08008180   0x00000020   Code   RO         3345    i.USBD_LL_IsStallEP  usbd_conf.o
    0x080081a0   0x080081a0   0x0000002a   Code   RO         7686    i.USBD_LL_IsoINIncomplete  usbd_core.o
    0x080081ca   0x080081ca   0x0000002a   Code   RO         7687    i.USBD_LL_IsoOUTIncomplete  usbd_core.o
    0x080081f4   0x080081f4   0x00000018   Code   RO         3346    i.USBD_LL_OpenEP    usbd_conf.o
    0x0800820c   0x0800820c   0x00000012   Code   RO         3347    i.USBD_LL_PrepareReceive  usbd_conf.o
    0x0800821e   0x0800821e   0x00000060   Code   RO         7688    i.USBD_LL_Reset     usbd_core.o
    0x0800827e   0x0800827e   0x00000014   Code   RO         7689    i.USBD_LL_Resume    usbd_core.o
    0x08008292   0x08008292   0x0000001a   Code   RO         7690    i.USBD_LL_SOF       usbd_core.o
    0x080082ac   0x080082ac   0x00000006   Code   RO         7691    i.USBD_LL_SetSpeed  usbd_core.o
    0x080082b2   0x080082b2   0x00000012   Code   RO         3348    i.USBD_LL_SetUSBAddress  usbd_conf.o
    0x080082c4   0x080082c4   0x00000064   Code   RO         7692    i.USBD_LL_SetupStage  usbd_core.o
    0x08008328   0x08008328   0x00000012   Code   RO         3349    i.USBD_LL_StallEP   usbd_conf.o
    0x0800833a   0x0800833a   0x00000012   Code   RO         3350    i.USBD_LL_Start     usbd_conf.o
    0x0800834c   0x0800834c   0x0000001a   Code   RO         7693    i.USBD_LL_Suspend   usbd_core.o
    0x08008366   0x08008366   0x00000012   Code   RO         3352    i.USBD_LL_Transmit  usbd_conf.o
    0x08008378   0x08008378   0x00000032   Code   RO         7844    i.USBD_ParseSetupRequest  usbd_ctlreq.o
    0x080083aa   0x080083aa   0x0000003a   Code   RO         7694    i.USBD_RegisterClass  usbd_core.o
    0x080083e4   0x080083e4   0x00000004   Code   RO         7695    i.USBD_RunTestMode  usbd_core.o
    0x080083e8   0x080083e8   0x00000058   Code   RO         7845    i.USBD_SetAddress   usbd_ctlreq.o
    0x08008440   0x08008440   0x00000014   Code   RO         7696    i.USBD_SetClassConfig  usbd_core.o
    0x08008454   0x08008454   0x000000dc   Code   RO         7846    i.USBD_SetConfig    usbd_ctlreq.o
    0x08008530   0x08008530   0x00000024   Code   RO         7847    i.USBD_SetFeature   usbd_ctlreq.o
    0x08008554   0x08008554   0x00000004   Code   RO         7697    i.USBD_Start        usbd_core.o
    0x08008558   0x08008558   0x00000076   Code   RO         7848    i.USBD_StdDevReq    usbd_ctlreq.o
    0x080085ce   0x080085ce   0x0000022e   Code   RO         7849    i.USBD_StdEPReq     usbd_ctlreq.o
    0x080087fc   0x080087fc   0x0000008e   Code   RO         7850    i.USBD_StdItfReq    usbd_ctlreq.o
    0x0800888a   0x0800888a   0x00000002   Code   RO         3353    i.USBD_static_free  usbd_conf.o
    0x0800888c   0x0800888c   0x00000008   Code   RO         3354    i.USBD_static_malloc  usbd_conf.o
    0x08008894   0x08008894   0x00000084   Code   RO         4839    i.USB_ActivateEndpoint  stm32f4xx_ll_usb.o
    0x08008918   0x08008918   0x0000001c   Code   RO         4841    i.USB_ActivateSetup  stm32f4xx_ll_usb.o
    0x08008934   0x08008934   0x00000088   Code   RO         4843    i.USB_CoreInit      stm32f4xx_ll_usb.o
    0x080089bc   0x080089bc   0x00000044   Code   RO         4844    i.USB_CoreReset     stm32f4xx_ll_usb.o
    0x08008a00   0x08008a00   0x000000c8   Code   RO         4847    i.USB_DeactivateEndpoint  stm32f4xx_ll_usb.o
    0x08008ac8   0x08008ac8   0x0000001c   Code   RO         4848    i.USB_DevConnect    stm32f4xx_ll_usb.o
    0x08008ae4   0x08008ae4   0x0000001c   Code   RO         4849    i.USB_DevDisconnect  stm32f4xx_ll_usb.o
    0x08008b00   0x08008b00   0x00000174   Code   RO         4850    i.USB_DevInit       stm32f4xx_ll_usb.o
    0x08008c74   0x08008c74   0x0000000c   Code   RO         4851    i.USB_DisableGlobalInt  stm32f4xx_ll_usb.o
    0x08008c80   0x08008c80   0x00000054   Code   RO         4854    i.USB_EP0_OutStart  stm32f4xx_ll_usb.o
    0x08008cd4   0x08008cd4   0x00000058   Code   RO         4855    i.USB_EPClearStall  stm32f4xx_ll_usb.o
    0x08008d2c   0x08008d2c   0x00000058   Code   RO         4856    i.USB_EPSetStall    stm32f4xx_ll_usb.o
    0x08008d84   0x08008d84   0x00000254   Code   RO         4857    i.USB_EPStartXfer   stm32f4xx_ll_usb.o
    0x08008fd8   0x08008fd8   0x000000a4   Code   RO         4858    i.USB_EPStopXfer    stm32f4xx_ll_usb.o
    0x0800907c   0x0800907c   0x0000000c   Code   RO         4859    i.USB_EnableGlobalInt  stm32f4xx_ll_usb.o
    0x08009088   0x08009088   0x00000040   Code   RO         4860    i.USB_FlushRxFifo   stm32f4xx_ll_usb.o
    0x080090c8   0x080090c8   0x00000044   Code   RO         4861    i.USB_FlushTxFifo   stm32f4xx_ll_usb.o
    0x0800910c   0x0800910c   0x00000020   Code   RO         4863    i.USB_GetDevSpeed   stm32f4xx_ll_usb.o
    0x0800912c   0x0800912c   0x00000008   Code   RO         4865    i.USB_GetMode       stm32f4xx_ll_usb.o
    0x08009134   0x08009134   0x0000000e   Code   RO         4873    i.USB_ReadDevAllInEpInterrupt  stm32f4xx_ll_usb.o
    0x08009142   0x08009142   0x0000000e   Code   RO         4874    i.USB_ReadDevAllOutEpInterrupt  stm32f4xx_ll_usb.o
    0x08009150   0x08009150   0x00000024   Code   RO         4875    i.USB_ReadDevInEPInterrupt  stm32f4xx_ll_usb.o
    0x08009174   0x08009174   0x00000010   Code   RO         4876    i.USB_ReadDevOutEPInterrupt  stm32f4xx_ll_usb.o
    0x08009184   0x08009184   0x00000008   Code   RO         4877    i.USB_ReadInterrupts  stm32f4xx_ll_usb.o
    0x0800918c   0x0800918c   0x0000003e   Code   RO         4878    i.USB_ReadPacket    stm32f4xx_ll_usb.o
    0x080091ca   0x080091ca   0x00000060   Code   RO         4880    i.USB_SetCurrentMode  stm32f4xx_ll_usb.o
    0x0800922a   0x0800922a   0x0000001e   Code   RO         4881    i.USB_SetDevAddress  stm32f4xx_ll_usb.o
    0x08009248   0x08009248   0x0000000e   Code   RO         4882    i.USB_SetDevSpeed   stm32f4xx_ll_usb.o
    0x08009256   0x08009256   0x00000002   PAD
    0x08009258   0x08009258   0x000000f4   Code   RO         4883    i.USB_SetTurnaroundTime  stm32f4xx_ll_usb.o
    0x0800934c   0x0800934c   0x00000028   Code   RO         4886    i.USB_WritePacket   stm32f4xx_ll_usb.o
    0x08009374   0x08009374   0x00000002   Code   RO          772    i.UsageFault_Handler  stm32f4xx_it.o
    0x08009376   0x08009376   0x00000002   PAD
    0x08009378   0x08009378   0x00000040   Code   RO         1423    i.Verify_CRC16_Check_Sum  protocol_judgement.o
    0x080093b8   0x080093b8   0x00000034   Code   RO         1424    i.Verify_CRC8_Check_Sum  protocol_judgement.o
    0x080093ec   0x080093ec   0x00000038   Code   RO         3108    i.Vofa_Assist       task_vofa.o
    0x08009424   0x08009424   0x00000030   Code   RO        10010    i.__ARM_fpclassify  m_wm.l(fpclassify.o)
    0x08009454   0x08009454   0x00000020   Code   RO         5954    i.__NVIC_SetPriority  stm32f4xx_hal_cortex.o
    0x08009474   0x08009474   0x00000004   PAD
    0x08009478   0x08009478   0x000002d8   Code   RO         9973    i.__hardfp_atan     m_wm.l(atan.o)
    0x08009750   0x08009750   0x00000200   Code   RO         9872    i.__hardfp_atan2    m_wm.l(atan2.o)
    0x08009950   0x08009950   0x000000c8   Code   RO         9884    i.__hardfp_cos      m_wm.l(cos.o)
    0x08009a18   0x08009a18   0x00000c50   Code   RO         9896    i.__hardfp_pow      m_wm.l(pow.o)
    0x0800a668   0x0800a668   0x000000c8   Code   RO         9910    i.__hardfp_sin      m_wm.l(sin.o)
    0x0800a730   0x0800a730   0x0000007a   Code   RO         9922    i.__hardfp_sqrt     m_wm.l(sqrt.o)
    0x0800a7aa   0x0800a7aa   0x00000006   PAD
    0x0800a7b0   0x0800a7b0   0x00000438   Code   RO        10015    i.__ieee754_rem_pio2  m_wm.l(rred.o)
    0x0800abe8   0x0800abe8   0x00000170   Code   RO         9987    i.__kernel_cos      m_wm.l(cos_i.o)
    0x0800ad58   0x0800ad58   0x000000f8   Code   RO        10012    i.__kernel_poly     m_wm.l(poly.o)
    0x0800ae50   0x0800ae50   0x00000130   Code   RO        10020    i.__kernel_sin      m_wm.l(sin_i.o)
    0x0800af80   0x0800af80   0x00000030   Code   RO         9990    i.__mathlib_dbl_divzero  m_wm.l(dunder.o)
    0x0800afb0   0x0800afb0   0x00000014   Code   RO         9991    i.__mathlib_dbl_infnan  m_wm.l(dunder.o)
    0x0800afc4   0x0800afc4   0x00000014   Code   RO         9992    i.__mathlib_dbl_infnan2  m_wm.l(dunder.o)
    0x0800afd8   0x0800afd8   0x00000020   Code   RO         9993    i.__mathlib_dbl_invalid  m_wm.l(dunder.o)
    0x0800aff8   0x0800aff8   0x00000020   Code   RO         9994    i.__mathlib_dbl_overflow  m_wm.l(dunder.o)
    0x0800b018   0x0800b018   0x00000020   Code   RO         9996    i.__mathlib_dbl_underflow  m_wm.l(dunder.o)
    0x0800b038   0x0800b038   0x0000003c   Code   RO         1782    i.aRGB_led_show     bsp_led.o
    0x0800b074   0x0800b074   0x0000002a   Code   RO         1104    i.abs_limit         pid.o
    0x0800b09e   0x0800b09e   0x00000010   Code   RO         9975    i.atan              m_wm.l(atan.o)
    0x0800b0ae   0x0800b0ae   0x00000002   PAD
    0x0800b0b0   0x0800b0b0   0x0000003c   Code   RO         2806    i.chassis_follow_mode  steer_omni_chassis.o
    0x0800b0ec   0x0800b0ec   0x0000008c   Code   RO         2807    i.chassis_target_calc  steer_omni_chassis.o
    0x0800b178   0x0800b178   0x00000028   Code   RO         1672    i.delay_init        bsp_delay.o
    0x0800b1a0   0x0800b1a0   0x00000370   Code   RO         2808    i.direction_motor_angle_set  steer_omni_chassis.o
    0x0800b510   0x0800b510   0x00000018   Code   RO        10006    i.fabs              m_wm.l(fabs.o)
    0x0800b528   0x0800b528   0x0000001c   Code   RO         9680    i.float_turn_u8     vofa.o
    0x0800b544   0x0800b544   0x00000110   Code   RO         2951    i.led_RGB_flow_task  task_led.o
    0x0800b654   0x0800b654   0x00000046   Code   RO           16    i.main              main.o
    0x0800b69a   0x0800b69a   0x0000000c   Code   RO         9077    i.makeFreeRtosPriority  cmsis_os.o
    0x0800b6a6   0x0800b6a6   0x00000002   PAD
    0x0800b6a8   0x0800b6a8   0x000004c8   Code   RO         2395    i.motor_velocity_change  m3508_motor.o
    0x0800bb70   0x0800bb70   0x00000284   Code   RO         2809    i.move_motor_speed_set  steer_omni_chassis.o
    0x0800bdf4   0x0800bdf4   0x0000000a   Code   RO         9082    i.osKernelStart     cmsis_os.o
    0x0800bdfe   0x0800bdfe   0x00000058   Code   RO         9116    i.osThreadCreate    cmsis_os.o
    0x0800be56   0x0800be56   0x00000002   PAD
    0x0800be58   0x0800be58   0x00000070   Code   RO         8579    i.prvAddCurrentTaskToDelayedList  tasks.o
    0x0800bec8   0x0800bec8   0x00000088   Code   RO         8580    i.prvAddNewTaskToReadyList  tasks.o
    0x0800bf50   0x0800bf50   0x00000058   Code   RO         8921    i.prvCheckForValidListAndQueue  timers.o
    0x0800bfa8   0x0800bfa8   0x0000003c   Code   RO         8581    i.prvCheckTasksWaitingTermination  tasks.o
    0x0800bfe4   0x0800bfe4   0x00000028   Code   RO         8242    i.prvCopyDataFromQueue  queue.o
    0x0800c00c   0x0800c00c   0x0000006e   Code   RO         8243    i.prvCopyDataToQueue  queue.o
    0x0800c07a   0x0800c07a   0x00000040   Code   RO         8582    i.prvDeleteTCB      tasks.o
    0x0800c0ba   0x0800c0ba   0x00000002   PAD
    0x0800c0bc   0x0800c0bc   0x00000024   Code   RO         8922    i.prvGetNextExpireTime  timers.o
    0x0800c0e0   0x0800c0e0   0x0000004c   Code   RO         9444    i.prvHeapInit       heap_4.o
    0x0800c12c   0x0800c12c   0x00000028   Code   RO         8583    i.prvIdleTask       tasks.o
    0x0800c154   0x0800c154   0x00000018   Code   RO         8246    i.prvInitialiseNewQueue  queue.o
    0x0800c16c   0x0800c16c   0x00000094   Code   RO         8584    i.prvInitialiseNewTask  tasks.o
    0x0800c200   0x0800c200   0x00000058   Code   RO         8585    i.prvInitialiseTaskLists  tasks.o
    0x0800c258   0x0800c258   0x00000054   Code   RO         9445    i.prvInsertBlockIntoFreeList  heap_4.o
    0x0800c2ac   0x0800c2ac   0x00000040   Code   RO         8924    i.prvInsertTimerInActiveList  timers.o
    0x0800c2ec   0x0800c2ec   0x0000001a   Code   RO         8247    i.prvIsQueueEmpty   queue.o
    0x0800c306   0x0800c306   0x0000001e   Code   RO         8248    i.prvIsQueueFull    queue.o
    0x0800c324   0x0800c324   0x00000068   Code   RO         8925    i.prvProcessExpiredTimer  timers.o
    0x0800c38c   0x0800c38c   0x000000f0   Code   RO         8926    i.prvProcessReceivedCommands  timers.o
    0x0800c47c   0x0800c47c   0x0000006c   Code   RO         8927    i.prvProcessTimerOrBlockTask  timers.o
    0x0800c4e8   0x0800c4e8   0x00000024   Code   RO         8586    i.prvResetNextTaskUnblockTime  tasks.o
    0x0800c50c   0x0800c50c   0x0000002c   Code   RO         8928    i.prvSampleTimeNow  timers.o
    0x0800c538   0x0800c538   0x00000070   Code   RO         8929    i.prvSwitchTimerLists  timers.o
    0x0800c5a8   0x0800c5a8   0x0000002c   Code   RO         9501    i.prvTaskExitError  port.o
    0x0800c5d4   0x0800c5d4   0x00000014   Code   RO         8930    i.prvTimerTask      timers.o
    0x0800c5e8   0x0800c5e8   0x0000006a   Code   RO         8249    i.prvUnlockQueue    queue.o
    0x0800c652   0x0800c652   0x00000002   PAD
    0x0800c654   0x0800c654   0x000000dc   Code   RO         9446    i.pvPortMalloc      heap_4.o
    0x0800c730   0x0800c730   0x00000024   Code   RO         9502    i.pxPortInitialiseStack  port.o
    0x0800c754   0x0800c754   0x0000006e   Code   RO         9924    i.sqrt              m_wm.l(sqrt.o)
    0x0800c7c2   0x0800c7c2   0x00000026   Code   RO         8202    i.uxListRemove      list.o
    0x0800c7e8   0x0800c7e8   0x00000014   Code   RO          311    i.vApplicationGetIdleTaskMemory  freertos.o
    0x0800c7fc   0x0800c7fc   0x00000018   Code   RO          312    i.vApplicationGetTimerTaskMemory  freertos.o
    0x0800c814   0x0800c814   0x00000016   Code   RO         8203    i.vListInitialise   list.o
    0x0800c82a   0x0800c82a   0x00000006   Code   RO         8204    i.vListInitialiseItem  list.o
    0x0800c830   0x0800c830   0x00000030   Code   RO         8205    i.vListInsert       list.o
    0x0800c860   0x0800c860   0x00000018   Code   RO         8206    i.vListInsertEnd    list.o
    0x0800c878   0x0800c878   0x00000040   Code   RO         9504    i.vPortEnterCritical  port.o
    0x0800c8b8   0x0800c8b8   0x0000002c   Code   RO         9505    i.vPortExitCritical  port.o
    0x0800c8e4   0x0800c8e4   0x00000064   Code   RO         9447    i.vPortFree         heap_4.o
    0x0800c948   0x0800c948   0x00000024   Code   RO         9506    i.vPortSetupTimerInterrupt  port.o
    0x0800c96c   0x0800c96c   0x00000054   Code   RO         9507    i.vPortValidateInterruptPriority  port.o
    0x0800c9c0   0x0800c9c0   0x00000024   Code   RO         8253    i.vQueueAddToRegistry  queue.o
    0x0800c9e4   0x0800c9e4   0x00000046   Code   RO         8256    i.vQueueWaitForMessageRestricted  queue.o
    0x0800ca2a   0x0800ca2a   0x00000002   PAD
    0x0800ca2c   0x0800ca2c   0x00000050   Code   RO         8596    i.vTaskDelay        tasks.o
    0x0800ca7c   0x0800ca7c   0x00000098   Code   RO         8597    i.vTaskDelayUntil   tasks.o
    0x0800cb14   0x0800cb14   0x000000ac   Code   RO         8598    i.vTaskDelete       tasks.o
    0x0800cbc0   0x0800cbc0   0x00000010   Code   RO         8600    i.vTaskInternalSetTimeOutState  tasks.o
    0x0800cbd0   0x0800cbd0   0x0000000c   Code   RO         8601    i.vTaskMissedYield  tasks.o
    0x0800cbdc   0x0800cbdc   0x00000034   Code   RO         8603    i.vTaskPlaceOnEventList  tasks.o
    0x0800cc10   0x0800cc10   0x0000003c   Code   RO         8604    i.vTaskPlaceOnEventListRestricted  tasks.o
    0x0800cc4c   0x0800cc4c   0x00000090   Code   RO         8611    i.vTaskStartScheduler  tasks.o
    0x0800ccdc   0x0800ccdc   0x00000010   Code   RO         8613    i.vTaskSuspendAll   tasks.o
    0x0800ccec   0x0800ccec   0x00000060   Code   RO         8614    i.vTaskSwitchContext  tasks.o
    0x0800cd4c   0x0800cd4c   0x000000f0   Code   RO         2810    i.v_cloud_convertto_chassis  steer_omni_chassis.o
    0x0800ce3c   0x0800ce3c   0x000000f4   Code   RO         9508    i.xPortStartScheduler  port.o
    0x0800cf30   0x0800cf30   0x00000044   Code   RO         8259    i.xQueueGenericCreate  queue.o
    0x0800cf74   0x0800cf74   0x0000006c   Code   RO         8260    i.xQueueGenericCreateStatic  queue.o
    0x0800cfe0   0x0800cfe0   0x0000008c   Code   RO         8261    i.xQueueGenericReset  queue.o
    0x0800d06c   0x0800d06c   0x00000164   Code   RO         8262    i.xQueueGenericSend  queue.o
    0x0800d1d0   0x0800d1d0   0x000000c0   Code   RO         8263    i.xQueueGenericSendFromISR  queue.o
    0x0800d290   0x0800d290   0x0000013c   Code   RO         8269    i.xQueueReceive     queue.o
    0x0800d3cc   0x0800d3cc   0x0000007c   Code   RO         8616    i.xTaskCheckForTimeOut  tasks.o
    0x0800d448   0x0800d448   0x00000064   Code   RO         8617    i.xTaskCreate       tasks.o
    0x0800d4ac   0x0800d4ac   0x0000005c   Code   RO         8618    i.xTaskCreateStatic  tasks.o
    0x0800d508   0x0800d508   0x0000001c   Code   RO         8623    i.xTaskGetSchedulerState  tasks.o
    0x0800d524   0x0800d524   0x0000000c   Code   RO         8624    i.xTaskGetTickCount  tasks.o
    0x0800d530   0x0800d530   0x000000d0   Code   RO         8626    i.xTaskIncrementTick  tasks.o
    0x0800d600   0x0800d600   0x00000098   Code   RO         8629    i.xTaskPriorityDisinherit  tasks.o
    0x0800d698   0x0800d698   0x0000007c   Code   RO         8631    i.xTaskRemoveFromEventList  tasks.o
    0x0800d714   0x0800d714   0x000000cc   Code   RO         8632    i.xTaskResumeAll    tasks.o
    0x0800d7e0   0x0800d7e0   0x00000068   Code   RO         8937    i.xTimerCreateTimerTask  timers.o
    0x0800d848   0x0800d848   0x00000068   Code   RO         8938    i.xTimerGenericCommand  timers.o
    0x0800d8b0   0x0800d8b0   0x00000018   Code   RO         9820    x$fpl$basic         fz_wm.l(basic.o)
    0x0800d8c8   0x0800d8c8   0x00000062   Code   RO         9822    x$fpl$d2f           fz_wm.l(d2f.o)
    0x0800d92a   0x0800d92a   0x00000002   PAD
    0x0800d92c   0x0800d92c   0x00000150   Code   RO         9824    x$fpl$dadd          fz_wm.l(daddsub_clz.o)
    0x0800da7c   0x0800da7c   0x00000010   Code   RO        10087    x$fpl$dcheck1       fz_wm.l(dcheck1.o)
    0x0800da8c   0x0800da8c   0x00000018   Code   RO         9950    x$fpl$dcmpinf       fz_wm.l(dcmpi.o)
    0x0800daa4   0x0800daa4   0x000002b0   Code   RO         9831    x$fpl$ddiv          fz_wm.l(ddiv.o)
    0x0800dd54   0x0800dd54   0x00000078   Code   RO         9952    x$fpl$deqf          fz_wm.l(deqf.o)
    0x0800ddcc   0x0800ddcc   0x0000005e   Code   RO         9834    x$fpl$dfix          fz_wm.l(dfix.o)
    0x0800de2a   0x0800de2a   0x00000002   PAD
    0x0800de2c   0x0800de2c   0x0000005a   Code   RO         9838    x$fpl$dfixu         fz_wm.l(dfixu.o)
    0x0800de86   0x0800de86   0x0000002e   Code   RO         9843    x$fpl$dflt          fz_wm.l(dflt_clz.o)
    0x0800deb4   0x0800deb4   0x00000026   Code   RO         9842    x$fpl$dfltu         fz_wm.l(dflt_clz.o)
    0x0800deda   0x0800deda   0x00000002   PAD
    0x0800dedc   0x0800dedc   0x00000078   Code   RO         9848    x$fpl$dleqf         fz_wm.l(dleqf.o)
    0x0800df54   0x0800df54   0x00000154   Code   RO         9850    x$fpl$dmul          fz_wm.l(dmul.o)
    0x0800e0a8   0x0800e0a8   0x0000009c   Code   RO         9954    x$fpl$dnaninf       fz_wm.l(dnaninf.o)
    0x0800e144   0x0800e144   0x0000000c   Code   RO         9956    x$fpl$dretinf       fz_wm.l(dretinf.o)
    0x0800e150   0x0800e150   0x0000006c   Code   RO         9852    x$fpl$drleqf        fz_wm.l(drleqf.o)
    0x0800e1bc   0x0800e1bc   0x00000016   Code   RO         9825    x$fpl$drsb          fz_wm.l(daddsub_clz.o)
    0x0800e1d2   0x0800e1d2   0x00000002   PAD
    0x0800e1d4   0x0800e1d4   0x00000198   Code   RO         9958    x$fpl$dsqrt         fz_wm.l(dsqrt_umaal.o)
    0x0800e36c   0x0800e36c   0x000001d4   Code   RO         9826    x$fpl$dsub          fz_wm.l(daddsub_clz.o)
    0x0800e540   0x0800e540   0x00000056   Code   RO         9854    x$fpl$f2d           fz_wm.l(f2d.o)
    0x0800e596   0x0800e596   0x0000008c   Code   RO         9966    x$fpl$fnaninf       fz_wm.l(fnaninf.o)
    0x0800e622   0x0800e622   0x0000000a   Code   RO        10169    x$fpl$fpinit        fz_wm.l(fpinit.o)
    0x0800e62c   0x0800e62c   0x0000000a   Code   RO         9968    x$fpl$fretinf       fz_wm.l(fretinf.o)
    0x0800e636   0x0800e636   0x00000064   Code   RO        10157    x$fpl$retnan        fz_wm.l(retnan.o)
    0x0800e69a   0x0800e69a   0x0000005c   Code   RO         9970    x$fpl$scalbn        fz_wm.l(scalbn.o)
    0x0800e6f6   0x0800e6f6   0x00000030   Code   RO        10171    x$fpl$trapveneer    fz_wm.l(trapv.o)
    0x0800e726   0x0800e726   0x00000000   Code   RO         9972    x$fpl$usenofp       fz_wm.l(usenofp.o)
    0x0800e726   0x0800e726   0x00000002   PAD
    0x0800e728   0x0800e728   0x000000fc   Data   RO          314    .constdata          freertos.o
    0x0800e824   0x0800e824   0x0000024c   Data   RO         1292    .constdata          fuzzypid.o
    0x0800ea70   0x0800ea70   0x00000300   Data   RO         1519    .constdata          ui.o
    0x0800ed70   0x0800ed70   0x00000010   Data   RO         3533    .constdata          system_stm32f4xx.o
    0x0800ed80   0x0800ed80   0x00000008   Data   RO         3534    .constdata          system_stm32f4xx.o
    0x0800ed88   0x0800ed88   0x00000008   Data   RO         5668    .constdata          stm32f4xx_hal_dma.o
    0x0800ed90   0x0800ed90   0x00000004   Data   RO         9681    .constdata          vofa.o
    0x0800ed94   0x0800ed94   0x00000004   PAD
    0x0800ed98   0x0800ed98   0x00000088   Data   RO         9899    .constdata          m_wm.l(pow.o)
    0x0800ee20   0x0800ee20   0x00000098   Data   RO         9976    .constdata          m_wm.l(atan.o)
    0x0800eeb8   0x0800eeb8   0x00000030   Data   RO         9988    .constdata          m_wm.l(cos_i.o)
    0x0800eee8   0x0800eee8   0x00000008   Data   RO        10014    .constdata          m_wm.l(qnan.o)
    0x0800eef0   0x0800eef0   0x000000c8   Data   RO        10017    .constdata          m_wm.l(rred.o)
    0x0800efb8   0x0800efb8   0x00000028   Data   RO        10021    .constdata          m_wm.l(sin_i.o)
    0x0800efe0   0x0800efe0   0x00000097   Data   RO          315    .conststring        freertos.o
    0x0800f077   0x0800f077   0x00000001   PAD
    0x0800f078   0x0800f078   0x00000020   Data   RO        10242    Region$$Table       anon$$obj.o


    Execution Region RW_IRAM1 (Exec base: 0x20000000, Load base: 0x0800f098, Size: 0x0000be28, Max: 0x0001c000, ABSOLUTE, COMPRESSED[0x000004a0])

    Exec Addr    Load Addr    Size         Type   Attr      Idx    E Section Name        Object

    0x20000000   COMPRESSED   0x00000030   Data   RW          316    .data               freertos.o
    0x20000030   COMPRESSED   0x00000004   Data   RW          500    .data               can.o
    0x20000034   COMPRESSED   0x00000020   Data   RW         1293    .data               fuzzypid.o
    0x20000054   COMPRESSED   0x00000020   Data   RW         1294    .data               fuzzypid.o
    0x20000074   COMPRESSED   0x00000008   Data   RW         1375    .data               bsp_boardcommunication.o
    0x2000007c   COMPRESSED   0x0000000c   Data   RW         1376    .data               bsp_boardcommunication.o
    0x20000088   COMPRESSED   0x00000304   Data   RW         1426    .data               protocol_judgement.o
    0x2000038c   COMPRESSED   0x00000034   Data   RW         1520    .data               ui.o
    0x200003c0   COMPRESSED   0x00000006   Data   RW         1522    .data               ui.o
    0x200003c6   COMPRESSED   0x00000002   PAD
    0x200003c8   COMPRESSED   0x00000008   Data   RW         1619    .data               bsp_can.o
    0x200003d0   COMPRESSED   0x00000008   Data   RW         1620    .data               bsp_can.o
    0x200003d8   COMPRESSED   0x00000008   Data   RW         1621    .data               bsp_can.o
    0x200003e0   COMPRESSED   0x00000008   Data   RW         1622    .data               bsp_can.o
    0x200003e8   COMPRESSED   0x00000008   Data   RW         1623    .data               bsp_can.o
    0x200003f0   COMPRESSED   0x00000008   Data   RW         1624    .data               bsp_can.o
    0x200003f8   COMPRESSED   0x00000008   Data   RW         1625    .data               bsp_can.o
    0x20000400   COMPRESSED   0x00000001   Data   RW         1626    .data               bsp_can.o
    0x20000401   COMPRESSED   0x00000003   PAD
    0x20000404   COMPRESSED   0x00000008   Data   RW         1675    .data               bsp_delay.o
    0x2000040c   COMPRESSED   0x00000008   Data   RW         1783    .data               bsp_led.o
    0x20000414   COMPRESSED   0x00000001   Data   RW         1972    .data               bsp_usart.o
    0x20000415   COMPRESSED   0x00000003   Data   RW         2016    .data               saber_c3.o
    0x20000418   COMPRESSED   0x00000008   Data   RW         2114    .data               dt7.o
    0x20000420   COMPRESSED   0x00000008   Data   RW         2397    .data               m3508_motor.o
    0x20000428   COMPRESSED   0x0000000c   Data   RW         2473    .data               m6020_motor.o
    0x20000434   COMPRESSED   0x00000010   Data   RW         2474    .data               m6020_motor.o
    0x20000444   COMPRESSED   0x0000001c   Data   RW         2663    .data               cloud_control.o
    0x20000460   COMPRESSED   0x00000008   Data   RW         2763    .data               powercontrol.o
    0x20000468   COMPRESSED   0x00000008   Data   RW         2764    .data               powercontrol.o
    0x20000470   COMPRESSED   0x00000002   Data   RW         2812    .data               steer_omni_chassis.o
    0x20000472   COMPRESSED   0x00000002   PAD
    0x20000474   COMPRESSED   0x0000001c   Data   RW         2952    .data               task_led.o
    0x20000490   COMPRESSED   0x0000002c   Data   RW         3053    .data               task_robotui.o
    0x200004bc   COMPRESSED   0x00000002   Data   RW         3083    .data               task_offlinecheck.o
    0x200004be   COMPRESSED   0x00000002   PAD
    0x200004c0   COMPRESSED   0x0000001c   Data   RW         3199    .data               usbd_desc.o
    0x200004dc   COMPRESSED   0x00000032   Data   RW         3200    .data               usbd_desc.o
    0x2000050e   COMPRESSED   0x00000002   PAD
    0x20000510   COMPRESSED   0x00000014   Data   RW         3274    .data               usbd_cdc_if.o
    0x20000524   COMPRESSED   0x00000004   Data   RW         3535    .data               system_stm32f4xx.o
    0x20000528   COMPRESSED   0x0000000c   Data   RW         6113    .data               stm32f4xx_hal.o
    0x20000534   COMPRESSED   0x00000001   Data   RW         7851    .data               usbd_ctlreq.o
    0x20000535   COMPRESSED   0x00000003   PAD
    0x20000538   COMPRESSED   0x00000053   Data   RW         8010    .data               usbd_cdc.o
    0x2000058b   COMPRESSED   0x00000001   PAD
    0x2000058c   COMPRESSED   0x00000038   Data   RW         8011    .data               usbd_cdc.o
    0x200005c4   COMPRESSED   0x0000003c   Data   RW         8635    .data               tasks.o
    0x20000600   COMPRESSED   0x00000014   Data   RW         8944    .data               timers.o
    0x20000614   COMPRESSED   0x00000020   Data   RW         9453    .data               heap_4.o
    0x20000634   COMPRESSED   0x0000000c   Data   RW         9509    .data               port.o
    0x20000640   COMPRESSED   0x00000004   Data   RW         9682    .data               vofa.o
    0x20000644        -       0x000006a8   Zero   RW          313    .bss                freertos.o
    0x20000cec        -       0x00000050   Zero   RW          499    .bss                can.o
    0x20000d3c        -       0x00000020   Zero   RW          571    .bss                rtc.o
    0x20000d5c        -       0x00000058   Zero   RW          613    .bss                spi.o
    0x20000db4        -       0x00000048   Zero   RW          656    .bss                tim.o
    0x20000dfc        -       0x000002b8   Zero   RW          705    .bss                usart.o
    0x200010b4        -       0x00000048   Zero   RW          917    .bss                stm32f4xx_hal_timebase_tim.o
    0x200010fc        -       0x00000030   Zero   RW         1105    .bss                pid.o
    0x2000112c        -       0x0000001c   Zero   RW         1374    .bss                bsp_boardcommunication.o
    0x20001148        -       0x00000224   Zero   RW         1425    .bss                protocol_judgement.o
    0x2000136c        -       0x00000200   Zero   RW         1515    .bss                ui.o
    0x2000156c        -       0x000000e0   Zero   RW         1618    .bss                bsp_can.o
    0x2000164c        -       0x000000fc   Zero   RW         2015    .bss                saber_c3.o
    0x20001748        -       0x00000028   Zero   RW         2113    .bss                dt7.o
    0x20001770        -       0x00000578   Zero   RW         2396    .bss                m3508_motor.o
    0x20001ce8        -       0x000000c8   Zero   RW         2470    .bss                m6020_motor.o
    0x20001db0        -       0x000000c8   Zero   RW         2471    .bss                m6020_motor.o
    0x20001e78        -       0x000000c8   Zero   RW         2472    .bss                m6020_motor.o
    0x20001f40        -       0x00000020   Zero   RW         2537    .bss                m2006_motor.o
    0x20001f60        -       0x000001e8   Zero   RW         2661    .bss                cloud_control.o
    0x20002148        -       0x0000000c   Zero   RW         2762    .bss                powercontrol.o
    0x20002154        -       0x0000007c   Zero   RW         2811    .bss                steer_omni_chassis.o
    0x200021d0        -       0x000002dc   Zero   RW         3142    .bss                usb_device.o
    0x200024ac        -       0x00000200   Zero   RW         3198    .bss                usbd_desc.o
    0x200026ac        -       0x00001000   Zero   RW         3273    .bss                usbd_cdc_if.o
    0x200036ac        -       0x00000704   Zero   RW         3355    .bss                usbd_conf.o
    0x20003db0        -       0x00000040   Zero   RW         8272    .bss                queue.o
    0x20003df0        -       0x000000f0   Zero   RW         8634    .bss                tasks.o
    0x20003ee0        -       0x000000e8   Zero   RW         8943    .bss                timers.o
    0x20003fc8        -       0x00007800   Zero   RW         9452    .bss                heap_4.o
    0x2000b7c8        -       0x00000060   Zero   RW        10094    .bss                c_w.l(libspace.o)
    0x2000b828        -       0x00000200   Zero   RW            2    HEAP                startup_stm32f407xx.o
    0x2000ba28        -       0x00000400   Zero   RW            1    STACK               startup_stm32f407xx.o


    Execution Region RW_IRAM2 (Exec base: 0x2001c000, Load base: 0x0800f538, Size: 0x00000000, Max: 0x00004000, ABSOLUTE)

    **** No section assigned to this execution region ****


==============================================================================

Image component sizes


      Code (inc. data)   RO Data    RW Data    ZI Data      Debug   Object Name

       484         74          0         20         28       4025   bsp_boardcommunication.o
       348         30          0         57        224       9314   bsp_can.o
        40         14          0          8          0        689   bsp_delay.o
        60          8          0          8          0        628   bsp_led.o
       152         42          0          1          0       1895   bsp_usart.o
       424         42          0          4         80       2614   can.o
       788        126          0         28        488       6260   cloud_control.o
       110          0          0          0          0      22501   cmsis_os.o
       124          4          0          0          0        874   dma.o
       448         50          0          8         40       3128   dt7.o
         0          0          0          0          0      20056   event_groups.o
         0          0          0          0          0       1604   feedforward.o
       664        120        403         48       1704      12588   freertos.o
       666         16        588         64          0       3914   fuzzypid.o
       196         12          0          0          0       1079   gpio.o
       480         26          0         32      30720       5111   heap_4.o
       138          6          0          0          0       1676   kalman_filter.o
       138          0          0          0          0       3674   list.o
         0          0          0          0         32       1901   m2006_motor.o
      1428         66          0          8       1400       6000   m3508_motor.o
       624         34          0         28        600       7124   m6020_motor.o
       250         16          0          0          0     778864   main.o
       870         18          0          0         48       6575   pid.o
       786         84          0         12          0      12133   port.o
       144         28          0         16         12       2364   powercontrol.o
       756         36          0        772        548      11701   protocol_judgement.o
      1622         20          0          0         64      18974   queue.o
       184         16          0          0         32       1731   rtc.o
       264         22          0          3        252       3527   saber_c3.o
       184         22          0          0         88       1769   spi.o
        64         26        392          0       1536        860   startup_stm32f407xx.o
      2760        300          0          2        124       7169   steer_omni_chassis.o
       116         18          0         12          0       8838   stm32f4xx_hal.o
      1766          6          0          0          0      15007   stm32f4xx_hal_can.o
       158         14          0          0          0      33210   stm32f4xx_hal_cortex.o
      1170         14          8          0          0       7662   stm32f4xx_hal_dma.o
       504         50          0          0          0       3584   stm32f4xx_hal_gpio.o
        56          4          0          0          0        894   stm32f4xx_hal_msp.o
      2578         14          0          0          0      14472   stm32f4xx_hal_pcd.o
        76          0          0          0          0       2573   stm32f4xx_hal_pcd_ex.o
      1536         88          0          0          0       7129   stm32f4xx_hal_rcc.o
       328         22          0          0          0       1532   stm32f4xx_hal_rcc_ex.o
       694         22          0          0          0       6140   stm32f4xx_hal_rtc.o
       190          0          0          0          0       1259   stm32f4xx_hal_spi.o
      2174        170          0          0          0      18209   stm32f4xx_hal_tim.o
       148         30          0          0          0       2625   stm32f4xx_hal_tim_ex.o
       140         20          0          0         72       1507   stm32f4xx_hal_timebase_tim.o
      2088         40          0          0          0      17496   stm32f4xx_hal_uart.o
       162         72          0          0          0       9279   stm32f4xx_it.o
      2782        114          0          0          0      24196   stm32f4xx_ll_usb.o
        16          4         24          4          0       1175   system_stm32f4xx.o
       264         32          0          0          0       1310   task_canreceive.o
        40          4          0          0          0        617   task_cansend.o
       272          8          0         28          0       1969   task_led.o
        52         10          0          2          0       1257   task_offlinecheck.o
        60         12          0          0          0        996   task_robotcontrol.o
      1840        186          0         44          0       1736   task_robotui.o
        56         10          0          0          0       1506   task_vofa.o
      2528        198          0         60        240      30642   tasks.o
       340         36          0          0         72       2500   tim.o
      1024         92          0         20        232      31319   timers.o
      1638         56        768         58        512      17129   ui.o
       776         78          0          0        696       3743   usart.o
        84         18          0          0        732       2671   usb_device.o
      1446         40          0        139          0      14977   usbd_cdc.o
       136         22          0         20       4096       4284   usbd_cdc_if.o
       658         28          0          0       1796      17344   usbd_conf.o
      1050          0          0          0          0      16785   usbd_core.o
      1928         28          0          1          0      18268   usbd_ctlreq.o
       362        110          0         78        512       7141   usbd_desc.o
       132          0          0          0          0       4640   usbd_ioreq.o
         0          0          0          0          0       1000   user_lib.o
       124          8          4          4          0       2035   vofa.o

    ----------------------------------------------------------------------
     46776       2936       2224       1604      46980    1322978   Object Totals
         0          0         32          0          0          0   (incl. Generated)
        88          0          5         15          0          0   (incl. Padding)

    ----------------------------------------------------------------------

      Code (inc. data)   RO Data    RW Data    ZI Data      Debug   Library Member Name

        90          0          0          0          0          0   __dczerorl2.o
         8          0          0          0          0         68   __main.o
         0          0          0          0          0          0   __rtentry.o
        12          0          0          0          0          0   __rtentry2.o
         6          0          0          0          0          0   __rtentry4.o
        52          8          0          0          0          0   __scatter.o
        28          0          0          0          0          0   __scatter_zi.o
        22          0          0          0          0        100   _rserrno.o
        18          0          0          0          0         80   exit.o
         6          0          0          0          0        152   heapauxi.o
         0          0          0          0          0          0   indicate_semi.o
         2          0          0          0          0          0   libinit.o
         6          0          0          0          0          0   libinit2.o
         2          0          0          0          0          0   libshutdown.o
         2          0          0          0          0          0   libshutdown2.o
         8          4          0          0         96         68   libspace.o
       238          0          0          0          0        100   lludivv7m.o
         8          4          0          0          0         68   rt_errno_addr_intlibspace.o
        68          0          0          0          0         68   rt_memclr.o
        78          0          0          0          0         80   rt_memclr_w.o
       138          0          0          0          0         68   rt_memcpy_v6.o
       100          0          0          0          0         80   rt_memcpy_w.o
         2          0          0          0          0          0   rtexit.o
        10          0          0          0          0          0   rtexit2.o
        12          4          0          0          0         68   sys_exit.o
        74          0          0          0          0         80   sys_stackheap_outer.o
         2          0          0          0          0         68   use_no_semi.o
        24          0          0          0          0        164   basic.o
        98          4          0          0          0        140   d2f.o
       826         16          0          0          0        492   daddsub_clz.o
        16          4          0          0          0        116   dcheck1.o
        24          0          0          0          0        116   dcmpi.o
       688        140          0          0          0        256   ddiv.o
       120          4          0          0          0        140   deqf.o
        94          4          0          0          0        140   dfix.o
        90          4          0          0          0        140   dfixu.o
        84          0          0          0          0        232   dflt_clz.o
       120          4          0          0          0        140   dleqf.o
       340         12          0          0          0        152   dmul.o
       156          4          0          0          0        140   dnaninf.o
        12          0          0          0          0        116   dretinf.o
       108          0          0          0          0        128   drleqf.o
       408         56          0          0          0        168   dsqrt_umaal.o
        86          4          0          0          0        132   f2d.o
       140          4          0          0          0        132   fnaninf.o
        10          0          0          0          0        116   fpinit.o
        10          0          0          0          0        116   fretinf.o
       100          0          0          0          0        116   retnan.o
        92          0          0          0          0        116   scalbn.o
        48          0          0          0          0        116   trapv.o
         0          0          0          0          0          0   usenofp.o
       744        106        152          0          0        352   atan.o
       512         64          0          0          0        208   atan2.o
       200         20          0          0          0        164   cos.o
       368         46         48          0          0        200   cos_i.o
       184         44          0          0          0        744   dunder.o
        24          0          0          0          0        124   fabs.o
        48          0          0          0          0        124   fpclassify.o
       248          0          0          0          0        152   poly.o
      3152        296        136          0          0        352   pow.o
         0          0          8          0          0          0   qnan.o
      1080        142        200          0          0        188   rred.o
       200         20          0          0          0        164   sin.o
       304         24         40          0          0        208   sin_i.o
       232          0          0          0          0        296   sqrt.o

    ----------------------------------------------------------------------
     12008       1042        584          0         96       8048   Library Totals
        26          0          0          0          0          0   (incl. Padding)

    ----------------------------------------------------------------------

      Code (inc. data)   RO Data    RW Data    ZI Data      Debug   Library Name

       992         20          0          0         96       1148   c_w.l
      3694        260          0          0          0       3624   fz_wm.l
      7296        762        584          0          0       3276   m_wm.l

    ----------------------------------------------------------------------
     12008       1042        584          0         96       8048   Library Totals

    ----------------------------------------------------------------------

==============================================================================


      Code (inc. data)   RO Data    RW Data    ZI Data      Debug   

     58784       3978       2808       1604      47076    1282206   Grand Totals
     58784       3978       2808       1184      47076    1282206   ELF Image Totals (compressed)
     58784       3978       2808       1184          0          0   ROM Totals

==============================================================================

    Total RO  Size (Code + RO Data)                61592 (  60.15kB)
    Total RW  Size (RW Data + ZI Data)             48680 (  47.54kB)
    Total ROM Size (Code + RO Data + RW Data)      62776 (  61.30kB)

==============================================================================

