<html>
<body>
<pre>
<h1>µVision Build Log</h1>
<h2>Tool Versions:</h2>
IDE-Version: ¶ÃVision V5.42.0.0
Copyright (C) 2025 ARM Ltd and ARM Germany GmbH. All rights reserved.
License Information: x –Ì∫≠∑…, t, LIC=FYKYW-Q8XSY-EVG1R-K6C5C-6XJRA-WFUDC
 
Tool Versions:
Toolchain:       MDK-ARM Plus  Version: 5.42.0.0
Toolchain Path:  D:\ProgramFile\MDK\Core\ARM\ARMCC\Bin
C Compiler:      Armcc.exe V5.06 update 7 (build 960)
Assembler:       Armasm.exe V5.06 update 7 (build 960)
Linker/Locator:  ArmLink.exe V5.06 update 7 (build 960)
Library Manager: ArmAr.exe V5.06 update 7 (build 960)
Hex Converter:   FromElf.exe V5.06 update 7 (build 960)
CPU DLL:         SARMCM3.DLL V5.42.0.0
Dialog DLL:      DCM.DLL V1.17.5.0
Target DLL:      STLink\ST-LINKIII-KEIL_SWO.dll V3.3.0.0
Dialog DLL:      TCM.DLL V1.56.6.0
 
<h2>Project:</h2>
D:\transistor’Ω∂”\26-transistor-codes\Sentry_Board2_C_26\MDK-ARM\DraftOfOmniWheel.uvprojx
Project File Date:  08/22/2025

<h2>Output:</h2>
*** Using Compiler 'V5.06 update 7 (build 960)', folder: 'D:\ProgramFile\MDK\Core\ARM\ARMCC\Bin'
Rebuild target 'DraftOfOmniWheel'
assembling startup_stm32f407xx.s...
compiling user_lib.c...
compiling FuzzyPID.c...
compiling stm32f4xx_hal_msp.c...
compiling kalman_filter.c...
compiling tim.c...
compiling stm32f4xx_hal_timebase_tim.c...
compiling spi.c...
compiling gpio.c...
compiling rtc.c...
compiling dma.c...
compiling FeedForward.c...
compiling usart.c...
compiling can.c...
compiling main.c...
../Debug/TraceRecorder/include/trcRecorder.h(1857): warning:  #47-D: incompatible redefinition of macro "vTraceConsoleChannelPrintF"  (declared at line 84)
  #define vTraceConsoleChannelPrintF(fmt, ...) (void)(fmt)
../Core/Src/main.c: 1 warning, 0 errors
compiling pid.c...
..\Algorithm\Algorithm.c\pid.c(305): warning:  #1-D: last line of file ends without a newline
  }
..\Algorithm\Algorithm.c\pid.c: 1 warning, 0 errors
compiling stm32f4xx_it.c...
compiling freertos.c...
compiling Gimbal_Chassis_Pitch_Angle.c...
compiling UI.c...
compiling BSP_Usart.c...
compiling bsp_delay.c...
compiling bsp_led.c...
compiling MA600_use.c...
compiling Saber_C3.c...
compiling MA600_base.c...
compiling Protocol_Judgement.c...
compiling BSP_BoardCommunication.c...
..\Protocol\Protocol.c\BSP_BoardCommunication.c(27): warning:  #177-D: variable "IT_keycommand"  was declared but never referenced
  	uint8_t IT_keycommand[8]={0};
..\Protocol\Protocol.c\BSP_BoardCommunication.c: 1 warning, 0 errors
compiling BSP_Can.c...
compiling N100.c...
compiling M6020_Motor.c...
compiling DT7.c...
compiling BSP_Test.c...
compiling M3508_Motor.c...
compiling M2006_Motor.c...
compiling Time_Stamp.c...
compiling PowerControl.c...
compiling Task_LED.c...
compiling DM_Motor.c...
..\Devices\Devices.h\DM_Motor.h(101): warning:  #1-D: last line of file ends without a newline
  #endif /* __J4310_MOTOR_H */
..\Devices\Devices.c\DM_Motor.c(64): warning:  #1035-D: single-precision operand implicitly converted to double-precision
    float Postion = uq1 / 8192 * 2 * Pi;
..\Devices\Devices.c\DM_Motor.c(131): warning:  #550-D: variable "Can_Send_Data"  was set but never used
    Can_Send_Data_t Can_Send_Data;
..\Devices\Devices.c\DM_Motor.c(179): warning:  #1035-D: single-precision operand implicitly converted to double-precision
    DM_Array[StdId]->realAngle = DM_Array[StdId]->realAngle / 2 * 3.1415927 * 36.0f;
..\Devices\Devices.c\DM_Motor.c: 4 warnings, 0 errors
compiling Steer_Omni_Chassis.c...
compiling Task_RobotControl.c...
compiling Task_CanSend.c...
compiling Cloud_Control.c...
compiling Task_CanReceive.c...
compiling Task_RobotUI.c...
compiling Task_Vofa.c...
compiling Task_OffLineCheck.c...
compiling Task_UsartSend.c...
compiling usb_device.c...
compiling usbd_cdc_if.c...
compiling usbd_desc.c...
compiling stm32f4xx_hal_pcd_ex.c...
compiling usbd_conf.c...
compiling stm32f4xx_hal_tim_ex.c...
compiling system_stm32f4xx.c...
compiling stm32f4xx_ll_usb.c...
compiling stm32f4xx_hal_pcd.c...
compiling stm32f4xx_hal_tim.c...
compiling stm32f4xx_hal_rcc.c...
compiling stm32f4xx_hal_flash.c...
compiling stm32f4xx_hal_flash_ex.c...
compiling stm32f4xx_hal_rcc_ex.c...
compiling stm32f4xx_hal_flash_ramfunc.c...
compiling stm32f4xx_hal_gpio.c...
compiling stm32f4xx_hal_pwr.c...
compiling stm32f4xx_hal_dma_ex.c...
compiling croutine.c...
compiling stm32f4xx_hal_pwr_ex.c...
compiling stm32f4xx_hal_dma.c...
compiling event_groups.c...
compiling stm32f4xx_hal_exti.c...
compiling list.c...
compiling queue.c...
compiling stream_buffer.c...
compiling stm32f4xx_hal_cortex.c...
compiling timers.c...
compiling tasks.c...
compiling stm32f4xx_hal.c...
compiling heap_4.c...
compiling stm32f4xx_hal_rtc.c...
compiling stm32f4xx_hal_can.c...
compiling cmsis_os.c...
compiling port.c...
compiling stm32f4xx_hal_rtc_ex.c...
compiling stm32f4xx_hal_spi.c...
compiling stm32f4xx_hal_uart.c...
compiling usbd_ioreq.c...
compiling usbd_ctlreq.c...
compiling usbd_core.c...
compiling usbd_cdc.c...
compiling vofa.c...
compiling sys.c...
linking...
Program Size: Code=59008 RO-data=2808 RW-data=1604 ZI-data=47076  
FromELF: creating hex file...
"DraftOfOmniWheel\DraftOfOmniWheel.axf" - 0 Error(s), 7 Warning(s).

<h2>Software Packages used:</h2>

Package Vendor: ARM
                https://www.keil.com/pack/ARM.CMSIS.6.1.0.pack
                ARM::CMSIS@6.1.0
                CMSIS (Common Microcontroller Software Interface Standard)
   * Component: CORE Version: 6.1.0

Package Vendor: Keil
                https://www.keil.com/pack/Keil.STM32F4xx_DFP.3.0.0.pack
                Keil::STM32F4xx_DFP@3.0.0
                STMicroelectronics STM32F4 Series Device Support

<h2>Collection of Component include folders:</h2>
  ./RTE/_DraftOfOmniWheel
  D:/ProgramFile/MDK/Packs/ARM/CMSIS/6.1.0/CMSIS/Core/Include

<h2>Collection of Component Files used:</h2>

   * Component: ARM::CMSIS:CORE@6.1.0
Build Time Elapsed:  00:00:46
</pre>
</body>
</html>
