Component: ARM Compiler 5.06 update 7 (build 960) Tool: armlink [4d3601]

==============================================================================

Section Cross References

    startup_stm32f407xx.o(STACK) refers (Special) to heapauxi.o(.text) for __use_two_region_memory
    startup_stm32f407xx.o(HEAP) refers (Special) to heapauxi.o(.text) for __use_two_region_memory
    startup_stm32f407xx.o(RESET) refers (Special) to heapauxi.o(.text) for __use_two_region_memory
    startup_stm32f407xx.o(RESET) refers to startup_stm32f407xx.o(STACK) for __initial_sp
    startup_stm32f407xx.o(RESET) refers to startup_stm32f407xx.o(.text) for Reset_Handler
    startup_stm32f407xx.o(RESET) refers to stm32f4xx_it.o(i.NMI_Handler) for NMI_Handler
    startup_stm32f407xx.o(RESET) refers to stm32f4xx_it.o(i.HardFault_Handler) for HardFault_Handler
    startup_stm32f407xx.o(RESET) refers to stm32f4xx_it.o(i.MemManage_Handler) for MemManage_Handler
    startup_stm32f407xx.o(RESET) refers to stm32f4xx_it.o(i.BusFault_Handler) for BusFault_Handler
    startup_stm32f407xx.o(RESET) refers to stm32f4xx_it.o(i.UsageFault_Handler) for UsageFault_Handler
    startup_stm32f407xx.o(RESET) refers to port.o(.emb_text) for SVC_Handler
    startup_stm32f407xx.o(RESET) refers to stm32f4xx_it.o(i.DebugMon_Handler) for DebugMon_Handler
    startup_stm32f407xx.o(RESET) refers to port.o(i.SysTick_Handler) for SysTick_Handler
    startup_stm32f407xx.o(RESET) refers to stm32f4xx_it.o(i.EXTI0_IRQHandler) for EXTI0_IRQHandler
    startup_stm32f407xx.o(RESET) refers to stm32f4xx_it.o(i.DMA1_Stream1_IRQHandler) for DMA1_Stream1_IRQHandler
    startup_stm32f407xx.o(RESET) refers to stm32f4xx_it.o(i.CAN1_TX_IRQHandler) for CAN1_TX_IRQHandler
    startup_stm32f407xx.o(RESET) refers to stm32f4xx_it.o(i.CAN1_RX0_IRQHandler) for CAN1_RX0_IRQHandler
    startup_stm32f407xx.o(RESET) refers to stm32f4xx_it.o(i.TIM1_UP_TIM10_IRQHandler) for TIM1_UP_TIM10_IRQHandler
    startup_stm32f407xx.o(RESET) refers to stm32f4xx_it.o(i.DMA2_Stream1_IRQHandler) for DMA2_Stream1_IRQHandler
    startup_stm32f407xx.o(RESET) refers to stm32f4xx_it.o(i.CAN2_TX_IRQHandler) for CAN2_TX_IRQHandler
    startup_stm32f407xx.o(RESET) refers to stm32f4xx_it.o(i.CAN2_RX0_IRQHandler) for CAN2_RX0_IRQHandler
    startup_stm32f407xx.o(RESET) refers to stm32f4xx_it.o(i.OTG_FS_IRQHandler) for OTG_FS_IRQHandler
    startup_stm32f407xx.o(RESET) refers to stm32f4xx_it.o(i.DMA2_Stream5_IRQHandler) for DMA2_Stream5_IRQHandler
    startup_stm32f407xx.o(RESET) refers to stm32f4xx_it.o(i.DMA2_Stream6_IRQHandler) for DMA2_Stream6_IRQHandler
    startup_stm32f407xx.o(RESET) refers to stm32f4xx_it.o(i.DMA2_Stream7_IRQHandler) for DMA2_Stream7_IRQHandler
    startup_stm32f407xx.o(RESET) refers to stm32f4xx_it.o(i.USART6_IRQHandler) for USART6_IRQHandler
    startup_stm32f407xx.o(.text) refers (Special) to heapauxi.o(.text) for __use_two_region_memory
    startup_stm32f407xx.o(.text) refers to system_stm32f4xx.o(i.SystemInit) for SystemInit
    startup_stm32f407xx.o(.text) refers to __main.o(!!!main) for __main
    startup_stm32f407xx.o(.text) refers to startup_stm32f407xx.o(HEAP) for Heap_Mem
    startup_stm32f407xx.o(.text) refers to startup_stm32f407xx.o(STACK) for Stack_Mem
    main.o(i.HAL_TIM_PeriodElapsedCallback) refers to stm32f4xx_hal.o(i.HAL_IncTick) for HAL_IncTick
    main.o(i.SystemClock_Config) refers to rt_memclr_w.o(.text) for __aeabi_memclr4
    main.o(i.SystemClock_Config) refers to stm32f4xx_hal_rcc.o(i.HAL_RCC_OscConfig) for HAL_RCC_OscConfig
    main.o(i.SystemClock_Config) refers to main.o(i.Error_Handler) for Error_Handler
    main.o(i.SystemClock_Config) refers to stm32f4xx_hal_rcc.o(i.HAL_RCC_ClockConfig) for HAL_RCC_ClockConfig
    main.o(i.main) refers to stm32f4xx_hal.o(i.HAL_Init) for HAL_Init
    main.o(i.main) refers to main.o(i.SystemClock_Config) for SystemClock_Config
    main.o(i.main) refers to gpio.o(i.MX_GPIO_Init) for MX_GPIO_Init
    main.o(i.main) refers to dma.o(i.MX_DMA_Init) for MX_DMA_Init
    main.o(i.main) refers to can.o(i.MX_CAN1_Init) for MX_CAN1_Init
    main.o(i.main) refers to usart.o(i.MX_USART1_UART_Init) for MX_USART1_UART_Init
    main.o(i.main) refers to tim.o(i.MX_TIM5_Init) for MX_TIM5_Init
    main.o(i.main) refers to can.o(i.MX_CAN2_Init) for MX_CAN2_Init
    main.o(i.main) refers to usart.o(i.MX_USART3_UART_Init) for MX_USART3_UART_Init
    main.o(i.main) refers to usart.o(i.MX_USART6_UART_Init) for MX_USART6_UART_Init
    main.o(i.main) refers to rtc.o(i.MX_RTC_Init) for MX_RTC_Init
    main.o(i.main) refers to spi.o(i.MX_SPI2_Init) for MX_SPI2_Init
    main.o(i.main) refers to bsp_delay.o(i.delay_init) for delay_init
    main.o(i.main) refers to stm32f4xx_hal.o(i.HAL_Delay) for HAL_Delay
    main.o(i.main) refers to freertos.o(i.MX_FREERTOS_Init) for MX_FREERTOS_Init
    main.o(i.main) refers to cmsis_os.o(i.osKernelStart) for osKernelStart
    freertos.o(i.ALL_Init) refers to usb_device.o(i.MX_USB_DEVICE_Init) for MX_USB_DEVICE_Init
[...]
    M3508_FUN                                0x2000041c   Data           8  m3508_motor.o(.data)
    M6020_Array                              0x20000424   Data          12  m6020_motor.o(.data)
    M6020_Fun                                0x20000430   Data          16  m6020_motor.o(.data)
    kk                                       0x20000440   Data           1  cloud_control.o(.data)
    Linear                                   0x20000444   Data           4  cloud_control.o(.data)
    Setup_Angleoffset                        0x20000448   Data           4  cloud_control.o(.data)
    Cloud_FUN                                0x2000044c   Data          16  cloud_control.o(.data)
    PowerControl_Fun                         0x2000045c   Data           8  powercontrol.o(.data)
    PowerTxData                              0x20000464   Data           8  powercontrol.o(.data)
    dirt                                     0x2000046c   Data           2  steer_omni_chassis.o(.data)
    RGB_flow_color                           0x20000470   Data          28  task_led.o(.data)
    CAP_Ratio                                0x20000490   Data           4  task_robotui.o(.data)
    stringWarning                            0x20000494   Data           8  task_robotui.o(.data)
    stringKeep                               0x2000049c   Data          28  task_robotui.o(.data)
    FS_Desc                                  0x200004bc   Data          28  usbd_desc.o(.data)
    USBD_LangIDDesc                          0x200004d8   Data           4  usbd_desc.o(.data)
    USBD_FS_DeviceDesc                       0x200004dc   Data          18  usbd_desc.o(.data)
    USBD_StringSerial                        0x200004f0   Data          26  usbd_desc.o(.data)
    USBD_Interface_fops_FS                   0x2000050c   Data          20  usbd_cdc_if.o(.data)
    SystemCoreClock                          0x20000520   Data           4  system_stm32f4xx.o(.data)
    uwTickFreq                               0x20000524   Data           1  stm32f4xx_hal.o(.data)
    uwTickPrio                               0x20000528   Data           4  stm32f4xx_hal.o(.data)
    uwTick                                   0x2000052c   Data           4  stm32f4xx_hal.o(.data)
    USBD_CDC                                 0x20000588   Data          56  usbd_cdc.o(.data)
    pxCurrentTCB                             0x200005c0   Data           4  tasks.o(.data)
    c_data                                   0x2000063c   Data           4  vofa.o(.data)
    hcan1                                    0x20000ce8   Data          40  can.o(.bss)
    hcan2                                    0x20000d10   Data          40  can.o(.bss)
    hrtc                                     0x20000d38   Data          32  rtc.o(.bss)
    hspi2                                    0x20000d58   Data          88  spi.o(.bss)
    htim5                                    0x20000db0   Data          72  tim.o(.bss)
    huart1                                   0x20000df8   Data          72  usart.o(.bss)
    huart3                                   0x20000e40   Data          72  usart.o(.bss)
    huart6                                   0x20000e88   Data          72  usart.o(.bss)
    hdma_usart1_rx                           0x20000ed0   Data          96  usart.o(.bss)
    hdma_usart1_tx                           0x20000f30   Data          96  usart.o(.bss)
    hdma_usart3_rx                           0x20000f90   Data          96  usart.o(.bss)
    hdma_usart6_rx                           0x20000ff0   Data          96  usart.o(.bss)
    hdma_usart6_tx                           0x20001050   Data          96  usart.o(.bss)
    htim1                                    0x200010b0   Data          72  stm32f4xx_hal_timebase_tim.o(.bss)
    Cloud_YAWODKalman                        0x200010f8   Data          48  pid.o(.bss)
    ControlMes                               0x20001128   Data          28  bsp_boardcommunication.o(.bss)
    JudgeSystem_rxBuff                       0x20001144   Data         136  protocol_judgement.o(.bss)
    g_referee                                0x200011cc   Data         412  protocol_judgement.o(.bss)
    UI_Graph1                                0x20001368   Data          30  ui.o(.bss)
    UI_Graph2                                0x20001386   Data          45  ui.o(.bss)
    UI_Graph5                                0x200013b3   Data          90  ui.o(.bss)
    UI_Graph7                                0x2000140d   Data         120  ui.o(.bss)
    UI_String1                               0x20001485   Data          70  ui.o(.bss)
    UI_String2                               0x200014cb   Data          70  ui.o(.bss)
    UI_String3                               0x20001511   Data          70  ui.o(.bss)
    UI_Delete                                0x20001557   Data          17  ui.o(.bss)
    Can_Data                                 0x20001568   Data         152  bsp_can.o(.bss)
    Saber_Rxbuffer                           0x20001648   Data          76  saber_c3.o(.bss)
    Saber_Montage                            0x20001694   Data         152  saber_c3.o(.bss)
    Saber_Angle                              0x2000172c   Data          24  saber_c3.o(.bss)
    RC_CtrlData                              0x20001744   Data          22  dt7.o(.bss)
    M3508_Array                              0x2000176c   Data        1400  m3508_motor.o(.bss)
    M3508_Helm                               0x20001ce4   Data        1600  m3508_motor.o(.bss)
    M6020s_Yaw                               0x20002324   Data         200  m6020_motor.o(.bss)
    M6020s_Chassis1                          0x200023ec   Data         200  m6020_motor.o(.bss)
    M6020s_Chassis2                          0x200024b4   Data         200  m6020_motor.o(.bss)
    Dial_2006                                0x2000257c   Data          32  m2006_motor.o(.bss)
    M6020s_YawIPID                           0x2000259c   Data          80  cloud_control.o(.bss)
    M6020s_YawOPID                           0x200025ec   Data          80  cloud_control.o(.bss)
    AutoAim_M6020s_YawIPID                   0x2000263c   Data          80  cloud_control.o(.bss)
    AutoAim_M6020s_YawOPID                   0x2000268c   Data          80  cloud_control.o(.bss)
    Cloud_YawMotorAngle_Error_Kalman         0x200026dc   Data          48  cloud_control.o(.bss)
    Cloud_YawCurrent_Kalman                  0x2000270c   Data          48  cloud_control.o(.bss)
    Cloud_YawCurrent_Kalman_manul            0x2000273c   Data          48  cloud_control.o(.bss)
    Cloud                                    0x2000276c   Data          24  cloud_control.o(.bss)
    PowerRxData                              0x20002784   Data          12  powercontrol.o(.bss)
    Steer_Omni_Data                          0x20002790   Data          44  steer_omni_chassis.o(.bss)
    hUsbDeviceFS                             0x200027bc   Data         732  usb_device.o(.bss)
    USBD_StrDesc                             0x20002a98   Data         512  usbd_desc.o(.bss)
    UserRxBufferFS                           0x20002c98   Data        2048  usbd_cdc_if.o(.bss)
    UserTxBufferFS                           0x20003498   Data        2048  usbd_cdc_if.o(.bss)
    hpcd_USB_OTG_FS                          0x20003eb8   Data        1252  usbd_conf.o(.bss)
    xQueueRegistry                           0x2000439c   Data          64  queue.o(.bss)
    __libspace_start                         0x2000bdb4   Data          96  libspace.o(.bss)
    __temporary_stack_top$libspace           0x2000be14   Data           0  libspace.o(.bss)



==============================================================================

Memory Map of the image

  Image Entry point : 0x08000189

  Load Region LR_IROM1 (Base: 0x08000000, Size: 0x0000f558, Max: 0x00100000, ABSOLUTE, COMPRESSED[0x0000f3b8])

    Execution Region ER_IROM1 (Exec base: 0x08000000, Load base: 0x08000000, Size: 0x0000ef18, Max: 0x00100000, ABSOLUTE)

    Exec Addr    Load Addr    Size         Type   Attr      Idx    E Section Name        Object

    0x08000000   0x08000000   0x00000188   Data   RO            3    RESET               startup_stm32f407xx.o
    0x08000188   0x08000188   0x00000008   Code   RO         9826  * !!!main             c_w.l(__main.o)
    0x08000190   0x08000190   0x00000034   Code   RO        10254    !!!scatter          c_w.l(__scatter.o)
    0x080001c4   0x080001c4   0x0000005a   Code   RO        10252    !!dczerorl2         c_w.l(__dczerorl2.o)
    0x0800021e   0x0800021e   0x00000002   PAD
    0x08000220   0x08000220   0x0000001c   Code   RO        10256    !!handler_zi        c_w.l(__scatter_zi.o)
    0x0800023c   0x0800023c   0x00000002   Code   RO        10119    .ARM.Collect$$libinit$$00000000  c_w.l(libinit.o)
    0x0800023e   0x0800023e   0x00000004   Code   RO        10120    .ARM.Collect$$libinit$$00000001  c_w.l(libinit2.o)
    0x08000242   0x08000242   0x00000000   Code   RO        10123    .ARM.Collect$$libinit$$00000004  c_w.l(libinit2.o)
    0x08000242   0x08000242   0x00000000   Code   RO        10126    .ARM.Collect$$libinit$$0000000A  c_w.l(libinit2.o)
    0x08000242   0x08000242   0x00000000   Code   RO        10128    .ARM.Collect$$libinit$$0000000C  c_w.l(libinit2.o)
    0x08000242   0x08000242   0x00000000   Code   RO        10130    .ARM.Collect$$libinit$$0000000E  c_w.l(libinit2.o)
    0x08000242   0x08000242   0x00000000   Code   RO        10133    .ARM.Collect$$libinit$$00000011  c_w.l(libinit2.o)
    0x08000242   0x08000242   0x00000000   Code   RO        10135    .ARM.Collect$$libinit$$00000013  c_w.l(libinit2.o)
    0x08000242   0x08000242   0x00000000   Code   RO        10137    .ARM.Collect$$libinit$$00000015  c_w.l(libinit2.o)
    0x08000242   0x08000242   0x00000000   Code   RO        10139    .ARM.Collect$$libinit$$00000017  c_w.l(libinit2.o)
    0x08000242   0x08000242   0x00000000   Code   RO        10141    .ARM.Collect$$libinit$$00000019  c_w.l(libinit2.o)
    0x08000242   0x08000242   0x00000000   Code   RO        10143    .ARM.Collect$$libinit$$0000001B  c_w.l(libinit2.o)
    0x08000242   0x08000242   0x00000000   Code   RO        10145    .ARM.Collect$$libinit$$0000001D  c_w.l(libinit2.o)
    0x08000242   0x08000242   0x00000000   Code   RO        10147    .ARM.Collect$$libinit$$0000001F  c_w.l(libinit2.o)
    0x08000242   0x08000242   0x00000000   Code   RO        10149    .ARM.Collect$$libinit$$00000021  c_w.l(libinit2.o)
    0x08000242   0x08000242   0x00000000   Code   RO        10151    .ARM.Collect$$libinit$$00000023  c_w.l(libinit2.o)
    0x08000242   0x08000242   0x00000000   Code   RO        10153    .ARM.Collect$$libinit$$00000025  c_w.l(libinit2.o)
    0x08000242   0x08000242   0x00000000   Code   RO        10157    .ARM.Collect$$libinit$$0000002C  c_w.l(libinit2.o)
    0x08000242   0x08000242   0x00000000   Code   RO        10159    .ARM.Collect$$libinit$$0000002E  c_w.l(libinit2.o)
    0x08000242   0x08000242   0x00000000   Code   RO        10161    .ARM.Collect$$libinit$$00000030  c_w.l(libinit2.o)
    0x08000242   0x08000242   0x00000000   Code   RO        10163    .ARM.Collect$$libinit$$00000032  c_w.l(libinit2.o)
    0x08000242   0x08000242   0x00000002   Code   RO        10164    .ARM.Collect$$libinit$$00000033  c_w.l(libinit2.o)
    0x08000244   0x08000244   0x00000002   Code   RO        10215    .ARM.Collect$$libshutdown$$00000000  c_w.l(libshutdown.o)
    0x08000246   0x08000246   0x00000000   Code   RO        10233    .ARM.Collect$$libshutdown$$00000002  c_w.l(libshutdown2.o)
    0x08000246   0x08000246   0x00000000   Code   RO        10235    .ARM.Collect$$libshutdown$$00000004  c_w.l(libshutdown2.o)
    0x08000246   0x08000246   0x00000000   Code   RO        10237    .ARM.Collect$$libshutdown$$00000006  c_w.l(libshutdown2.o)
    0x08000246   0x08000246   0x00000000   Code   RO        10240    .ARM.Collect$$libshutdown$$00000009  c_w.l(libshutdown2.o)
    0x08000246   0x08000246   0x00000000   Code   RO        10243    .ARM.Collect$$libshutdown$$0000000C  c_w.l(libshutdown2.o)
    0x08000246   0x08000246   0x00000000   Code   RO        10245    .ARM.Collect$$libshutdown$$0000000E  c_w.l(libshutdown2.o)
    0x08000246   0x08000246   0x00000000   Code   RO        10248    .ARM.Collect$$libshutdown$$00000011  c_w.l(libshutdown2.o)
    0x08000246   0x08000246   0x00000002   Code   RO        10249    .ARM.Collect$$libshutdown$$00000012  c_w.l(libshutdown2.o)
    0x08000248   0x08000248   0x00000000   Code   RO         9942    .ARM.Collect$$rtentry$$00000000  c_w.l(__rtentry.o)
    0x08000248   0x08000248   0x00000000   Code   RO        10035    .ARM.Collect$$rtentry$$00000002  c_w.l(__rtentry2.o)
    0x08000248   0x08000248   0x00000006   Code   RO        10047    .ARM.Collect$$rtentry$$00000004  c_w.l(__rtentry4.o)
    0x0800024e   0x0800024e   0x00000000   Code   RO        10037    .ARM.Collect$$rtentry$$00000009  c_w.l(__rtentry2.o)
    0x0800024e   0x0800024e   0x00000004   Code   RO        10038    .ARM.Collect$$rtentry$$0000000A  c_w.l(__rtentry2.o)
    0x08000252   0x08000252   0x00000000   Code   RO        10040    .ARM.Collect$$rtentry$$0000000C  c_w.l(__rtentry2.o)
    0x08000252   0x08000252   0x00000008   Code   RO        10041    .ARM.Collect$$rtentry$$0000000D  c_w.l(__rtentry2.o)
    0x0800025a   0x0800025a   0x00000002   Code   RO        10167    .ARM.Collect$$rtexit$$00000000  c_w.l(rtexit.o)
    0x0800025c   0x0800025c   0x00000000   Code   RO        10184    .ARM.Collect$$rtexit$$00000002  c_w.l(rtexit2.o)
    0x0800025c   0x0800025c   0x00000004   Code   RO        10185    .ARM.Collect$$rtexit$$00000003  c_w.l(rtexit2.o)
    0x08000260   0x08000260   0x00000006   Code   RO        10186    .ARM.Collect$$rtexit$$00000004  c_w.l(rtexit2.o)
    0x08000266   0x08000266   0x00000002   PAD
    0x08000268   0x08000268   0x000000be   Code   RO         9507    .emb_text           port.o
    0x08000326   0x08000326   0x00000002   PAD
    0x08000328   0x08000328   0x00000040   Code   RO            4    .text               startup_stm32f407xx.o
    0x08000368   0x08000368   0x000000ee   Code   RO         9779    .text               c_w.l(lludivv7m.o)
    0x08000456   0x08000456   0x0000008a   Code   RO         9814    .text               c_w.l(rt_memcpy_v6.o)
    0x080004e0   0x080004e0   0x00000064   Code   RO         9816    .text               c_w.l(rt_memcpy_w.o)
    0x08000544   0x08000544   0x00000044   Code   RO         9820    .text               c_w.l(rt_memclr.o)
    0x08000588   0x08000588   0x0000004e   Code   RO         9822    .text               c_w.l(rt_memclr_w.o)
    0x080005d6   0x080005d6   0x00000006   Code   RO         9824    .text               c_w.l(heapauxi.o)
    0x080005dc   0x080005dc   0x00000016   Code   RO         9947    .text               c_w.l(_rserrno.o)
    0x080005f2   0x080005f2   0x00000002   PAD
    0x080005f4   0x080005f4   0x00000008   Code   RO        10059    .text               c_w.l(rt_errno_addr_intlibspace.o)
    0x080005fc   0x080005fc   0x00000008   Code   RO        10101    .text               c_w.l(libspace.o)
    0x08000604   0x08000604   0x0000004a   Code   RO        10104    .text               c_w.l(sys_stackheap_outer.o)
    0x0800064e   0x0800064e   0x00000012   Code   RO        10106    .text               c_w.l(exit.o)
    0x08000660   0x08000660   0x0000000c   Code   RO        10181    .text               c_w.l(sys_exit.o)
    0x0800066c   0x0800066c   0x00000002   Code   RO        10202    .text               c_w.l(use_no_semi.o)
    0x0800066e   0x0800066e   0x00000000   Code   RO        10204    .text               c_w.l(indicate_semi.o)
    0x0800066e   0x0800066e   0x00000002   PAD
    0x08000670   0x08000670   0x00000170   Code   RO          309    i.ALL_Init          freertos.o
    0x080007e0   0x080007e0   0x00000028   Code   RO         2928    i.AllCanSend        task_cansend.o
    0x08000808   0x08000808   0x00000066   Code   RO         2821    i.Angle_Limit       steer_omni_chassis.o
    0x0800086e   0x0800086e   0x00000096   Code   RO         1511    i.Arc_Draw          ui.o
    0x08000904   0x08000904   0x00000090   Code   RO         1380    i.Board2_To_1       bsp_boardcommunication.o
    0x08000994   0x08000994   0x000000ac   Code   RO         1381    i.Board2_getChassisInfo  bsp_boardcommunication.o
    0x08000a40   0x08000a40   0x000000a8   Code   RO         1382    i.Board2_getGimbalInfo  bsp_boardcommunication.o
    0x08000ae8   0x08000ae8   0x00000002   Code   RO          765    i.BusFault_Handler  stm32f4xx_it.o
    0x08000aea   0x08000aea   0x00000002   PAD
    0x08000aec   0x08000aec   0x0000000c   Code   RO          766    i.CAN1_RX0_IRQHandler  stm32f4xx_it.o
    0x08000af8   0x08000af8   0x0000000c   Code   RO          767    i.CAN1_TX_IRQHandler  stm32f4xx_it.o
    0x08000b04   0x08000b04   0x0000000c   Code   RO          768    i.CAN2_RX0_IRQHandler  stm32f4xx_it.o
    0x08000b10   0x08000b10   0x0000000c   Code   RO          769    i.CAN2_TX_IRQHandler  stm32f4xx_it.o
    0x08000b1c   0x08000b1c   0x00000032   Code   RO         1623    i.CAN_FILTER_Init   bsp_can.o
    0x08000b4e   0x08000b4e   0x00000002   PAD
    0x08000b50   0x08000b50   0x00000034   Code   RO         1624    i.CAN_IT_Init       bsp_can.o
    0x08000b84   0x08000b84   0x00000036   Code   RO         1625    i.CAN_SendData      bsp_can.o
    0x08000bba   0x08000bba   0x00000008   Code   RO         3275    i.CDC_Control_FS    usbd_cdc_if.o
    0x08000bc2   0x08000bc2   0x00000004   Code   RO         3276    i.CDC_DeInit_FS     usbd_cdc_if.o
    0x08000bc6   0x08000bc6   0x00000002   PAD
    0x08000bc8   0x08000bc8   0x00000024   Code   RO         3277    i.CDC_Init_FS       usbd_cdc_if.o
    0x08000bec   0x08000bec   0x00000028   Code   RO         3278    i.CDC_Receive_FS    usbd_cdc_if.o
    0x08000c14   0x08000c14   0x00000004   Code   RO         3279    i.CDC_TransmitCplt_FS  usbd_cdc_if.o
    0x08000c18   0x08000c18   0x0000002c   Code   RO         3280    i.CDC_Transmit_FS   usbd_cdc_if.o
    0x08000c44   0x08000c44   0x00000084   Code   RO         2894    i.Can1Receives      task_canreceive.o
    0x08000cc8   0x08000cc8   0x00000084   Code   RO         2895    i.Can2Receives      task_canreceive.o
    0x08000d4c   0x08000d4c   0x0000008e   Code   RO         1512    i.Char_Draw         ui.o
    0x08000dda   0x08000dda   0x00000002   PAD
    0x08000ddc   0x08000ddc   0x00000204   Code   RO         2822    i.Chassis_Init      steer_omni_chassis.o
    0x08000fe0   0x08000fe0   0x00000070   Code   RO         1513    i.Circle_Draw       ui.o
    0x08001050   0x08001050   0x00000030   Code   RO         1112    i.Clear_PositionPIDData  pid.o
    0x08001080   0x08001080   0x00000084   Code   RO         2676    i.Cloud_Init        cloud_control.o
    0x08001104   0x08001104   0x000000b4   Code   RO         2677    i.Cloud_Sport_Out   cloud_control.o
    0x080011b8   0x080011b8   0x000001c4   Code   RO         2678    i.Cloud_Yaw_Angle_Set  cloud_control.o
    0x0800137c   0x0800137c   0x0000000c   Code   RO          770    i.DMA1_Stream1_IRQHandler  stm32f4xx_it.o
    0x08001388   0x08001388   0x0000000c   Code   RO          771    i.DMA2_Stream1_IRQHandler  stm32f4xx_it.o
    0x08001394   0x08001394   0x0000000c   Code   RO          772    i.DMA2_Stream5_IRQHandler  stm32f4xx_it.o
    0x080013a0   0x080013a0   0x0000000c   Code   RO          773    i.DMA2_Stream6_IRQHandler  stm32f4xx_it.o
    0x080013ac   0x080013ac   0x0000000c   Code   RO          774    i.DMA2_Stream7_IRQHandler  stm32f4xx_it.o
    0x080013b8   0x080013b8   0x0000002c   Code   RO         5661    i.DMA_CalcBaseAndBitshift  stm32f4xx_hal_dma.o
    0x080013e4   0x080013e4   0x00000078   Code   RO         5662    i.DMA_CheckFifoParam  stm32f4xx_hal_dma.o
    0x0800145c   0x0800145c   0x0000002a   Code   RO         5663    i.DMA_SetConfig     stm32f4xx_hal_dma.o
    0x08001486   0x08001486   0x00000002   PAD
    0x08001488   0x08001488   0x00000198   Code   RO         2140    i.DT7_Handle        dt7.o
    0x08001620   0x08001620   0x00000014   Code   RO         2141    i.DT7_Init          dt7.o
    0x08001634   0x08001634   0x00000002   Code   RO          775    i.DebugMon_Handler  stm32f4xx_it.o
    0x08001636   0x08001636   0x00000006   Code   RO          776    i.EXTI0_IRQHandler  stm32f4xx_it.o
    0x0800163c   0x0800163c   0x00000004   Code   RO           13    i.Error_Handler     main.o
    0x08001640   0x08001640   0x000000b0   Code   RO         1514    i.Float_Draw        ui.o
    0x080016f0   0x080016f0   0x0000015c   Code   RO         1298    i.FuzzyComputation  fuzzypid.o
    0x0800184c   0x0800184c   0x00000030   Code   RO         1427    i.Get_CRC16_Check_Sum  protocol_judgement.o
    0x0800187c   0x0800187c   0x00000030   Code   RO         1515    i.Get_CRC16_Check_Sum_UI  ui.o
    0x080018ac   0x080018ac   0x0000001c   Code   RO         1428    i.Get_CRC8_Check_Sum  protocol_judgement.o
    0x080018c8   0x080018c8   0x0000001c   Code   RO         1516    i.Get_CRC8_Check_Sum_UI  ui.o
    0x080018e4   0x080018e4   0x00000038   Code   RO         3197    i.Get_SerialNum     usbd_desc.o
    0x0800191c   0x0800191c   0x00000024   Code   RO         6353    i.HAL_CAN_ActivateNotification  stm32f4xx_hal_can.o
    0x08001940   0x08001940   0x000000e2   Code   RO         6354    i.HAL_CAN_AddTxMessage  stm32f4xx_hal_can.o
    0x08001a22   0x08001a22   0x00000002   PAD
    0x08001a24   0x08001a24   0x00000110   Code   RO         6355    i.HAL_CAN_ConfigFilter  stm32f4xx_hal_can.o
    0x08001b34   0x08001b34   0x00000002   Code   RO         6358    i.HAL_CAN_ErrorCallback  stm32f4xx_hal_can.o
    0x08001b36   0x08001b36   0x00000112   Code   RO         6361    i.HAL_CAN_GetRxMessage  stm32f4xx_hal_can.o
    0x08001c48   0x08001c48   0x000001fc   Code   RO         6365    i.HAL_CAN_IRQHandler  stm32f4xx_hal_can.o
    0x08001e44   0x08001e44   0x00000152   Code   RO         6366    i.HAL_CAN_Init      stm32f4xx_hal_can.o
    0x08001f96   0x08001f96   0x00000002   PAD
    0x08001f98   0x08001f98   0x00000120   Code   RO          507    i.HAL_CAN_MspInit   can.o
    0x080020b8   0x080020b8   0x00000002   Code   RO         6373    i.HAL_CAN_RxFifo0FullCallback  stm32f4xx_hal_can.o
    0x080020ba   0x080020ba   0x00000002   PAD
    0x080020bc   0x080020bc   0x000000c0   Code   RO         1626    i.HAL_CAN_RxFifo0MsgPendingCallback  bsp_can.o
    0x0800217c   0x0800217c   0x00000002   Code   RO         6375    i.HAL_CAN_RxFifo1FullCallback  stm32f4xx_hal_can.o
    0x0800217e   0x0800217e   0x00000002   Code   RO         6376    i.HAL_CAN_RxFifo1MsgPendingCallback  stm32f4xx_hal_can.o
    0x08002180   0x08002180   0x00000002   Code   RO         6377    i.HAL_CAN_SleepCallback  stm32f4xx_hal_can.o
    0x08002182   0x08002182   0x00000058   Code   RO         6378    i.HAL_CAN_Start     stm32f4xx_hal_can.o
    0x080021da   0x080021da   0x00000002   Code   RO         6380    i.HAL_CAN_TxMailbox0AbortCallback  stm32f4xx_hal_can.o
    0x080021dc   0x080021dc   0x00000002   Code   RO         6381    i.HAL_CAN_TxMailbox0CompleteCallback  stm32f4xx_hal_can.o
    0x080021de   0x080021de   0x00000002   Code   RO         6382    i.HAL_CAN_TxMailbox1AbortCallback  stm32f4xx_hal_can.o
    0x080021e0   0x080021e0   0x00000002   Code   RO         6383    i.HAL_CAN_TxMailbox1CompleteCallback  stm32f4xx_hal_can.o
    0x080021e2   0x080021e2   0x00000002   Code   RO         6384    i.HAL_CAN_TxMailbox2AbortCallback  stm32f4xx_hal_can.o
    0x080021e4   0x080021e4   0x00000002   Code   RO         6385    i.HAL_CAN_TxMailbox2CompleteCallback  stm32f4xx_hal_can.o
    0x080021e6   0x080021e6   0x00000002   Code   RO         6387    i.HAL_CAN_WakeUpFromRxMsgCallback  stm32f4xx_hal_can.o
    0x080021e8   0x080021e8   0x0000008e   Code   RO         5664    i.HAL_DMA_Abort     stm32f4xx_hal_dma.o
    0x08002276   0x08002276   0x00000024   Code   RO         5665    i.HAL_DMA_Abort_IT  stm32f4xx_hal_dma.o
    0x0800229a   0x0800229a   0x00000002   PAD
    0x0800229c   0x0800229c   0x000001d0   Code   RO         5669    i.HAL_DMA_IRQHandler  stm32f4xx_hal_dma.o
    0x0800246c   0x0800246c   0x000000d4   Code   RO         5670    i.HAL_DMA_Init      stm32f4xx_hal_dma.o
    0x08002540   0x08002540   0x0000006e   Code   RO         5674    i.HAL_DMA_Start_IT  stm32f4xx_hal_dma.o
    0x080025ae   0x080025ae   0x00000002   PAD
    0x080025b0   0x080025b0   0x00000024   Code   RO         6101    i.HAL_Delay         stm32f4xx_hal.o
    0x080025d4   0x080025d4   0x00000002   Code   RO         5555    i.HAL_GPIO_EXTI_Callback  stm32f4xx_hal_gpio.o
    0x080025d6   0x080025d6   0x00000002   PAD
    0x080025d8   0x080025d8   0x00000018   Code   RO         5556    i.HAL_GPIO_EXTI_IRQHandler  stm32f4xx_hal_gpio.o
    0x080025f0   0x080025f0   0x000001d0   Code   RO         5557    i.HAL_GPIO_Init     stm32f4xx_hal_gpio.o
    0x080027c0   0x080027c0   0x0000000e   Code   RO         5561    i.HAL_GPIO_WritePin  stm32f4xx_hal_gpio.o
    0x080027ce   0x080027ce   0x00000002   PAD
    0x080027d0   0x080027d0   0x0000000c   Code   RO         6107    i.HAL_GetTick       stm32f4xx_hal.o
    0x080027dc   0x080027dc   0x00000010   Code   RO         6113    i.HAL_IncTick       stm32f4xx_hal.o
    0x080027ec   0x080027ec   0x00000034   Code   RO         6114    i.HAL_Init          stm32f4xx_hal.o
    0x08002820   0x08002820   0x0000008c   Code   RO          925    i.HAL_InitTick      stm32f4xx_hal_timebase_tim.o
    0x080028ac   0x080028ac   0x00000038   Code   RO          901    i.HAL_MspInit       stm32f4xx_hal_msp.o
    0x080028e4   0x080028e4   0x0000001a   Code   RO         5949    i.HAL_NVIC_EnableIRQ  stm32f4xx_hal_cortex.o
    0x080028fe   0x080028fe   0x00000002   PAD
    0x08002900   0x08002900   0x00000040   Code   RO         5955    i.HAL_NVIC_SetPriority  stm32f4xx_hal_cortex.o
    0x08002940   0x08002940   0x00000024   Code   RO         5956    i.HAL_NVIC_SetPriorityGrouping  stm32f4xx_hal_cortex.o
    0x08002964   0x08002964   0x00000002   Code   RO         4805    i.HAL_PCDEx_LPM_Callback  stm32f4xx_hal_pcd_ex.o
    0x08002966   0x08002966   0x00000008   Code   RO         4806    i.HAL_PCDEx_SetRxFiFo  stm32f4xx_hal_pcd_ex.o
    0x0800296e   0x0800296e   0x00000042   Code   RO         4807    i.HAL_PCDEx_SetTxFiFo  stm32f4xx_hal_pcd_ex.o
    0x080029b0   0x080029b0   0x00000008   Code   RO         3332    i.HAL_PCD_ConnectCallback  usbd_conf.o
    0x080029b8   0x080029b8   0x00000012   Code   RO         3333    i.HAL_PCD_DataInStageCallback  usbd_conf.o
    0x080029ca   0x080029ca   0x00000014   Code   RO         3334    i.HAL_PCD_DataOutStageCallback  usbd_conf.o
    0x080029de   0x080029de   0x00000008   Code   RO         3335    i.HAL_PCD_DisconnectCallback  usbd_conf.o
    0x080029e6   0x080029e6   0x0000001e   Code   RO         4570    i.HAL_PCD_EP_Abort  stm32f4xx_hal_pcd.o
    0x08002a04   0x08002a04   0x00000048   Code   RO         4571    i.HAL_PCD_EP_Close  stm32f4xx_hal_pcd.o
    0x08002a4c   0x08002a4c   0x00000058   Code   RO         4572    i.HAL_PCD_EP_ClrStall  stm32f4xx_hal_pcd.o
    0x08002aa4   0x08002aa4   0x00000012   Code   RO         4574    i.HAL_PCD_EP_GetRxCount  stm32f4xx_hal_pcd.o
    0x08002ab6   0x08002ab6   0x00000060   Code   RO         4575    i.HAL_PCD_EP_Open   stm32f4xx_hal_pcd.o
    0x08002b16   0x08002b16   0x00000032   Code   RO         4576    i.HAL_PCD_EP_Receive  stm32f4xx_hal_pcd.o
    0x08002b48   0x08002b48   0x00000070   Code   RO         4577    i.HAL_PCD_EP_SetStall  stm32f4xx_hal_pcd.o
    0x08002bb8   0x08002bb8   0x00000032   Code   RO         4578    i.HAL_PCD_EP_Transmit  stm32f4xx_hal_pcd.o
    0x08002bea   0x08002bea   0x00000508   Code   RO         4580    i.HAL_PCD_IRQHandler  stm32f4xx_hal_pcd.o
    0x080030f2   0x080030f2   0x00000008   Code   RO         3336    i.HAL_PCD_ISOINIncompleteCallback  usbd_conf.o
    0x080030fa   0x080030fa   0x00000008   Code   RO         3337    i.HAL_PCD_ISOOUTIncompleteCallback  usbd_conf.o
    0x08003102   0x08003102   0x000000d6   Code   RO         4583    i.HAL_PCD_Init      stm32f4xx_hal_pcd.o
    0x080031d8   0x080031d8   0x00000084   Code   RO         3339    i.HAL_PCD_MspInit   usbd_conf.o
    0x0800325c   0x0800325c   0x0000002e   Code   RO         3340    i.HAL_PCD_ResetCallback  usbd_conf.o
    0x0800328a   0x0800328a   0x00000008   Code   RO         3341    i.HAL_PCD_ResumeCallback  usbd_conf.o
    0x08003292   0x08003292   0x00000008   Code   RO         3342    i.HAL_PCD_SOFCallback  usbd_conf.o
    0x0800329a   0x0800329a   0x00000026   Code   RO         4589    i.HAL_PCD_SetAddress  stm32f4xx_hal_pcd.o
    0x080032c0   0x080032c0   0x0000000e   Code   RO         3343    i.HAL_PCD_SetupStageCallback  usbd_conf.o
    0x080032ce   0x080032ce   0x00000042   Code   RO         4592    i.HAL_PCD_Start     stm32f4xx_hal_pcd.o
    0x08003310   0x08003310   0x00000030   Code   RO         3344    i.HAL_PCD_SuspendCallback  usbd_conf.o
    0x08003340   0x08003340   0x00000148   Code   RO         5263    i.HAL_RCCEx_PeriphCLKConfig  stm32f4xx_hal_rcc_ex.o
    0x08003488   0x08003488   0x0000014c   Code   RO         5158    i.HAL_RCC_ClockConfig  stm32f4xx_hal_rcc.o
    0x080035d4   0x080035d4   0x0000003c   Code   RO         5162    i.HAL_RCC_GetClockConfig  stm32f4xx_hal_rcc.o
    0x08003610   0x08003610   0x0000000c   Code   RO         5163    i.HAL_RCC_GetHCLKFreq  stm32f4xx_hal_rcc.o
    0x0800361c   0x0800361c   0x00000020   Code   RO         5165    i.HAL_RCC_GetPCLK1Freq  stm32f4xx_hal_rcc.o
    0x0800363c   0x0800363c   0x00000020   Code   RO         5166    i.HAL_RCC_GetPCLK2Freq  stm32f4xx_hal_rcc.o
    0x0800365c   0x0800365c   0x0000006c   Code   RO         5167    i.HAL_RCC_GetSysClockFreq  stm32f4xx_hal_rcc.o
    0x080036c8   0x080036c8   0x000003c0   Code   RO         5170    i.HAL_RCC_OscConfig  stm32f4xx_hal_rcc.o
    0x08003a88   0x08003a88   0x000000a0   Code   RO         6599    i.HAL_RTC_Init      stm32f4xx_hal_rtc.o
    0x08003b28   0x08003b28   0x00000038   Code   RO          580    i.HAL_RTC_MspInit   rtc.o
    0x08003b60   0x08003b60   0x0000009c   Code   RO         6605    i.HAL_RTC_SetDate   stm32f4xx_hal_rtc.o
    0x08003bfc   0x08003bfc   0x000000c0   Code   RO         6606    i.HAL_RTC_SetTime   stm32f4xx_hal_rtc.o
    0x08003cbc   0x08003cbc   0x00000034   Code   RO         6607    i.HAL_RTC_WaitForSynchro  stm32f4xx_hal_rtc.o
    0x08003cf0   0x08003cf0   0x000000be   Code   RO         6999    i.HAL_SPI_Init      stm32f4xx_hal_spi.o
    0x08003dae   0x08003dae   0x00000002   PAD
    0x08003db0   0x08003db0   0x0000006c   Code   RO          622    i.HAL_SPI_MspInit   spi.o
    0x08003e1c   0x08003e1c   0x00000002   Code   RO         4294    i.HAL_TIMEx_BreakCallback  stm32f4xx_hal_tim_ex.o
    0x08003e1e   0x08003e1e   0x00000002   Code   RO         4295    i.HAL_TIMEx_CommutCallback  stm32f4xx_hal_tim_ex.o
    0x08003e20   0x08003e20   0x00000090   Code   RO         4313    i.HAL_TIMEx_MasterConfigSynchronization  stm32f4xx_hal_tim_ex.o
    0x08003eb0   0x08003eb0   0x0000004a   Code   RO         3579    i.HAL_TIM_Base_Init  stm32f4xx_hal_tim.o
    0x08003efa   0x08003efa   0x00000002   PAD
    0x08003efc   0x08003efc   0x00000028   Code   RO          664    i.HAL_TIM_Base_MspInit  tim.o
    0x08003f24   0x08003f24   0x00000080   Code   RO         3582    i.HAL_TIM_Base_Start  stm32f4xx_hal_tim.o
    0x08003fa4   0x08003fa4   0x0000008c   Code   RO         3584    i.HAL_TIM_Base_Start_IT  stm32f4xx_hal_tim.o
    0x08004030   0x08004030   0x000000e8   Code   RO         3588    i.HAL_TIM_ConfigClockSource  stm32f4xx_hal_tim.o
    0x08004118   0x08004118   0x00000002   Code   RO         3613    i.HAL_TIM_IC_CaptureCallback  stm32f4xx_hal_tim.o
    0x0800411a   0x0800411a   0x00000138   Code   RO         3627    i.HAL_TIM_IRQHandler  stm32f4xx_hal_tim.o
    0x08004252   0x08004252   0x00000002   PAD
    0x08004254   0x08004254   0x00000074   Code   RO          665    i.HAL_TIM_MspPostInit  tim.o
    0x080042c8   0x080042c8   0x00000002   Code   RO         3630    i.HAL_TIM_OC_DelayElapsedCallback  stm32f4xx_hal_tim.o
    0x080042ca   0x080042ca   0x000000d8   Code   RO         3651    i.HAL_TIM_PWM_ConfigChannel  stm32f4xx_hal_tim.o
    0x080043a2   0x080043a2   0x0000004a   Code   RO         3654    i.HAL_TIM_PWM_Init  stm32f4xx_hal_tim.o
    0x080043ec   0x080043ec   0x00000002   Code   RO         3656    i.HAL_TIM_PWM_MspInit  stm32f4xx_hal_tim.o
    0x080043ee   0x080043ee   0x00000002   Code   RO         3657    i.HAL_TIM_PWM_PulseFinishedCallback  stm32f4xx_hal_tim.o
    0x080043f0   0x080043f0   0x000000dc   Code   RO         3659    i.HAL_TIM_PWM_Start  stm32f4xx_hal_tim.o
    0x080044cc   0x080044cc   0x00000014   Code   RO           14    i.HAL_TIM_PeriodElapsedCallback  main.o
    0x080044e0   0x080044e0   0x00000002   Code   RO         3670    i.HAL_TIM_TriggerCallback  stm32f4xx_hal_tim.o
    0x080044e2   0x080044e2   0x00000056   Code   RO         7320    i.HAL_UARTEx_ReceiveToIdle_DMA  stm32f4xx_hal_uart.o
    0x08004538   0x08004538   0x0000006c   Code   RO         1996    i.HAL_UARTEx_RxEventCallback  bsp_usart.o
    0x080045a4   0x080045a4   0x00000002   Code   RO         7336    i.HAL_UART_ErrorCallback  stm32f4xx_hal_uart.o
    0x080045a6   0x080045a6   0x00000002   PAD
    0x080045a8   0x080045a8   0x00000230   Code   RO         7339    i.HAL_UART_IRQHandler  stm32f4xx_hal_uart.o
    0x080047d8   0x080047d8   0x00000066   Code   RO         7340    i.HAL_UART_Init     stm32f4xx_hal_uart.o
    0x0800483e   0x0800483e   0x00000002   PAD
    0x08004840   0x08004840   0x00000258   Code   RO          712    i.HAL_UART_MspInit  usart.o
    0x08004a98   0x08004a98   0x0000001c   Code   RO         7344    i.HAL_UART_Receive_DMA  stm32f4xx_hal_uart.o
    0x08004ab4   0x08004ab4   0x0000002c   Code   RO         1997    i.HAL_UART_RxCpltCallback  bsp_usart.o
    0x08004ae0   0x08004ae0   0x00000002   Code   RO         7347    i.HAL_UART_RxHalfCpltCallback  stm32f4xx_hal_uart.o
    0x08004ae2   0x08004ae2   0x00000002   PAD
    0x08004ae4   0x08004ae4   0x0000007c   Code   RO         7349    i.HAL_UART_Transmit_DMA  stm32f4xx_hal_uart.o
    0x08004b60   0x08004b60   0x00000002   Code   RO         7351    i.HAL_UART_TxCpltCallback  stm32f4xx_hal_uart.o
    0x08004b62   0x08004b62   0x00000002   Code   RO         7352    i.HAL_UART_TxHalfCpltCallback  stm32f4xx_hal_uart.o
    0x08004b64   0x08004b64   0x00000002   Code   RO          777    i.HardFault_Handler  stm32f4xx_it.o
    0x08004b66   0x08004b66   0x00000002   PAD
    0x08004b68   0x08004b68   0x000000a8   Code   RO         1517    i.ID_Judge          ui.o
    0x08004c10   0x08004c10   0x0000003e   Code   RO         3198    i.IntToUnicode      usbd_desc.o
    0x08004c4e   0x08004c4e   0x00000002   PAD
    0x08004c50   0x08004c50   0x0000001c   Code   RO         1429    i.JudgeSystem_Handler  protocol_judgement.o
    0x08004c6c   0x08004c6c   0x0000000c   Code   RO         1430    i.JudgeSystem_USART_Receive_DMA  protocol_judgement.o
    0x08004c78   0x08004c78   0x0000020c   Code   RO         1431    i.Judge_GetMessage  protocol_judgement.o
    0x08004e84   0x08004e84   0x00000060   Code   RO         9687    i.JustFloat_Send    vofa.o
    0x08004ee4   0x08004ee4   0x00000076   Code   RO         1518    i.Line_Draw         ui.o
    0x08004f5a   0x08004f5a   0x0000003a   Code   RO         1299    i.Linear_Quantization  fuzzypid.o
    0x08004f94   0x08004f94   0x0000001a   Code   RO         2414    i.M3508_Init        m3508_motor.o
    0x08004fae   0x08004fae   0x00000002   PAD
    0x08004fb0   0x08004fb0   0x00000094   Code   RO         2415    i.M3508_getInfo     m3508_motor.o
    0x08005044   0x08005044   0x0000001e   Code   RO         2416    i.M3508_setCurrent  m3508_motor.o
    0x08005062   0x08005062   0x00000002   PAD
    0x08005064   0x08005064   0x00000024   Code   RO         2482    i.M6020_Init        m6020_motor.o
    0x08005088   0x08005088   0x00000016   Code   RO         2483    i.M6020_Reset       m6020_motor.o
    0x0800509e   0x0800509e   0x00000002   PAD
    0x080050a0   0x080050a0   0x000000bc   Code   RO         2484    i.M6020_getInfo     m6020_motor.o
    0x0800515c   0x0800515c   0x0000007e   Code   RO         2485    i.M6020_location_change  m6020_motor.o
    0x080051da   0x080051da   0x00000004   Code   RO         2486    i.M6020_setTargetAngle  m6020_motor.o
    0x080051de   0x080051de   0x0000001e   Code   RO         2487    i.M6020_setVoltage  m6020_motor.o
    0x080051fc   0x080051fc   0x000000d0   Code   RO         2488    i.M6020_velocity_change  m6020_motor.o
    0x080052cc   0x080052cc   0x00000044   Code   RO          508    i.MX_CAN1_Init      can.o
    0x08005310   0x08005310   0x00000044   Code   RO          509    i.MX_CAN2_Init      can.o
    0x08005354   0x08005354   0x0000007c   Code   RO          555    i.MX_DMA_Init       dma.o
    0x080053d0   0x080053d0   0x000000fc   Code   RO          310    i.MX_FREERTOS_Init  freertos.o
    0x080054cc   0x080054cc   0x000000c4   Code   RO          482    i.MX_GPIO_Init      gpio.o
    0x08005590   0x08005590   0x00000080   Code   RO          581    i.MX_RTC_Init       rtc.o
    0x08005610   0x08005610   0x0000004c   Code   RO          623    i.MX_SPI2_Init      spi.o
    0x0800565c   0x0800565c   0x000000b8   Code   RO          666    i.MX_TIM5_Init      tim.o
    0x08005714   0x08005714   0x00000038   Code   RO          713    i.MX_USART1_UART_Init  usart.o
    0x0800574c   0x0800574c   0x00000040   Code   RO          714    i.MX_USART3_UART_Init  usart.o
    0x0800578c   0x0800578c   0x00000038   Code   RO          715    i.MX_USART6_UART_Init  usart.o
    0x080057c4   0x080057c4   0x00000054   Code   RO         3149    i.MX_USB_DEVICE_Init  usb_device.o
    0x08005818   0x08005818   0x00000002   Code   RO          778    i.MemManage_Handler  stm32f4xx_it.o
    0x0800581a   0x0800581a   0x00000002   PAD
    0x0800581c   0x0800581c   0x00000104   Code   RO         1300    i.Membership_Calc   fuzzypid.o
    0x08005920   0x08005920   0x00000002   Code   RO          779    i.NMI_Handler       stm32f4xx_it.o
    0x08005922   0x08005922   0x00000002   PAD
    0x08005924   0x08005924   0x0000000c   Code   RO          780    i.OTG_FS_IRQHandler  stm32f4xx_it.o
    0x08005930   0x08005930   0x00000034   Code   RO         3090    i.Off_Line_Check    task_offlinecheck.o
    0x08005964   0x08005964   0x00000030   Code   RO         1059    i.One_Kalman_Create  kalman_filter.o
    0x08005994   0x08005994   0x0000005a   Code   RO         1060    i.One_Kalman_Filter  kalman_filter.o
    0x080059ee   0x080059ee   0x00000002   PAD
    0x080059f0   0x080059f0   0x00000048   Code   RO         4596    i.PCD_EP_OutSetupPacket_int  stm32f4xx_hal_pcd.o
    0x08005a38   0x08005a38   0x000000e4   Code   RO         4597    i.PCD_EP_OutXfrComplete_int  stm32f4xx_hal_pcd.o
    0x08005b1c   0x08005b1c   0x0000009c   Code   RO         4598    i.PCD_WriteEmptyTxFifo  stm32f4xx_hal_pcd.o
    0x08005bb8   0x08005bb8   0x00000018   Code   RO         2679    i.PID_Clear_Yaw     cloud_control.o
    0x08005bd0   0x08005bd0   0x000000ae   Code   RO         1115    i.Position_PID      pid.o
    0x08005c7e   0x08005c7e   0x00000002   PAD
    0x08005c80   0x08005c80   0x00000050   Code   RO         1116    i.Position_PIDInit  pid.o
    0x08005cd0   0x08005cd0   0x00000108   Code   RO         1117    i.Position_PID_Yaw  pid.o
    0x08005dd8   0x08005dd8   0x00000044   Code   RO         2779    i.PowerControl_MsgRec  powercontrol.o
    0x08005e1c   0x08005e1c   0x0000004c   Code   RO         2780    i.PowerControl_MsgSend  powercontrol.o
    0x08005e68   0x08005e68   0x0000000c   Code   RO         2040    i.R4                saber_c3.o
    0x08005e74   0x08005e74   0x00000016   Code   RO         6609    i.RTC_ByteToBcd2    stm32f4xx_hal_rtc.o
    0x08005e8a   0x08005e8a   0x00000046   Code   RO         6610    i.RTC_EnterInitMode  stm32f4xx_hal_rtc.o
    0x08005ed0   0x08005ed0   0x0000002a   Code   RO         6611    i.RTC_ExitInitMode  stm32f4xx_hal_rtc.o
    0x08005efa   0x08005efa   0x0000007c   Code   RO         1519    i.Rectangle_Draw    ui.o
    0x08005f76   0x08005f76   0x00000002   PAD
    0x08005f78   0x08005f78   0x0000003c   Code   RO         3001    i.Robot_Control     task_robotcontrol.o
    0x08005fb4   0x08005fb4   0x00000730   Code   RO         3060    i.Robot_UI          task_robotui.o
    0x080066e4   0x080066e4   0x00000074   Code   RO         2041    i.Saber_Cheak       saber_c3.o
    0x08006758   0x08006758   0x00000014   Code   RO         2042    i.Saber_Init        saber_c3.o
    0x0800676c   0x0800676c   0x00000074   Code   RO         2043    i.Saber_Read        saber_c3.o
    0x080067e0   0x080067e0   0x00000108   Code   RO         2823    i.Steer_Omni_Chassis_Out  steer_omni_chassis.o
    0x080068e8   0x080068e8   0x0000000c   Code   RO         2824    i.Steer_Omni_GetAngle  steer_omni_chassis.o
    0x080068f4   0x080068f4   0x0000002c   Code   RO         9508    i.SysTick_Handler   port.o
    0x08006920   0x08006920   0x0000009c   Code   RO           15    i.SystemClock_Config  main.o
    0x080069bc   0x080069bc   0x00000010   Code   RO         3540    i.SystemInit        system_stm32f4xx.o
    0x080069cc   0x080069cc   0x0000000c   Code   RO          781    i.TIM1_UP_TIM10_IRQHandler  stm32f4xx_it.o
    0x080069d8   0x080069d8   0x000000dc   Code   RO         3672    i.TIM_Base_SetConfig  stm32f4xx_hal_tim.o
    0x08006ab4   0x08006ab4   0x0000001a   Code   RO         3673    i.TIM_CCxChannelCmd  stm32f4xx_hal_tim.o
    0x08006ace   0x08006ace   0x00000014   Code   RO         3683    i.TIM_ETR_SetConfig  stm32f4xx_hal_tim.o
    0x08006ae2   0x08006ae2   0x00000010   Code   RO         3684    i.TIM_ITRx_SetConfig  stm32f4xx_hal_tim.o
    0x08006af2   0x08006af2   0x00000002   PAD
    0x08006af4   0x08006af4   0x00000068   Code   RO         3685    i.TIM_OC1_SetConfig  stm32f4xx_hal_tim.o
    0x08006b5c   0x08006b5c   0x00000074   Code   RO         3686    i.TIM_OC2_SetConfig  stm32f4xx_hal_tim.o
    0x08006bd0   0x08006bd0   0x00000070   Code   RO         3687    i.TIM_OC3_SetConfig  stm32f4xx_hal_tim.o
    0x08006c40   0x08006c40   0x00000054   Code   RO         3688    i.TIM_OC4_SetConfig  stm32f4xx_hal_tim.o
    0x08006c94   0x08006c94   0x00000022   Code   RO         3690    i.TIM_TI1_ConfigInputStage  stm32f4xx_hal_tim.o
    0x08006cb6   0x08006cb6   0x00000024   Code   RO         3692    i.TIM_TI2_ConfigInputStage  stm32f4xx_hal_tim.o
    0x08006cda   0x08006cda   0x00000010   Code   RO         7353    i.UART_DMAAbortOnError  stm32f4xx_hal_uart.o
    0x08006cea   0x08006cea   0x0000004a   Code   RO         7354    i.UART_DMAError     stm32f4xx_hal_uart.o
    0x08006d34   0x08006d34   0x00000086   Code   RO         7355    i.UART_DMAReceiveCplt  stm32f4xx_hal_uart.o
    0x08006dba   0x08006dba   0x0000001e   Code   RO         7357    i.UART_DMARxHalfCplt  stm32f4xx_hal_uart.o
    0x08006dd8   0x08006dd8   0x00000042   Code   RO         7359    i.UART_DMATransmitCplt  stm32f4xx_hal_uart.o
    0x08006e1a   0x08006e1a   0x0000000a   Code   RO         7361    i.UART_DMATxHalfCplt  stm32f4xx_hal_uart.o
    0x08006e24   0x08006e24   0x0000004e   Code   RO         7363    i.UART_EndRxTransfer  stm32f4xx_hal_uart.o
    0x08006e72   0x08006e72   0x0000001a   Code   RO         7364    i.UART_EndTransmit_IT  stm32f4xx_hal_uart.o
    0x08006e8c   0x08006e8c   0x0000001c   Code   RO         7365    i.UART_EndTxTransfer  stm32f4xx_hal_uart.o
    0x08006ea8   0x08006ea8   0x000000c8   Code   RO         7366    i.UART_Receive_IT   stm32f4xx_hal_uart.o
    0x08006f70   0x08006f70   0x00000114   Code   RO         7367    i.UART_SetConfig    stm32f4xx_hal_uart.o
    0x08007084   0x08007084   0x00000094   Code   RO         7368    i.UART_Start_Receive_DMA  stm32f4xx_hal_uart.o
    0x08007118   0x08007118   0x0000005e   Code   RO         7370    i.UART_Transmit_IT  stm32f4xx_hal_uart.o
    0x08007176   0x08007176   0x00000002   PAD
    0x08007178   0x08007178   0x00000064   Code   RO         1520    i.UI_PushUp_Delete  ui.o
    0x080071dc   0x080071dc   0x00000118   Code   RO         1521    i.UI_PushUp_Graphs  ui.o
    0x080072f4   0x080072f4   0x00000064   Code   RO         1522    i.UI_PushUp_String  ui.o
    0x08007358   0x08007358   0x0000005c   Code   RO         1523    i.UI_init           ui.o
    0x080073b4   0x080073b4   0x0000000c   Code   RO          782    i.USART6_IRQHandler  stm32f4xx_it.o
    0x080073c0   0x080073c0   0x00000078   Code   RO         8003    i.USBD_CDC_DataIn   usbd_cdc.o
    0x08007438   0x08007438   0x0000003e   Code   RO         8004    i.USBD_CDC_DataOut  usbd_cdc.o
    0x08007476   0x08007476   0x00000002   PAD
    0x08007478   0x08007478   0x00000094   Code   RO         8005    i.USBD_CDC_DeInit   usbd_cdc.o
    0x0800750c   0x0800750c   0x00000038   Code   RO         8006    i.USBD_CDC_EP0_RxReady  usbd_cdc.o
    0x08007544   0x08007544   0x0000000c   Code   RO         8007    i.USBD_CDC_GetDeviceQualifierDescriptor  usbd_cdc.o
    0x08007550   0x08007550   0x0000003c   Code   RO         8008    i.USBD_CDC_GetFSCfgDesc  usbd_cdc.o
    0x0800758c   0x0800758c   0x00000040   Code   RO         8009    i.USBD_CDC_GetHSCfgDesc  usbd_cdc.o
    0x080075cc   0x080075cc   0x0000003c   Code   RO         8010    i.USBD_CDC_GetOtherSpeedCfgDesc  usbd_cdc.o
    0x08007608   0x08007608   0x00000160   Code   RO         8011    i.USBD_CDC_Init     usbd_cdc.o
    0x08007768   0x08007768   0x00000048   Code   RO         8012    i.USBD_CDC_ReceivePacket  usbd_cdc.o
    0x080077b0   0x080077b0   0x00000018   Code   RO         8013    i.USBD_CDC_RegisterInterface  usbd_cdc.o
    0x080077c8   0x080077c8   0x0000001c   Code   RO         8014    i.USBD_CDC_SetRxBuffer  usbd_cdc.o
    0x080077e4   0x080077e4   0x00000020   Code   RO         8015    i.USBD_CDC_SetTxBuffer  usbd_cdc.o
    0x08007804   0x08007804   0x00000110   Code   RO         8016    i.USBD_CDC_Setup    usbd_cdc.o
    0x08007914   0x08007914   0x00000054   Code   RO         8017    i.USBD_CDC_TransmitPacket  usbd_cdc.o
    0x08007968   0x08007968   0x00000014   Code   RO         7683    i.USBD_ClrClassConfig  usbd_core.o
    0x0800797c   0x0800797c   0x00000026   Code   RO         7845    i.USBD_ClrFeature   usbd_ctlreq.o
    0x080079a2   0x080079a2   0x00000004   Code   RO         7684    i.USBD_CoreFindEP   usbd_core.o
    0x080079a6   0x080079a6   0x00000004   Code   RO         7685    i.USBD_CoreFindIF   usbd_core.o
    0x080079aa   0x080079aa   0x00000010   Code   RO         7943    i.USBD_CtlContinueRx  usbd_ioreq.o
    0x080079ba   0x080079ba   0x00000010   Code   RO         7944    i.USBD_CtlContinueSendData  usbd_ioreq.o
    0x080079ca   0x080079ca   0x00000018   Code   RO         7846    i.USBD_CtlError     usbd_ctlreq.o
    0x080079e2   0x080079e2   0x0000001e   Code   RO         7945    i.USBD_CtlPrepareRx  usbd_ioreq.o
    0x08007a00   0x08007a00   0x00000016   Code   RO         7946    i.USBD_CtlReceiveStatus  usbd_ioreq.o
    0x08007a16   0x08007a16   0x0000001a   Code   RO         7947    i.USBD_CtlSendData  usbd_ioreq.o
    0x08007a30   0x08007a30   0x00000016   Code   RO         7948    i.USBD_CtlSendStatus  usbd_ioreq.o
    0x08007a46   0x08007a46   0x00000002   PAD
    0x08007a48   0x08007a48   0x00000030   Code   RO         3199    i.USBD_FS_ConfigStrDescriptor  usbd_desc.o
    0x08007a78   0x08007a78   0x0000000c   Code   RO         3200    i.USBD_FS_DeviceDescriptor  usbd_desc.o
    0x08007a84   0x08007a84   0x00000034   Code   RO         3201    i.USBD_FS_InterfaceStrDescriptor  usbd_desc.o
    0x08007ab8   0x08007ab8   0x0000000c   Code   RO         3202    i.USBD_FS_LangIDStrDescriptor  usbd_desc.o
    0x08007ac4   0x08007ac4   0x00000028   Code   RO         3203    i.USBD_FS_ManufacturerStrDescriptor  usbd_desc.o
    0x08007aec   0x08007aec   0x0000003c   Code   RO         3204    i.USBD_FS_ProductStrDescriptor  usbd_desc.o
    0x08007b28   0x08007b28   0x00000014   Code   RO         3205    i.USBD_FS_SerialStrDescriptor  usbd_desc.o
    0x08007b3c   0x08007b3c   0x00000034   Code   RO         7847    i.USBD_GetConfig    usbd_ctlreq.o
    0x08007b70   0x08007b70   0x000001b4   Code   RO         7848    i.USBD_GetDescriptor  usbd_ctlreq.o
    0x08007d24   0x08007d24   0x0000003c   Code   RO         7687    i.USBD_GetEpDesc    usbd_core.o
    0x08007d60   0x08007d60   0x00000018   Code   RO         7849    i.USBD_GetLen       usbd_ctlreq.o
    0x08007d78   0x08007d78   0x0000000e   Code   RO         7688    i.USBD_GetNextDesc  usbd_core.o
    0x08007d86   0x08007d86   0x00000036   Code   RO         7850    i.USBD_GetStatus    usbd_ctlreq.o
    0x08007dbc   0x08007dbc   0x00000058   Code   RO         7851    i.USBD_GetString    usbd_ctlreq.o
    0x08007e14   0x08007e14   0x00000024   Code   RO         3345    i.USBD_Get_USB_Status  usbd_conf.o
    0x08007e38   0x08007e38   0x00000028   Code   RO         7689    i.USBD_Init         usbd_core.o
    0x08007e60   0x08007e60   0x00000012   Code   RO         3346    i.USBD_LL_ClearStallEP  usbd_conf.o
    0x08007e72   0x08007e72   0x00000012   Code   RO         3347    i.USBD_LL_CloseEP   usbd_conf.o
    0x08007e84   0x08007e84   0x000000dc   Code   RO         7690    i.USBD_LL_DataInStage  usbd_core.o
    0x08007f60   0x08007f60   0x000000d0   Code   RO         7691    i.USBD_LL_DataOutStage  usbd_core.o
    0x08008030   0x08008030   0x00000004   Code   RO         7692    i.USBD_LL_DevConnected  usbd_core.o
    0x08008034   0x08008034   0x00000020   Code   RO         7693    i.USBD_LL_DevDisconnected  usbd_core.o
    0x08008054   0x08008054   0x00000008   Code   RO         3351    i.USBD_LL_GetRxDataSize  usbd_conf.o
    0x0800805c   0x0800805c   0x00000060   Code   RO         3352    i.USBD_LL_Init      usbd_conf.o
    0x080080bc   0x080080bc   0x00000020   Code   RO         3353    i.USBD_LL_IsStallEP  usbd_conf.o
    0x080080dc   0x080080dc   0x0000002a   Code   RO         7694    i.USBD_LL_IsoINIncomplete  usbd_core.o
    0x08008106   0x08008106   0x0000002a   Code   RO         7695    i.USBD_LL_IsoOUTIncomplete  usbd_core.o
    0x08008130   0x08008130   0x00000018   Code   RO         3354    i.USBD_LL_OpenEP    usbd_conf.o
    0x08008148   0x08008148   0x00000012   Code   RO         3355    i.USBD_LL_PrepareReceive  usbd_conf.o
    0x0800815a   0x0800815a   0x00000060   Code   RO         7696    i.USBD_LL_Reset     usbd_core.o
    0x080081ba   0x080081ba   0x00000014   Code   RO         7697    i.USBD_LL_Resume    usbd_core.o
    0x080081ce   0x080081ce   0x0000001a   Code   RO         7698    i.USBD_LL_SOF       usbd_core.o
    0x080081e8   0x080081e8   0x00000006   Code   RO         7699    i.USBD_LL_SetSpeed  usbd_core.o
    0x080081ee   0x080081ee   0x00000012   Code   RO         3356    i.USBD_LL_SetUSBAddress  usbd_conf.o
    0x08008200   0x08008200   0x00000064   Code   RO         7700    i.USBD_LL_SetupStage  usbd_core.o
    0x08008264   0x08008264   0x00000012   Code   RO         3357    i.USBD_LL_StallEP   usbd_conf.o
    0x08008276   0x08008276   0x00000012   Code   RO         3358    i.USBD_LL_Start     usbd_conf.o
    0x08008288   0x08008288   0x0000001a   Code   RO         7701    i.USBD_LL_Suspend   usbd_core.o
    0x080082a2   0x080082a2   0x00000012   Code   RO         3360    i.USBD_LL_Transmit  usbd_conf.o
    0x080082b4   0x080082b4   0x00000032   Code   RO         7852    i.USBD_ParseSetupRequest  usbd_ctlreq.o
    0x080082e6   0x080082e6   0x0000003a   Code   RO         7702    i.USBD_RegisterClass  usbd_core.o
    0x08008320   0x08008320   0x00000004   Code   RO         7703    i.USBD_RunTestMode  usbd_core.o
    0x08008324   0x08008324   0x00000058   Code   RO         7853    i.USBD_SetAddress   usbd_ctlreq.o
    0x0800837c   0x0800837c   0x00000014   Code   RO         7704    i.USBD_SetClassConfig  usbd_core.o
    0x08008390   0x08008390   0x000000dc   Code   RO         7854    i.USBD_SetConfig    usbd_ctlreq.o
    0x0800846c   0x0800846c   0x00000024   Code   RO         7855    i.USBD_SetFeature   usbd_ctlreq.o
    0x08008490   0x08008490   0x00000004   Code   RO         7705    i.USBD_Start        usbd_core.o
    0x08008494   0x08008494   0x00000076   Code   RO         7856    i.USBD_StdDevReq    usbd_ctlreq.o
    0x0800850a   0x0800850a   0x0000022e   Code   RO         7857    i.USBD_StdEPReq     usbd_ctlreq.o
    0x08008738   0x08008738   0x0000008e   Code   RO         7858    i.USBD_StdItfReq    usbd_ctlreq.o
    0x080087c6   0x080087c6   0x00000002   Code   RO         3361    i.USBD_static_free  usbd_conf.o
    0x080087c8   0x080087c8   0x00000008   Code   RO         3362    i.USBD_static_malloc  usbd_conf.o
    0x080087d0   0x080087d0   0x00000084   Code   RO         4847    i.USB_ActivateEndpoint  stm32f4xx_ll_usb.o
    0x08008854   0x08008854   0x0000001c   Code   RO         4849    i.USB_ActivateSetup  stm32f4xx_ll_usb.o
    0x08008870   0x08008870   0x00000088   Code   RO         4851    i.USB_CoreInit      stm32f4xx_ll_usb.o
    0x080088f8   0x080088f8   0x00000044   Code   RO         4852    i.USB_CoreReset     stm32f4xx_ll_usb.o
    0x0800893c   0x0800893c   0x000000c8   Code   RO         4855    i.USB_DeactivateEndpoint  stm32f4xx_ll_usb.o
    0x08008a04   0x08008a04   0x0000001c   Code   RO         4856    i.USB_DevConnect    stm32f4xx_ll_usb.o
    0x08008a20   0x08008a20   0x0000001c   Code   RO         4857    i.USB_DevDisconnect  stm32f4xx_ll_usb.o
    0x08008a3c   0x08008a3c   0x00000174   Code   RO         4858    i.USB_DevInit       stm32f4xx_ll_usb.o
    0x08008bb0   0x08008bb0   0x0000000c   Code   RO         4859    i.USB_DisableGlobalInt  stm32f4xx_ll_usb.o
    0x08008bbc   0x08008bbc   0x00000054   Code   RO         4862    i.USB_EP0_OutStart  stm32f4xx_ll_usb.o
    0x08008c10   0x08008c10   0x00000058   Code   RO         4863    i.USB_EPClearStall  stm32f4xx_ll_usb.o
    0x08008c68   0x08008c68   0x00000058   Code   RO         4864    i.USB_EPSetStall    stm32f4xx_ll_usb.o
    0x08008cc0   0x08008cc0   0x00000254   Code   RO         4865    i.USB_EPStartXfer   stm32f4xx_ll_usb.o
    0x08008f14   0x08008f14   0x000000a4   Code   RO         4866    i.USB_EPStopXfer    stm32f4xx_ll_usb.o
    0x08008fb8   0x08008fb8   0x0000000c   Code   RO         4867    i.USB_EnableGlobalInt  stm32f4xx_ll_usb.o
    0x08008fc4   0x08008fc4   0x00000040   Code   RO         4868    i.USB_FlushRxFifo   stm32f4xx_ll_usb.o
    0x08009004   0x08009004   0x00000044   Code   RO         4869    i.USB_FlushTxFifo   stm32f4xx_ll_usb.o
    0x08009048   0x08009048   0x00000020   Code   RO         4871    i.USB_GetDevSpeed   stm32f4xx_ll_usb.o
    0x08009068   0x08009068   0x00000008   Code   RO         4873    i.USB_GetMode       stm32f4xx_ll_usb.o
    0x08009070   0x08009070   0x0000000e   Code   RO         4881    i.USB_ReadDevAllInEpInterrupt  stm32f4xx_ll_usb.o
    0x0800907e   0x0800907e   0x0000000e   Code   RO         4882    i.USB_ReadDevAllOutEpInterrupt  stm32f4xx_ll_usb.o
    0x0800908c   0x0800908c   0x00000024   Code   RO         4883    i.USB_ReadDevInEPInterrupt  stm32f4xx_ll_usb.o
    0x080090b0   0x080090b0   0x00000010   Code   RO         4884    i.USB_ReadDevOutEPInterrupt  stm32f4xx_ll_usb.o
    0x080090c0   0x080090c0   0x00000008   Code   RO         4885    i.USB_ReadInterrupts  stm32f4xx_ll_usb.o
    0x080090c8   0x080090c8   0x0000003e   Code   RO         4886    i.USB_ReadPacket    stm32f4xx_ll_usb.o
    0x08009106   0x08009106   0x00000060   Code   RO         4888    i.USB_SetCurrentMode  stm32f4xx_ll_usb.o
    0x08009166   0x08009166   0x0000001e   Code   RO         4889    i.USB_SetDevAddress  stm32f4xx_ll_usb.o
    0x08009184   0x08009184   0x0000000e   Code   RO         4890    i.USB_SetDevSpeed   stm32f4xx_ll_usb.o
    0x08009192   0x08009192   0x00000002   PAD
    0x08009194   0x08009194   0x000000f4   Code   RO         4891    i.USB_SetTurnaroundTime  stm32f4xx_ll_usb.o
    0x08009288   0x08009288   0x00000028   Code   RO         4894    i.USB_WritePacket   stm32f4xx_ll_usb.o
    0x080092b0   0x080092b0   0x00000002   Code   RO          783    i.UsageFault_Handler  stm32f4xx_it.o
    0x080092b2   0x080092b2   0x00000002   PAD
    0x080092b4   0x080092b4   0x00000040   Code   RO         1432    i.Verify_CRC16_Check_Sum  protocol_judgement.o
    0x080092f4   0x080092f4   0x00000034   Code   RO         1433    i.Verify_CRC8_Check_Sum  protocol_judgement.o
    0x08009328   0x08009328   0x00000038   Code   RO         3116    i.Vofa_Assist       task_vofa.o
    0x08009360   0x08009360   0x00000030   Code   RO        10018    i.__ARM_fpclassify  m_wm.l(fpclassify.o)
    0x08009390   0x08009390   0x00000020   Code   RO         5962    i.__NVIC_SetPriority  stm32f4xx_hal_cortex.o
    0x080093b0   0x080093b0   0x000002d8   Code   RO         9981    i.__hardfp_atan     m_wm.l(atan.o)
    0x08009688   0x08009688   0x00000200   Code   RO         9880    i.__hardfp_atan2    m_wm.l(atan2.o)
    0x08009888   0x08009888   0x000000c8   Code   RO         9892    i.__hardfp_cos      m_wm.l(cos.o)
    0x08009950   0x08009950   0x00000c50   Code   RO         9904    i.__hardfp_pow      m_wm.l(pow.o)
    0x0800a5a0   0x0800a5a0   0x000000c8   Code   RO         9918    i.__hardfp_sin      m_wm.l(sin.o)
    0x0800a668   0x0800a668   0x0000007a   Code   RO         9930    i.__hardfp_sqrt     m_wm.l(sqrt.o)
    0x0800a6e2   0x0800a6e2   0x00000006   PAD
    0x0800a6e8   0x0800a6e8   0x00000438   Code   RO        10023    i.__ieee754_rem_pio2  m_wm.l(rred.o)
    0x0800ab20   0x0800ab20   0x00000170   Code   RO         9995    i.__kernel_cos      m_wm.l(cos_i.o)
    0x0800ac90   0x0800ac90   0x000000f8   Code   RO        10020    i.__kernel_poly     m_wm.l(poly.o)
    0x0800ad88   0x0800ad88   0x00000130   Code   RO        10028    i.__kernel_sin      m_wm.l(sin_i.o)
    0x0800aeb8   0x0800aeb8   0x00000030   Code   RO         9998    i.__mathlib_dbl_divzero  m_wm.l(dunder.o)
    0x0800aee8   0x0800aee8   0x00000014   Code   RO         9999    i.__mathlib_dbl_infnan  m_wm.l(dunder.o)
    0x0800aefc   0x0800aefc   0x00000014   Code   RO        10000    i.__mathlib_dbl_infnan2  m_wm.l(dunder.o)
    0x0800af10   0x0800af10   0x00000020   Code   RO        10001    i.__mathlib_dbl_invalid  m_wm.l(dunder.o)
    0x0800af30   0x0800af30   0x00000020   Code   RO        10002    i.__mathlib_dbl_overflow  m_wm.l(dunder.o)
    0x0800af50   0x0800af50   0x00000020   Code   RO        10004    i.__mathlib_dbl_underflow  m_wm.l(dunder.o)
    0x0800af70   0x0800af70   0x0000003c   Code   RO         1791    i.aRGB_led_show     bsp_led.o
    0x0800afac   0x0800afac   0x0000002a   Code   RO         1118    i.abs_limit         pid.o
    0x0800afd6   0x0800afd6   0x00000010   Code   RO         9983    i.atan              m_wm.l(atan.o)
    0x0800afe6   0x0800afe6   0x00000002   PAD
    0x0800afe8   0x0800afe8   0x0000007c   Code   RO         2825    i.chassis_target_calc  steer_omni_chassis.o
    0x0800b064   0x0800b064   0x00000028   Code   RO         1681    i.delay_init        bsp_delay.o
    0x0800b08c   0x0800b08c   0x00000308   Code   RO         2826    i.direction_motor_angle_set  steer_omni_chassis.o
    0x0800b394   0x0800b394   0x00000018   Code   RO        10014    i.fabs              m_wm.l(fabs.o)
    0x0800b3ac   0x0800b3ac   0x0000001c   Code   RO         9688    i.float_turn_u8     vofa.o
    0x0800b3c8   0x0800b3c8   0x00000110   Code   RO         2959    i.led_RGB_flow_task  task_led.o
    0x0800b4d8   0x0800b4d8   0x00000046   Code   RO           16    i.main              main.o
    0x0800b51e   0x0800b51e   0x0000000c   Code   RO         9085    i.makeFreeRtosPriority  cmsis_os.o
    0x0800b52a   0x0800b52a   0x00000002   PAD
    0x0800b52c   0x0800b52c   0x000004c8   Code   RO         2420    i.motor_velocity_change  m3508_motor.o
    0x0800b9f4   0x0800b9f4   0x00000284   Code   RO         2827    i.move_motor_speed_set  steer_omni_chassis.o
    0x0800bc78   0x0800bc78   0x0000000a   Code   RO         9090    i.osKernelStart     cmsis_os.o
    0x0800bc82   0x0800bc82   0x00000058   Code   RO         9124    i.osThreadCreate    cmsis_os.o
    0x0800bcda   0x0800bcda   0x00000002   PAD
    0x0800bcdc   0x0800bcdc   0x00000070   Code   RO         8587    i.prvAddCurrentTaskToDelayedList  tasks.o
    0x0800bd4c   0x0800bd4c   0x00000088   Code   RO         8588    i.prvAddNewTaskToReadyList  tasks.o
    0x0800bdd4   0x0800bdd4   0x00000058   Code   RO         8929    i.prvCheckForValidListAndQueue  timers.o
    0x0800be2c   0x0800be2c   0x0000003c   Code   RO         8589    i.prvCheckTasksWaitingTermination  tasks.o
    0x0800be68   0x0800be68   0x00000028   Code   RO         8250    i.prvCopyDataFromQueue  queue.o
    0x0800be90   0x0800be90   0x0000006e   Code   RO         8251    i.prvCopyDataToQueue  queue.o
    0x0800befe   0x0800befe   0x00000040   Code   RO         8590    i.prvDeleteTCB      tasks.o
    0x0800bf3e   0x0800bf3e   0x00000002   PAD
    0x0800bf40   0x0800bf40   0x00000024   Code   RO         8930    i.prvGetNextExpireTime  timers.o
    0x0800bf64   0x0800bf64   0x0000004c   Code   RO         9452    i.prvHeapInit       heap_4.o
    0x0800bfb0   0x0800bfb0   0x00000028   Code   RO         8591    i.prvIdleTask       tasks.o
    0x0800bfd8   0x0800bfd8   0x00000018   Code   RO         8254    i.prvInitialiseNewQueue  queue.o
    0x0800bff0   0x0800bff0   0x00000094   Code   RO         8592    i.prvInitialiseNewTask  tasks.o
    0x0800c084   0x0800c084   0x00000058   Code   RO         8593    i.prvInitialiseTaskLists  tasks.o
    0x0800c0dc   0x0800c0dc   0x00000054   Code   RO         9453    i.prvInsertBlockIntoFreeList  heap_4.o
    0x0800c130   0x0800c130   0x00000040   Code   RO         8932    i.prvInsertTimerInActiveList  timers.o
    0x0800c170   0x0800c170   0x0000001a   Code   RO         8255    i.prvIsQueueEmpty   queue.o
    0x0800c18a   0x0800c18a   0x0000001e   Code   RO         8256    i.prvIsQueueFull    queue.o
    0x0800c1a8   0x0800c1a8   0x00000068   Code   RO         8933    i.prvProcessExpiredTimer  timers.o
    0x0800c210   0x0800c210   0x000000f0   Code   RO         8934    i.prvProcessReceivedCommands  timers.o
    0x0800c300   0x0800c300   0x0000006c   Code   RO         8935    i.prvProcessTimerOrBlockTask  timers.o
    0x0800c36c   0x0800c36c   0x00000024   Code   RO         8594    i.prvResetNextTaskUnblockTime  tasks.o
    0x0800c390   0x0800c390   0x0000002c   Code   RO         8936    i.prvSampleTimeNow  timers.o
    0x0800c3bc   0x0800c3bc   0x00000070   Code   RO         8937    i.prvSwitchTimerLists  timers.o
    0x0800c42c   0x0800c42c   0x0000002c   Code   RO         9509    i.prvTaskExitError  port.o
    0x0800c458   0x0800c458   0x00000014   Code   RO         8938    i.prvTimerTask      timers.o
    0x0800c46c   0x0800c46c   0x0000006a   Code   RO         8257    i.prvUnlockQueue    queue.o
    0x0800c4d6   0x0800c4d6   0x00000002   PAD
    0x0800c4d8   0x0800c4d8   0x000000dc   Code   RO         9454    i.pvPortMalloc      heap_4.o
    0x0800c5b4   0x0800c5b4   0x00000024   Code   RO         9510    i.pxPortInitialiseStack  port.o
    0x0800c5d8   0x0800c5d8   0x0000006e   Code   RO         9932    i.sqrt              m_wm.l(sqrt.o)
    0x0800c646   0x0800c646   0x00000026   Code   RO         8210    i.uxListRemove      list.o
    0x0800c66c   0x0800c66c   0x00000014   Code   RO          311    i.vApplicationGetIdleTaskMemory  freertos.o
    0x0800c680   0x0800c680   0x00000018   Code   RO          312    i.vApplicationGetTimerTaskMemory  freertos.o
    0x0800c698   0x0800c698   0x00000016   Code   RO         8211    i.vListInitialise   list.o
    0x0800c6ae   0x0800c6ae   0x00000006   Code   RO         8212    i.vListInitialiseItem  list.o
    0x0800c6b4   0x0800c6b4   0x00000030   Code   RO         8213    i.vListInsert       list.o
    0x0800c6e4   0x0800c6e4   0x00000018   Code   RO         8214    i.vListInsertEnd    list.o
    0x0800c6fc   0x0800c6fc   0x00000040   Code   RO         9512    i.vPortEnterCritical  port.o
    0x0800c73c   0x0800c73c   0x0000002c   Code   RO         9513    i.vPortExitCritical  port.o
    0x0800c768   0x0800c768   0x00000064   Code   RO         9455    i.vPortFree         heap_4.o
    0x0800c7cc   0x0800c7cc   0x00000024   Code   RO         9514    i.vPortSetupTimerInterrupt  port.o
    0x0800c7f0   0x0800c7f0   0x00000054   Code   RO         9515    i.vPortValidateInterruptPriority  port.o
    0x0800c844   0x0800c844   0x00000024   Code   RO         8261    i.vQueueAddToRegistry  queue.o
    0x0800c868   0x0800c868   0x00000046   Code   RO         8264    i.vQueueWaitForMessageRestricted  queue.o
    0x0800c8ae   0x0800c8ae   0x00000002   PAD
    0x0800c8b0   0x0800c8b0   0x00000050   Code   RO         8604    i.vTaskDelay        tasks.o
    0x0800c900   0x0800c900   0x00000098   Code   RO         8605    i.vTaskDelayUntil   tasks.o
    0x0800c998   0x0800c998   0x000000ac   Code   RO         8606    i.vTaskDelete       tasks.o
    0x0800ca44   0x0800ca44   0x00000010   Code   RO         8608    i.vTaskInternalSetTimeOutState  tasks.o
    0x0800ca54   0x0800ca54   0x0000000c   Code   RO         8609    i.vTaskMissedYield  tasks.o
    0x0800ca60   0x0800ca60   0x00000034   Code   RO         8611    i.vTaskPlaceOnEventList  tasks.o
    0x0800ca94   0x0800ca94   0x0000003c   Code   RO         8612    i.vTaskPlaceOnEventListRestricted  tasks.o
    0x0800cad0   0x0800cad0   0x00000090   Code   RO         8619    i.vTaskStartScheduler  tasks.o
    0x0800cb60   0x0800cb60   0x00000010   Code   RO         8621    i.vTaskSuspendAll   tasks.o
    0x0800cb70   0x0800cb70   0x00000060   Code   RO         8622    i.vTaskSwitchContext  tasks.o
    0x0800cbd0   0x0800cbd0   0x000000f0   Code   RO         2828    i.v_cloud_convertto_chassis  steer_omni_chassis.o
    0x0800ccc0   0x0800ccc0   0x000000f4   Code   RO         9516    i.xPortStartScheduler  port.o
    0x0800cdb4   0x0800cdb4   0x00000044   Code   RO         8267    i.xQueueGenericCreate  queue.o
    0x0800cdf8   0x0800cdf8   0x0000006c   Code   RO         8268    i.xQueueGenericCreateStatic  queue.o
    0x0800ce64   0x0800ce64   0x0000008c   Code   RO         8269    i.xQueueGenericReset  queue.o
    0x0800cef0   0x0800cef0   0x00000164   Code   RO         8270    i.xQueueGenericSend  queue.o
    0x0800d054   0x0800d054   0x000000c0   Code   RO         8271    i.xQueueGenericSendFromISR  queue.o
    0x0800d114   0x0800d114   0x0000013c   Code   RO         8277    i.xQueueReceive     queue.o
    0x0800d250   0x0800d250   0x0000007c   Code   RO         8624    i.xTaskCheckForTimeOut  tasks.o
    0x0800d2cc   0x0800d2cc   0x00000064   Code   RO         8625    i.xTaskCreate       tasks.o
    0x0800d330   0x0800d330   0x0000005c   Code   RO         8626    i.xTaskCreateStatic  tasks.o
    0x0800d38c   0x0800d38c   0x0000001c   Code   RO         8631    i.xTaskGetSchedulerState  tasks.o
    0x0800d3a8   0x0800d3a8   0x0000000c   Code   RO         8632    i.xTaskGetTickCount  tasks.o
    0x0800d3b4   0x0800d3b4   0x000000d0   Code   RO         8634    i.xTaskIncrementTick  tasks.o
    0x0800d484   0x0800d484   0x00000098   Code   RO         8637    i.xTaskPriorityDisinherit  tasks.o
    0x0800d51c   0x0800d51c   0x0000007c   Code   RO         8639    i.xTaskRemoveFromEventList  tasks.o
    0x0800d598   0x0800d598   0x000000cc   Code   RO         8640    i.xTaskResumeAll    tasks.o
    0x0800d664   0x0800d664   0x00000068   Code   RO         8945    i.xTimerCreateTimerTask  timers.o
    0x0800d6cc   0x0800d6cc   0x00000068   Code   RO         8946    i.xTimerGenericCommand  timers.o
    0x0800d734   0x0800d734   0x00000018   Code   RO         9828    x$fpl$basic         fz_wm.l(basic.o)
    0x0800d74c   0x0800d74c   0x00000062   Code   RO         9830    x$fpl$d2f           fz_wm.l(d2f.o)
    0x0800d7ae   0x0800d7ae   0x00000002   PAD
    0x0800d7b0   0x0800d7b0   0x00000150   Code   RO         9832    x$fpl$dadd          fz_wm.l(daddsub_clz.o)
    0x0800d900   0x0800d900   0x00000010   Code   RO        10095    x$fpl$dcheck1       fz_wm.l(dcheck1.o)
    0x0800d910   0x0800d910   0x00000018   Code   RO         9958    x$fpl$dcmpinf       fz_wm.l(dcmpi.o)
    0x0800d928   0x0800d928   0x000002b0   Code   RO         9839    x$fpl$ddiv          fz_wm.l(ddiv.o)
    0x0800dbd8   0x0800dbd8   0x00000078   Code   RO         9960    x$fpl$deqf          fz_wm.l(deqf.o)
    0x0800dc50   0x0800dc50   0x0000005e   Code   RO         9842    x$fpl$dfix          fz_wm.l(dfix.o)
    0x0800dcae   0x0800dcae   0x00000002   PAD
    0x0800dcb0   0x0800dcb0   0x0000005a   Code   RO         9846    x$fpl$dfixu         fz_wm.l(dfixu.o)
    0x0800dd0a   0x0800dd0a   0x0000002e   Code   RO         9851    x$fpl$dflt          fz_wm.l(dflt_clz.o)
    0x0800dd38   0x0800dd38   0x00000026   Code   RO         9850    x$fpl$dfltu         fz_wm.l(dflt_clz.o)
    0x0800dd5e   0x0800dd5e   0x00000002   PAD
    0x0800dd60   0x0800dd60   0x00000078   Code   RO         9856    x$fpl$dleqf         fz_wm.l(dleqf.o)
    0x0800ddd8   0x0800ddd8   0x00000154   Code   RO         9858    x$fpl$dmul          fz_wm.l(dmul.o)
    0x0800df2c   0x0800df2c   0x0000009c   Code   RO         9962    x$fpl$dnaninf       fz_wm.l(dnaninf.o)
    0x0800dfc8   0x0800dfc8   0x0000000c   Code   RO         9964    x$fpl$dretinf       fz_wm.l(dretinf.o)
    0x0800dfd4   0x0800dfd4   0x0000006c   Code   RO         9860    x$fpl$drleqf        fz_wm.l(drleqf.o)
    0x0800e040   0x0800e040   0x00000016   Code   RO         9833    x$fpl$drsb          fz_wm.l(daddsub_clz.o)
    0x0800e056   0x0800e056   0x00000002   PAD
    0x0800e058   0x0800e058   0x00000198   Code   RO         9966    x$fpl$dsqrt         fz_wm.l(dsqrt_umaal.o)
    0x0800e1f0   0x0800e1f0   0x000001d4   Code   RO         9834    x$fpl$dsub          fz_wm.l(daddsub_clz.o)
    0x0800e3c4   0x0800e3c4   0x00000056   Code   RO         9862    x$fpl$f2d           fz_wm.l(f2d.o)
    0x0800e41a   0x0800e41a   0x0000008c   Code   RO         9974    x$fpl$fnaninf       fz_wm.l(fnaninf.o)
    0x0800e4a6   0x0800e4a6   0x0000000a   Code   RO        10177    x$fpl$fpinit        fz_wm.l(fpinit.o)
    0x0800e4b0   0x0800e4b0   0x0000000a   Code   RO         9976    x$fpl$fretinf       fz_wm.l(fretinf.o)
    0x0800e4ba   0x0800e4ba   0x00000064   Code   RO        10165    x$fpl$retnan        fz_wm.l(retnan.o)
    0x0800e51e   0x0800e51e   0x0000005c   Code   RO         9978    x$fpl$scalbn        fz_wm.l(scalbn.o)
    0x0800e57a   0x0800e57a   0x00000030   Code   RO        10179    x$fpl$trapveneer    fz_wm.l(trapv.o)
    0x0800e5aa   0x0800e5aa   0x00000000   Code   RO         9980    x$fpl$usenofp       fz_wm.l(usenofp.o)
    0x0800e5aa   0x0800e5aa   0x00000002   PAD
    0x0800e5ac   0x0800e5ac   0x000000fc   Data   RO          314    .constdata          freertos.o
    0x0800e6a8   0x0800e6a8   0x0000024c   Data   RO         1301    .constdata          fuzzypid.o
    0x0800e8f4   0x0800e8f4   0x00000300   Data   RO         1528    .constdata          ui.o
    0x0800ebf4   0x0800ebf4   0x00000010   Data   RO         3541    .constdata          system_stm32f4xx.o
    0x0800ec04   0x0800ec04   0x00000008   Data   RO         3542    .constdata          system_stm32f4xx.o
    0x0800ec0c   0x0800ec0c   0x00000008   Data   RO         5676    .constdata          stm32f4xx_hal_dma.o
    0x0800ec14   0x0800ec14   0x00000004   Data   RO         9689    .constdata          vofa.o
    0x0800ec18   0x0800ec18   0x00000088   Data   RO         9907    .constdata          m_wm.l(pow.o)
    0x0800eca0   0x0800eca0   0x00000098   Data   RO         9984    .constdata          m_wm.l(atan.o)
    0x0800ed38   0x0800ed38   0x00000030   Data   RO         9996    .constdata          m_wm.l(cos_i.o)
    0x0800ed68   0x0800ed68   0x00000008   Data   RO        10022    .constdata          m_wm.l(qnan.o)
    0x0800ed70   0x0800ed70   0x000000c8   Data   RO        10025    .constdata          m_wm.l(rred.o)
    0x0800ee38   0x0800ee38   0x00000028   Data   RO        10029    .constdata          m_wm.l(sin_i.o)
    0x0800ee60   0x0800ee60   0x00000097   Data   RO          315    .conststring        freertos.o
    0x0800eef7   0x0800eef7   0x00000001   PAD
    0x0800eef8   0x0800eef8   0x00000020   Data   RO        10250    Region$$Table       anon$$obj.o


    Execution Region RW_IRAM1 (Exec base: 0x20000000, Load base: 0x0800ef18, Size: 0x0000c418, Max: 0x0001c000, ABSOLUTE, COMPRESSED[0x000004a0])

    Exec Addr    Load Addr    Size         Type   Attr      Idx    E Section Name        Object

    0x20000000   COMPRESSED   0x00000030   Data   RW          316    .data               freertos.o
    0x20000030   COMPRESSED   0x00000004   Data   RW          511    .data               can.o
    0x20000034   COMPRESSED   0x00000020   Data   RW         1302    .data               fuzzypid.o
    0x20000054   COMPRESSED   0x00000020   Data   RW         1303    .data               fuzzypid.o
    0x20000074   COMPRESSED   0x00000008   Data   RW         1384    .data               bsp_boardcommunication.o
    0x2000007c   COMPRESSED   0x0000000c   Data   RW         1385    .data               bsp_boardcommunication.o
    0x20000088   COMPRESSED   0x00000304   Data   RW         1435    .data               protocol_judgement.o
    0x2000038c   COMPRESSED   0x00000034   Data   RW         1529    .data               ui.o
    0x200003c0   COMPRESSED   0x00000006   Data   RW         1531    .data               ui.o
    0x200003c6   COMPRESSED   0x00000002   PAD
    0x200003c8   COMPRESSED   0x00000008   Data   RW         1628    .data               bsp_can.o
    0x200003d0   COMPRESSED   0x00000008   Data   RW         1629    .data               bsp_can.o
    0x200003d8   COMPRESSED   0x00000008   Data   RW         1630    .data               bsp_can.o
    0x200003e0   COMPRESSED   0x00000008   Data   RW         1631    .data               bsp_can.o
    0x200003e8   COMPRESSED   0x00000008   Data   RW         1632    .data               bsp_can.o
    0x200003f0   COMPRESSED   0x00000008   Data   RW         1633    .data               bsp_can.o
    0x200003f8   COMPRESSED   0x00000008   Data   RW         1634    .data               bsp_can.o
    0x20000400   COMPRESSED   0x00000001   Data   RW         1635    .data               bsp_can.o
    0x20000401   COMPRESSED   0x00000003   PAD
    0x20000404   COMPRESSED   0x00000008   Data   RW         1684    .data               bsp_delay.o
    0x2000040c   COMPRESSED   0x00000008   Data   RW         1792    .data               bsp_led.o
    0x20000414   COMPRESSED   0x00000001   Data   RW         2001    .data               bsp_usart.o
    0x20000415   COMPRESSED   0x00000003   Data   RW         2045    .data               saber_c3.o
    0x20000418   COMPRESSED   0x00000001   Data   RW         2143    .data               dt7.o
    0x20000419   COMPRESSED   0x00000003   PAD
    0x2000041c   COMPRESSED   0x00000008   Data   RW         2423    .data               m3508_motor.o
    0x20000424   COMPRESSED   0x0000000c   Data   RW         2492    .data               m6020_motor.o
    0x20000430   COMPRESSED   0x00000010   Data   RW         2493    .data               m6020_motor.o
    0x20000440   COMPRESSED   0x0000001c   Data   RW         2682    .data               cloud_control.o
    0x2000045c   COMPRESSED   0x00000008   Data   RW         2782    .data               powercontrol.o
    0x20000464   COMPRESSED   0x00000008   Data   RW         2783    .data               powercontrol.o
    0x2000046c   COMPRESSED   0x00000002   Data   RW         2830    .data               steer_omni_chassis.o
    0x2000046e   COMPRESSED   0x00000002   PAD
    0x20000470   COMPRESSED   0x0000001c   Data   RW         2960    .data               task_led.o
    0x2000048c   COMPRESSED   0x0000002c   Data   RW         3061    .data               task_robotui.o
    0x200004b8   COMPRESSED   0x00000002   Data   RW         3091    .data               task_offlinecheck.o
    0x200004ba   COMPRESSED   0x00000002   PAD
    0x200004bc   COMPRESSED   0x0000001c   Data   RW         3207    .data               usbd_desc.o
    0x200004d8   COMPRESSED   0x00000032   Data   RW         3208    .data               usbd_desc.o
    0x2000050a   COMPRESSED   0x00000002   PAD
    0x2000050c   COMPRESSED   0x00000014   Data   RW         3282    .data               usbd_cdc_if.o
    0x20000520   COMPRESSED   0x00000004   Data   RW         3543    .data               system_stm32f4xx.o
    0x20000524   COMPRESSED   0x0000000c   Data   RW         6121    .data               stm32f4xx_hal.o
    0x20000530   COMPRESSED   0x00000001   Data   RW         7859    .data               usbd_ctlreq.o
    0x20000531   COMPRESSED   0x00000003   PAD
    0x20000534   COMPRESSED   0x00000053   Data   RW         8018    .data               usbd_cdc.o
    0x20000587   COMPRESSED   0x00000001   PAD
    0x20000588   COMPRESSED   0x00000038   Data   RW         8019    .data               usbd_cdc.o
    0x200005c0   COMPRESSED   0x0000003c   Data   RW         8643    .data               tasks.o
    0x200005fc   COMPRESSED   0x00000014   Data   RW         8952    .data               timers.o
    0x20000610   COMPRESSED   0x00000020   Data   RW         9461    .data               heap_4.o
    0x20000630   COMPRESSED   0x0000000c   Data   RW         9517    .data               port.o
    0x2000063c   COMPRESSED   0x00000004   Data   RW         9690    .data               vofa.o
    0x20000640        -       0x000006a8   Zero   RW          313    .bss                freertos.o
    0x20000ce8        -       0x00000050   Zero   RW          510    .bss                can.o
    0x20000d38        -       0x00000020   Zero   RW          582    .bss                rtc.o
    0x20000d58        -       0x00000058   Zero   RW          624    .bss                spi.o
    0x20000db0        -       0x00000048   Zero   RW          667    .bss                tim.o
    0x20000df8        -       0x000002b8   Zero   RW          716    .bss                usart.o
    0x200010b0        -       0x00000048   Zero   RW          928    .bss                stm32f4xx_hal_timebase_tim.o
    0x200010f8        -       0x00000030   Zero   RW         1119    .bss                pid.o
    0x20001128        -       0x0000001c   Zero   RW         1383    .bss                bsp_boardcommunication.o
    0x20001144        -       0x00000224   Zero   RW         1434    .bss                protocol_judgement.o
    0x20001368        -       0x00000200   Zero   RW         1524    .bss                ui.o
    0x20001568        -       0x000000e0   Zero   RW         1627    .bss                bsp_can.o
    0x20001648        -       0x000000fc   Zero   RW         2044    .bss                saber_c3.o
    0x20001744        -       0x00000028   Zero   RW         2142    .bss                dt7.o
    0x2000176c        -       0x00000578   Zero   RW         2421    .bss                m3508_motor.o
    0x20001ce4        -       0x00000640   Zero   RW         2422    .bss                m3508_motor.o
    0x20002324        -       0x000000c8   Zero   RW         2489    .bss                m6020_motor.o
    0x200023ec        -       0x000000c8   Zero   RW         2490    .bss                m6020_motor.o
    0x200024b4        -       0x000000c8   Zero   RW         2491    .bss                m6020_motor.o
    0x2000257c        -       0x00000020   Zero   RW         2556    .bss                m2006_motor.o
    0x2000259c        -       0x000001e8   Zero   RW         2680    .bss                cloud_control.o
    0x20002784        -       0x0000000c   Zero   RW         2781    .bss                powercontrol.o
    0x20002790        -       0x0000002c   Zero   RW         2829    .bss                steer_omni_chassis.o
    0x200027bc        -       0x000002dc   Zero   RW         3150    .bss                usb_device.o
    0x20002a98        -       0x00000200   Zero   RW         3206    .bss                usbd_desc.o
    0x20002c98        -       0x00001000   Zero   RW         3281    .bss                usbd_cdc_if.o
    0x20003c98        -       0x00000704   Zero   RW         3363    .bss                usbd_conf.o
    0x2000439c        -       0x00000040   Zero   RW         8280    .bss                queue.o
    0x200043dc        -       0x000000f0   Zero   RW         8642    .bss                tasks.o
    0x200044cc        -       0x000000e8   Zero   RW         8951    .bss                timers.o
    0x200045b4        -       0x00007800   Zero   RW         9460    .bss                heap_4.o
    0x2000bdb4        -       0x00000060   Zero   RW        10102    .bss                c_w.l(libspace.o)
    0x2000be14   COMPRESSED   0x00000004   PAD
    0x2000be18        -       0x00000200   Zero   RW            2    HEAP                startup_stm32f407xx.o
    0x2000c018        -       0x00000400   Zero   RW            1    STACK               startup_stm32f407xx.o


    Execution Region RW_IRAM2 (Exec base: 0x2001c000, Load base: 0x0800f3b8, Size: 0x00000000, Max: 0x00004000, ABSOLUTE)

    **** No section assigned to this execution region ****


==============================================================================

Image component sizes


      Code (inc. data)   RO Data    RW Data    ZI Data      Debug   Object Name

       484         74          0         20         28       4057   bsp_boardcommunication.o
       348         30          0         57        224       9350   bsp_can.o
        40         14          0          8          0        701   bsp_delay.o
        60          8          0          8          0        632   bsp_led.o
       152         42          0          1          0       1911   bsp_usart.o
       424         42          0          4         80       2646   can.o
       788        126          0         28        488       6288   cloud_control.o
       110          0          0          0          0      22537   cmsis_os.o
       124          4          0          0          0        882   dma.o
       428         50          0          1         40       3072   dt7.o
         0          0          0          0          0      20084   event_groups.o
         0          0          0          0          0       1608   feedforward.o
       664        120        403         48       1704      12632   freertos.o
       666         16        588         64          0       3938   fuzzypid.o
       196         12          0          0          0       1087   gpio.o
       480         26          0         32      30720       5143   heap_4.o
       138          6          0          0          0       1688   kalman_filter.o
       138          0          0          0          0       3714   list.o
         0          0          0          0         32       1917   m2006_motor.o
      1428         66          0          8       3000       6083   m3508_motor.o
       614         28          0         28        600       7168   m6020_motor.o
       250         16          0          0          0     779024   main.o
       608         18          0          0         48       5835   pid.o
       786         84          0         12          0      12205   port.o
       144         28          0         16         12       2384   powercontrol.o
       756         36          0        772        548      11749   protocol_judgement.o
      1622         20          0          0         64      19058   queue.o
       184         16          0          0         32       1751   rtc.o
       264         22          0          3        252       3571   saber_c3.o
       184         22          0          0         88       1793   spi.o
        64         26        392          0       1536        864   startup_stm32f407xx.o
      2678        282          0          2         44       7120   steer_omni_chassis.o
       116         18          0         12          0       8866   stm32f4xx_hal.o
      1766          6          0          0          0      15103   stm32f4xx_hal_can.o
       158         14          0          0          0      33234   stm32f4xx_hal_cortex.o
      1170         14          8          0          0       7706   stm32f4xx_hal_dma.o
       504         50          0          0          0       3608   stm32f4xx_hal_gpio.o
        56          4          0          0          0        902   stm32f4xx_hal_msp.o
      2578         14          0          0          0      14540   stm32f4xx_hal_pcd.o
        76          0          0          0          0       2589   stm32f4xx_hal_pcd_ex.o
      1536         88          0          0          0       7161   stm32f4xx_hal_rcc.o
       328         22          0          0          0       1540   stm32f4xx_hal_rcc_ex.o
       694         22          0          0          0       6180   stm32f4xx_hal_rtc.o
       190          0          0          0          0       1267   stm32f4xx_hal_spi.o
      2174        170          0          0          0      18325   stm32f4xx_hal_tim.o
       148         30          0          0          0       2645   stm32f4xx_hal_tim_ex.o
       140         20          0          0         72       1527   stm32f4xx_hal_timebase_tim.o
      2088         40          0          0          0      17600   stm32f4xx_hal_uart.o
       162         72          0          0          0       9371   stm32f4xx_it.o
      2782        114          0          0          0      24352   stm32f4xx_ll_usb.o
        16          4         24          4          0       1195   system_stm32f4xx.o
       264         32          0          0          0       1318   task_canreceive.o
        40          4          0          0          0        625   task_cansend.o
       272          8          0         28          0       1981   task_led.o
        52         10          0          2          0       1273   task_offlinecheck.o
        60         12          0          0          0       1008   task_robotcontrol.o
      1840        186          0         44          0       1748   task_robotui.o
        56         10          0          0          0       1522   task_vofa.o
      2528        198          0         60        240      30798   tasks.o
       340         36          0          0         72       2524   tim.o
      1024         92          0         20        232      31407   timers.o
      1638         56        768         58        512      17217   ui.o
       776         78          0          0        696       3771   usart.o
        84         18          0          0        732       2683   usb_device.o
      1446         40          0        139          0      15069   usbd_cdc.o
       136         22          0         20       4096       4324   usbd_cdc_if.o
       658         28          0          0       1796      17480   usbd_conf.o
      1050          0          0          0          0      16893   usbd_core.o
      1928         28          0          1          0      18356   usbd_ctlreq.o
       362        110          0         78        512       7193   usbd_desc.o
       132          0          0          0          0       4672   usbd_ioreq.o
         0          0          0          0          0       1004   user_lib.o
       124          8          4          4          0       2051   vofa.o

    ----------------------------------------------------------------------
     46396       2912       2220       1600      48500    1325120   Object Totals
         0          0         32          0          0          0   (incl. Generated)
        82          0          1         18          0          0   (incl. Padding)

    ----------------------------------------------------------------------

      Code (inc. data)   RO Data    RW Data    ZI Data      Debug   Library Member Name

        90          0          0          0          0          0   __dczerorl2.o
         8          0          0          0          0         68   __main.o
         0          0          0          0          0          0   __rtentry.o
        12          0          0          0          0          0   __rtentry2.o
         6          0          0          0          0          0   __rtentry4.o
        52          8          0          0          0          0   __scatter.o
        28          0          0          0          0          0   __scatter_zi.o
        22          0          0          0          0        100   _rserrno.o
        18          0          0          0          0         80   exit.o
         6          0          0          0          0        152   heapauxi.o
         0          0          0          0          0          0   indicate_semi.o
         2          0          0          0          0          0   libinit.o
         6          0          0          0          0          0   libinit2.o
         2          0          0          0          0          0   libshutdown.o
         2          0          0          0          0          0   libshutdown2.o
         8          4          0          0         96         68   libspace.o
       238          0          0          0          0        100   lludivv7m.o
         8          4          0          0          0         68   rt_errno_addr_intlibspace.o
        68          0          0          0          0         68   rt_memclr.o
        78          0          0          0          0         80   rt_memclr_w.o
       138          0          0          0          0         68   rt_memcpy_v6.o
       100          0          0          0          0         80   rt_memcpy_w.o
         2          0          0          0          0          0   rtexit.o
        10          0          0          0          0          0   rtexit2.o
        12          4          0          0          0         68   sys_exit.o
        74          0          0          0          0         80   sys_stackheap_outer.o
         2          0          0          0          0         68   use_no_semi.o
        24          0          0          0          0        164   basic.o
        98          4          0          0          0        140   d2f.o
       826         16          0          0          0        492   daddsub_clz.o
        16          4          0          0          0        116   dcheck1.o
        24          0          0          0          0        116   dcmpi.o
       688        140          0          0          0        256   ddiv.o
       120          4          0          0          0        140   deqf.o
        94          4          0          0          0        140   dfix.o
        90          4          0          0          0        140   dfixu.o
        84          0          0          0          0        232   dflt_clz.o
       120          4          0          0          0        140   dleqf.o
       340         12          0          0          0        152   dmul.o
       156          4          0          0          0        140   dnaninf.o
        12          0          0          0          0        116   dretinf.o
       108          0          0          0          0        128   drleqf.o
       408         56          0          0          0        168   dsqrt_umaal.o
        86          4          0          0          0        132   f2d.o
       140          4          0          0          0        132   fnaninf.o
        10          0          0          0          0        116   fpinit.o
        10          0          0          0          0        116   fretinf.o
       100          0          0          0          0        116   retnan.o
        92          0          0          0          0        116   scalbn.o
        48          0          0          0          0        116   trapv.o
         0          0          0          0          0          0   usenofp.o
       744        106        152          0          0        352   atan.o
       512         64          0          0          0        208   atan2.o
       200         20          0          0          0        164   cos.o
       368         46         48          0          0        200   cos_i.o
       184         44          0          0          0        744   dunder.o
        24          0          0          0          0        124   fabs.o
        48          0          0          0          0        124   fpclassify.o
       248          0          0          0          0        152   poly.o
      3152        296        136          0          0        352   pow.o
         0          0          8          0          0          0   qnan.o
      1080        142        200          0          0        188   rred.o
       200         20          0          0          0        164   sin.o
       304         24         40          0          0        208   sin_i.o
       232          0          0          0          0        296   sqrt.o

    ----------------------------------------------------------------------
     12008       1042        584          0        100       8048   Library Totals
        26          0          0          0          4          0   (incl. Padding)

    ----------------------------------------------------------------------

      Code (inc. data)   RO Data    RW Data    ZI Data      Debug   Library Name

       992         20          0          0         96       1148   c_w.l
      3694        260          0          0          0       3624   fz_wm.l
      7296        762        584          0          0       3276   m_wm.l

    ----------------------------------------------------------------------
     12008       1042        584          0        100       8048   Library Totals

    ----------------------------------------------------------------------

==============================================================================


      Code (inc. data)   RO Data    RW Data    ZI Data      Debug   

     58404       3954       2804       1600      48600    1284448   Grand Totals
     58404       3954       2804       1184      48600    1284448   ELF Image Totals (compressed)
     58404       3954       2804       1184          0          0   ROM Totals

==============================================================================

    Total RO  Size (Code + RO Data)                61208 (  59.77kB)
    Total RW  Size (RW Data + ZI Data)             50200 (  49.02kB)
    Total ROM Size (Code + RO Data + RW Data)      62392 (  60.93kB)

==============================================================================

